89.242.133.209 - - [16/May/2014:00:45:51 +0100] "GET /sites/default/files/color/garland-e28d12bf/menu-leaf.gif HTTP/1.1" 200 175 "http://data.semanticweb.org/person/lora-aroyo/html" "Mozilla/5.0 (Macintosh; Intel Mac OS X 10_9_2) AppleWebKit/537.36 (KHTML, like Gecko) Chrome/34.0.1847.137 Safari/537.36"
89.242.133.209 - - [16/May/2014:00:45:51 +0100] "GET /sites/default/files/color/garland-e28d12bf/menu-collapsed.gif HTTP/1.1" 200 176 "http://data.semanticweb.org/person/lora-aroyo/html" "Mozilla/5.0 (Macintosh; Intel Mac OS X 10_9_2) AppleWebKit/537.36 (KHTML, like Gecko) Chrome/34.0.1847.137 Safari/537.36"
89.242.133.209 - - [16/May/2014:00:45:51 +0100] "GET /modules/openid/login-bg.png HTTP/1.1" 200 223 "http://data.semanticweb.org/person/lora-aroyo/html" "Mozilla/5.0 (Macintosh; Intel Mac OS X 10_9_2) AppleWebKit/537.36 (KHTML, like Gecko) Chrome/34.0.1847.137 Safari/537.36"
89.242.133.209 - - [16/May/2014:00:45:51 +0100] "GET /sites/default/files/color/garland-e28d12bf/bg-content.png HTTP/1.1" 200 264 "http://data.semanticweb.org/person/lora-aroyo/html" "Mozilla/5.0 (Macintosh; Intel Mac OS X 10_9_2) AppleWebKit/537.36 (KHTML, like Gecko) Chrome/34.0.1847.137 Safari/537.36"
89.242.133.209 - - [16/May/2014:00:45:51 +0100] "GET /sites/default/files/color/garland-e28d12bf/bg-content-right.png HTTP/1.1" 200 1945 "http://data.semanticweb.org/person/lora-aroyo/html" "Mozilla/5.0 (Macintosh; Intel Mac OS X 10_9_2) AppleWebKit/537.36 (KHTML, like Gecko) Chrome/34.0.1847.137 Safari/537.36"
89.242.133.209 - - [16/May/2014:00:45:51 +0100] "GET /sites/default/files/color/garland-e28d12bf/bg-content-left.png HTTP/1.1" 200 2071 "http://data.semanticweb.org/person/lora-aroyo/html" "Mozilla/5.0 (Macintosh; Intel Mac OS X 10_9_2) AppleWebKit/537.36 (KHTML, like Gecko) Chrome/34.0.1847.137 Safari/537.36"
140.203.154.206 - - [16/May/2014:00:45:56 +0100] "GET /sparql?query=DESCRIBE+%3Chttp%3A%2F%2Fdata.semanticweb.org%2Fworkshop%2Fom%2F2007%2Fpapers%2F469%3E HTTP/1.0" 200 3815 "-" "-"
208.115.113.92 - - [16/May/2014:00:45:56 +0100] "GET /workshop/om/2007/papers/469/rdf HTTP/1.1" 200 3788 "-" "Mozilla/5.0 (compatible; DotBot/1.1; http://www.opensiteexplorer.org/dotbot, help@moz.com)"
::1 - - [16/May/2014:00:46:08 +0100] "GET /" 400 610 "-" "-"
140.203.154.206 - - [16/May/2014:00:46:09 +0100] "GET /sparql?query=DESCRIBE+%3Chttp%3A%2F%2Fdata.semanticweb.org%2Fworkshop%2Fsemwebdesign%2F2007%2Fpapers%2F509%3E HTTP/1.0" 200 4022 "-" "-"
208.115.113.92 - - [16/May/2014:00:46:09 +0100] "GET /workshop/semwebdesign/2007/papers/509/rdf HTTP/1.1" 200 4022 "-" "Mozilla/5.0 (compatible; DotBot/1.1; http://www.opensiteexplorer.org/dotbot, help@moz.com)"
::1 - - [16/May/2014:00:46:09 +0100] "GET /" 400 610 "-" "-"
::1 - - [16/May/2014:00:46:10 +0100] "GET /" 400 610 "-" "-"
::1 - - [16/May/2014:00:46:11 +0100] "GET /" 400 610 "-" "-"
78.46.73.98 - - [16/May/2014:00:46:17 +0100] "GET /conference/eswc/2013/paper/eswc-2013/204/authorlist HTTP/1.1" 404 4518 "-" "EasyRdf_Http_Client"
78.46.73.98 - - [16/May/2014:00:46:18 +0100] "GET /conference/eswc/2013/paper/eswc-2013/204/authorlist HTTP/1.1" 404 4518 "-" "EasyRdf_Http_Client"
140.203.154.206 - - [16/May/2014:00:46:20 +0100] "GET /sparql?query=DESCRIBE+%3Chttp%3A%2F%2Fdata.semanticweb.org%2Fworkshop%2Fwac7%2F2012%2Fpaper%2F4%3E HTTP/1.0" 200 3135 "-" "-"
208.115.113.92 - - [16/May/2014:00:46:19 +0100] "GET /workshop/wac7/2012/paper/4/rdf HTTP/1.1" 200 3293 "-" "Mozilla/5.0 (compatible; DotBot/1.1; http://www.opensiteexplorer.org/dotbot, help@moz.com)"
62.24.181.135 - - [16/May/2014:00:46:20 +0100] "GET /robots.txt HTTP/1.0" 200 1641 "http://data.semanticweb.org/robots.txt" "Mozilla/4.0 (compatible; MSIE 8.0; Windows NT 5.1; Trident/4.0; .NET CLR 2.0.50727; .NET CLR 3.0.04506.648; .NET CLR 3.5.21022; .NET CLR 3.0.4506.2152; .NET CLR 3.5.30729; InfoPath.2)"
62.24.181.135 - - [16/May/2014:00:46:20 +0100] "GET /person/lora-aroyo HTTP/1.0" 303 9938 "http://data.semanticweb.org/person/lora-aroyo" "Mozilla/4.0 (compatible; MSIE 8.0; Windows NT 5.1; Trident/4.0; .NET CLR 2.0.50727; .NET CLR 3.0.04506.648; .NET CLR 3.5.21022; .NET CLR 3.0.4506.2152; .NET CLR 3.5.30729; InfoPath.2)"
62.24.181.135 - - [16/May/2014:00:46:21 +0100] "GET /misc/drupal.js HTTP/1.0" 200 9774 "http://data.semanticweb.org/misc/drupal.js" "Mozilla/4.0 (compatible; MSIE 8.0; Windows NT 5.1; Trident/4.0; .NET CLR 2.0.50727; .NET CLR 3.0.04506.648; .NET CLR 3.5.21022; .NET CLR 3.0.4506.2152; .NET CLR 3.5.30729; InfoPath.2)"
62.24.181.135 - - [16/May/2014:00:46:21 +0100] "GET /robots.txt HTTP/1.0" 200 1641 "http://data.semanticweb.org/robots.txt" "Mozilla/4.0 (compatible; MSIE 8.0; Windows NT 5.1; Trident/4.0; .NET CLR 2.0.50727; .NET CLR 3.0.04506.648; .NET CLR 3.5.21022; .NET CLR 3.0.4506.2152; .NET CLR 3.5.30729; InfoPath.2)"
62.24.181.135 - - [16/May/2014:00:46:22 +0100] "GET /robots.txt HTTP/1.0" 200 1641 "http://data.semanticweb.org/robots.txt" "Mozilla/4.0 (compatible; MSIE 8.0; Windows NT 5.1; Trident/4.0; .NET CLR 2.0.50727; .NET CLR 3.0.04506.648; .NET CLR 3.5.21022; .NET CLR 3.0.4506.2152; .NET CLR 3.5.30729; InfoPath.2)"
62.24.181.135 - - [16/May/2014:00:46:22 +0100] "GET /sites/all/modules/mollom/mollom.js HTTP/1.0" 200 1510 "http://data.semanticweb.org/sites/all/modules/mollom/mollom.js" "Mozilla/4.0 (compatible; MSIE 8.0; Windows NT 5.1; Trident/4.0; .NET CLR 2.0.50727; .NET CLR 3.0.04506.648; .NET CLR 3.5.21022; .NET CLR 3.0.4506.2152; .NET CLR 3.5.30729; InfoPath.2)"
62.24.181.135 - - [16/May/2014:00:46:22 +0100] "GET /sites/all/modules/google_analytics/googleanalytics.js HTTP/1.0" 200 2268 "http://data.semanticweb.org/sites/all/modules/google_analytics/googleanalytics.js" "Mozilla/4.0 (compatible; MSIE 8.0; Windows NT 5.1; Trident/4.0; .NET CLR 2.0.50727; .NET CLR 3.0.04506.648; .NET CLR 3.5.21022; .NET CLR 3.0.4506.2152; .NET CLR 3.5.30729; InfoPath.2)"
62.24.181.134 - - [16/May/2014:00:46:22 +0100] "GET /robots.txt HTTP/1.0" 200 1641 "http://data.semanticweb.org/robots.txt" "Mozilla/4.0 (compatible; MSIE 8.0; Windows NT 5.1; Trident/4.0; .NET CLR 2.0.50727; .NET CLR 3.0.04506.648; .NET CLR 3.5.21022; .NET CLR 3.0.4506.2152; .NET CLR 3.5.30729; InfoPath.2)"
62.24.181.134 - - [16/May/2014:00:46:22 +0100] "GET /person/lora-aroyo/html HTTP/1.0" 200 18854 "http://data.semanticweb.org/person/lora-aroyo/html" "Mozilla/4.0 (compatible; MSIE 8.0; Windows NT 5.1; Trident/4.0; .NET CLR 2.0.50727; .NET CLR 3.0.04506.648; .NET CLR 3.5.21022; .NET CLR 3.0.4506.2152; .NET CLR 3.5.30729; InfoPath.2)"
78.46.73.98 - - [16/May/2014:00:46:25 +0100] "GET /person/benedikt-kaempgen HTTP/1.1" 303 9966 "-" "EasyRdf_Http_Client"
140.203.154.206 - - [16/May/2014:00:46:25 +0100] "GET /sparql?query=DESCRIBE+%3Chttp%3A%2F%2Fdata.semanticweb.org%2Fperson%2Fbenedikt-kaempgen%3E HTTP/1.0" 200 2060 "-" "-"
78.46.73.98 - - [16/May/2014:00:46:25 +0100] "GET /person/benedikt-kaempgen/rdf HTTP/1.1" 200 2177 "-" "EasyRdf_Http_Client"
208.115.113.92 - - [16/May/2014:00:46:30 +0100] "GET /workshop/wic/2012/complete HTTP/1.1" 404 373 "-" "Mozilla/5.0 (compatible; DotBot/1.1; http://www.opensiteexplorer.org/dotbot, help@moz.com)"
140.203.154.206 - - [16/May/2014:00:46:41 +0100] "GET /sparql?query=DESCRIBE+%3Chttp%3A%2F%2Fdata.semanticweb.org%2Fworkshop%2Fwsrest%2F2012%2Fpaper%2F21%3E HTTP/1.0" 200 2974 "-" "-"
208.115.113.92 - - [16/May/2014:00:46:41 +0100] "GET /workshop/wsrest/2012/paper/21/rdf HTTP/1.1" 200 3134 "-" "Mozilla/5.0 (compatible; DotBot/1.1; http://www.opensiteexplorer.org/dotbot, help@moz.com)"
140.203.154.206 - - [16/May/2014:00:46:52 +0100] "GET /sparql?query=DESCRIBE+%3Chttp%3A%2F%2Fdata.semanticweb.org%2Forganization%2Funiversita-cattolica-del-sacro-cuore-milan%3E HTTP/1.0" 200 1653 "-" "-"
208.115.113.92 - - [16/May/2014:00:46:52 +0100] "GET /organization/universita-cattolica-del-sacro-cuore-milan/rdf HTTP/1.1" 200 1780 "-" "Mozilla/5.0 (compatible; DotBot/1.1; http://www.opensiteexplorer.org/dotbot, help@moz.com)"
140.203.154.206 - - [16/May/2014:00:47:03 +0100] "GET /sparql?query=DESCRIBE+%3Chttp%3A%2F%2Fdata.semanticweb.org%2Forganization%2Funiversity-of-applied-sciences-northwestern-switzerland%3E HTTP/1.0" 200 3141 "-" "-"
208.115.113.92 - - [16/May/2014:00:47:02 +0100] "GET /organization/university-of-applied-sciences-northwestern-switzerland/rdf HTTP/1.1" 200 3078 "-" "Mozilla/5.0 (compatible; DotBot/1.1; http://www.opensiteexplorer.org/dotbot, help@moz.com)"
78.46.73.98 - - [16/May/2014:00:47:09 +0100] "GET /organization/karlsruhe-institute-of-technology HTTP/1.1" 303 10060 "-" "EasyRdf_Http_Client"
140.203.154.206 - - [16/May/2014:00:47:10 +0100] "GET /sparql?query=DESCRIBE+%3Chttp%3A%2F%2Fdata.semanticweb.org%2Forganization%2Fkarlsruhe-institute-of-technology%3E HTTP/1.0" 200 34713 "-" "-"
78.46.73.98 - - [16/May/2014:00:47:10 +0100] "GET /organization/karlsruhe-institute-of-technology/rdf HTTP/1.1" 200 29344 "-" "EasyRdf_Http_Client"
140.203.154.206 - - [16/May/2014:00:47:13 +0100] "GET /sparql?query=DESCRIBE+%3Chttp%3A%2F%2Fdata.semanticweb.org%2Forganization%2Funiversity-of-science-technology%3E HTTP/1.0" 200 994 "-" "-"
208.115.113.92 - - [16/May/2014:00:47:13 +0100] "GET /organization/university-of-science-technology/rdf HTTP/1.1" 200 1216 "-" "Mozilla/5.0 (compatible; DotBot/1.1; http://www.opensiteexplorer.org/dotbot, help@moz.com)"
157.55.36.45 - - [16/May/2014:00:47:21 +0100] "GET /conference/www/2008/paper/497/html HTTP/1.1" 200 14923 "-" "Mozilla/5.0 (compatible; bingbot/2.0; +http://www.bing.com/bingbot.htm)"
140.203.154.206 - - [16/May/2014:00:47:24 +0100] "GET /sparql?query=DESCRIBE+%3Chttp%3A%2F%2Fdata.semanticweb.org%2Forganization%2Funiversity-of-west-london%3E HTTP/1.0" 200 1540 "-" "-"
208.115.113.92 - - [16/May/2014:00:47:24 +0100] "GET /organization/university-of-west-london/rdf HTTP/1.1" 200 1667 "-" "Mozilla/5.0 (compatible; DotBot/1.1; http://www.opensiteexplorer.org/dotbot, help@moz.com)"
140.203.154.206 - - [16/May/2014:00:47:36 +0100] "GET /sparql?query=DESCRIBE+%3Chttp%3A%2F%2Fdata.semanticweb.org%2Forganization%2Funivesity-of-shizuoka%3E HTTP/1.0" 200 1009 "-" "-"
208.115.113.92 - - [16/May/2014:00:47:36 +0100] "GET /organization/univesity-of-shizuoka/rdf HTTP/1.1" 200 1225 "-" "Mozilla/5.0 (compatible; DotBot/1.1; http://www.opensiteexplorer.org/dotbot, help@moz.com)"
140.203.154.206 - - [16/May/2014:00:47:41 +0100] "GET /sparql?query=DESCRIBE+%3Chttp%3A%2F%2Fdata.semanticweb.org%2Forganization%2Fbasque-country-university%3E HTTP/1.0" 200 10117 "-" "-"
68.180.224.172 - - [16/May/2014:00:47:41 +0100] "GET /organization/basque-country-university/rdf HTTP/1.1" 200 8688 "-" "Mozilla/5.0 (compatible; Yahoo! Slurp; http://help.yahoo.com/help/us/ysearch/slurp)"
208.115.113.92 - - [16/May/2014:00:47:47 +0100] "GET /person/a-min-tjoa HTTP/1.1" 303 9938 "-" "Mozilla/5.0 (compatible; DotBot/1.1; http://www.opensiteexplorer.org/dotbot, help@moz.com)"
140.203.154.206 - - [16/May/2014:00:48:00 +0100] "GET /sparql?query=DESCRIBE+%3Chttp%3A%2F%2Fdata.semanticweb.org%2Fperson%2Falexander-garcia-castro%3E HTTP/1.0" 200 5186 "-" "-"
208.115.113.92 - - [16/May/2014:00:48:00 +0100] "GET /person/alexander-garcia-castro/rdf HTTP/1.1" 200 4704 "-" "Mozilla/5.0 (compatible; DotBot/1.1; http://www.opensiteexplorer.org/dotbot, help@moz.com)"
208.115.113.92 - - [16/May/2014:00:48:11 +0100] "GET /person/amit-yadav HTTP/1.1" 303 9938 "-" "Mozilla/5.0 (compatible; DotBot/1.1; http://www.opensiteexplorer.org/dotbot, help@moz.com)"
140.203.154.206 - - [16/May/2014:00:48:23 +0100] "GET /sparql?query=DESCRIBE+%3Chttp%3A%2F%2Fdata.semanticweb.org%2Fperson%2Fandreas-harth%3E HTTP/1.0" 200 35064 "-" "-"
208.115.113.92 - - [16/May/2014:00:48:23 +0100] "GET /person/andreas-harth/rdf HTTP/1.1" 200 29144 "-" "Mozilla/5.0 (compatible; DotBot/1.1; http://www.opensiteexplorer.org/dotbot, help@moz.com)"
140.203.154.206 - - [16/May/2014:00:48:35 +0100] "GET /sparql?query=DESCRIBE+%3Chttp%3A%2F%2Fdata.semanticweb.org%2Fperson%2Farash-shaban-nejad%3E HTTP/1.0" 200 2713 "-" "-"
208.115.113.92 - - [16/May/2014:00:48:34 +0100] "GET /person/arash-shaban-nejad/rdf HTTP/1.1" 200 2691 "-" "Mozilla/5.0 (compatible; DotBot/1.1; http://www.opensiteexplorer.org/dotbot, help@moz.com)"
208.115.113.92 - - [16/May/2014:00:48:45 +0100] "GET /person/bill-mcdaniel HTTP/1.1" 303 9950 "-" "Mozilla/5.0 (compatible; DotBot/1.1; http://www.opensiteexplorer.org/dotbot, help@moz.com)"
208.115.113.92 - - [16/May/2014:00:49:13 +0100] "GET /person/bruno-bachimont HTTP/1.1" 303 9958 "-" "Mozilla/5.0 (compatible; DotBot/1.1; http://www.opensiteexplorer.org/dotbot, help@moz.com)"
23.105.85.84 - - [16/May/2014:00:49:08 +0100] "GET /papers/ HTTP/1.0" 200 719481 "http://www.data.semanticweb.org/" "Mozilla/4.0 (compatible; MSIE 6.0; Windows NT 5.1; SV1; FunWebProducts; .NET CLR 1.1.4322; PeoplePal 6.2)"
23.105.85.84 - - [16/May/2014:00:49:29 +0100] "GET /?q=node/add HTTP/1.0" 403 8818 "http://www.data.semanticweb.org/" "Mozilla/4.0 (compatible; MSIE 6.0; Windows NT 5.1; SV1; FunWebProducts; .NET CLR 1.1.4322; PeoplePal 6.2)"
23.105.85.84 - - [16/May/2014:00:49:31 +0100] "GET /user/register HTTP/1.0" 200 11618 "http://www.data.semanticweb.org/?q=node/add" "Mozilla/4.0 (compatible; MSIE 6.0; Windows NT 5.1; SV1; FunWebProducts; .NET CLR 1.1.4322; PeoplePal 6.2)"
23.105.85.84 - - [16/May/2014:00:49:34 +0100] "GET /papers/ HTTP/1.0" 200 719481 "http://www.data.semanticweb.org/user/register" "Mozilla/4.0 (compatible; MSIE 6.0; Windows NT 5.1; SV1; FunWebProducts; .NET CLR 1.1.4322; PeoplePal 6.2)"
23.105.85.84 - - [16/May/2014:00:50:01 +0100] "GET /?q=node/add HTTP/1.0" 403 8818 "http://www.data.semanticweb.org/" "Mozilla/4.0 (compatible; MSIE 6.0; Windows NT 5.1; SV1; FunWebProducts; .NET CLR 1.1.4322; PeoplePal 6.2)"
140.203.154.206 - - [16/May/2014:00:50:02 +0100] "GET /sparql?query=DESCRIBE+%3Chttp%3A%2F%2Fdata.semanticweb.org%2Fperson%2Fchristoph-einsiedler%3E HTTP/1.0" 200 1861 "-" "-"
208.115.113.92 - - [16/May/2014:00:50:02 +0100] "GET /person/christoph-einsiedler/rdf HTTP/1.1" 200 1953 "-" "Mozilla/5.0 (compatible; DotBot/1.1; http://www.opensiteexplorer.org/dotbot, help@moz.com)"
23.105.85.84 - - [16/May/2014:00:50:03 +0100] "GET /user/register HTTP/1.0" 200 11618 "http://www.data.semanticweb.org/?q=node/add" "Mozilla/4.0 (compatible; MSIE 6.0; Windows NT 5.1; SV1; FunWebProducts; .NET CLR 1.1.4322; PeoplePal 6.2)"
208.115.113.92 - - [16/May/2014:00:50:12 +0100] "GET /person/daniela-florescu HTTP/1.1" 303 9962 "-" "Mozilla/5.0 (compatible; DotBot/1.1; http://www.opensiteexplorer.org/dotbot, help@moz.com)"
183.60.212.139 - - [16/May/2014:00:50:19 +0100] "GET /conference/iswc/2010/html HTTP/1.1" 200 84002 "-" "Mozilla/5.0 (compatible; EasouSpider; +http://www.easou.com/search/spider.html)"
140.203.154.206 - - [16/May/2014:00:50:24 +0100] "GET /sparql?query=DESCRIBE+%3Chttp%3A%2F%2Fdata.semanticweb.org%2Fperson%2Fdiana-maynard%3E HTTP/1.0" 200 24086 "-" "-"
208.115.113.92 - - [16/May/2014:00:50:23 +0100] "GET /person/diana-maynard/rdf HTTP/1.1" 200 19741 "-" "Mozilla/5.0 (compatible; DotBot/1.1; http://www.opensiteexplorer.org/dotbot, help@moz.com)"
23.81.206.18 - - [16/May/2014:00:50:09 +0100] "GET /papers/ HTTP/1.0" 200 719481 "http://www.data.semanticweb.org/user/register" "Mozilla/4.0 (compatible; MSIE 6.0; Windows NT 5.1; SV1; FunWebProducts; .NET CLR 1.1.4322; PeoplePal 6.2)"
23.81.206.18 - - [16/May/2014:00:50:30 +0100] "GET /?q=node/add HTTP/1.0" 403 8818 "http://www.data.semanticweb.org/" "Mozilla/4.0 (compatible; MSIE 6.0; Windows NT 5.1; SV1; FunWebProducts; .NET CLR 1.1.4322; PeoplePal 6.2)"
180.76.5.192 - - [16/May/2014:00:50:31 +0100] "GET /blog HTTP/1.1" 200 23219 "-" "Mozilla/5.0 (compatible; Baiduspider/2.0; +http://www.baidu.com/search/spider.html)"
23.81.206.18 - - [16/May/2014:00:50:33 +0100] "GET /user/register HTTP/1.0" 200 11618 "http://www.data.semanticweb.org/?q=node/add" "Mozilla/4.0 (compatible; MSIE 6.0; Windows NT 5.1; SV1; FunWebProducts; .NET CLR 1.1.4322; PeoplePal 6.2)"
208.115.113.92 - - [16/May/2014:00:50:35 +0100] "GET /person/enrico-franconi HTTP/1.1" 303 9958 "-" "Mozilla/5.0 (compatible; DotBot/1.1; http://www.opensiteexplorer.org/dotbot, help@moz.com)"
23.81.206.18 - - [16/May/2014:00:50:36 +0100] "POST /user/register HTTP/1.0" 200 11807 "http://www.data.semanticweb.org/user/register" "Mozilla/4.0 (compatible; MSIE 6.0; Windows NT 5.1; SV1; FunWebProducts; .NET CLR 1.1.4322; PeoplePal 6.2)"
23.105.54.16 - - [16/May/2014:00:50:38 +0100] "GET /user/register HTTP/1.0" 200 11618 "http://www.data.semanticweb.org/user/register" "Mozilla/4.0 (compatible; MSIE 6.0; Windows NT 5.1; SV1; FunWebProducts; .NET CLR 1.1.4322; PeoplePal 6.2)"
23.105.54.16 - - [16/May/2014:00:50:40 +0100] "GET /?q=node/add HTTP/1.0" 403 8818 "http://www.data.semanticweb.org/" "Mozilla/4.0 (compatible; MSIE 6.0; Windows NT 5.1; SV1; FunWebProducts; .NET CLR 1.1.4322; PeoplePal 6.2)"
23.105.54.16 - - [16/May/2014:00:50:42 +0100] "GET /user/register HTTP/1.0" 200 11618 "http://www.data.semanticweb.org/?q=node/add" "Mozilla/4.0 (compatible; MSIE 6.0; Windows NT 5.1; SV1; FunWebProducts; .NET CLR 1.1.4322; PeoplePal 6.2)"
140.203.154.206 - - [16/May/2014:00:50:46 +0100] "GET /sparql?query=DESCRIBE+%3Chttp%3A%2F%2Fdata.semanticweb.org%2Fperson%2Fferoz-farazi%3E HTTP/1.0" 200 4706 "-" "-"
208.115.113.92 - - [16/May/2014:00:50:45 +0100] "GET /person/feroz-farazi/rdf HTTP/1.1" 200 4291 "-" "Mozilla/5.0 (compatible; DotBot/1.1; http://www.opensiteexplorer.org/dotbot, help@moz.com)"
208.115.113.92 - - [16/May/2014:00:51:02 +0100] "GET /person/holger-stenzhorn HTTP/1.1" 303 9962 "-" "Mozilla/5.0 (compatible; DotBot/1.1; http://www.opensiteexplorer.org/dotbot, help@moz.com)"
78.46.73.98 - - [16/May/2014:00:51:02 +0100] "GET /person/benedikt-kaempgen HTTP/1.1" 303 9966 "-" "EasyRdf_Http_Client"
140.203.154.206 - - [16/May/2014:00:51:03 +0100] "GET /sparql?query=DESCRIBE+%3Chttp%3A%2F%2Fdata.semanticweb.org%2Fperson%2Fbenedikt-kaempgen%3E HTTP/1.0" 200 2060 "-" "-"
78.46.73.98 - - [16/May/2014:00:51:03 +0100] "GET /person/benedikt-kaempgen/rdf HTTP/1.1" 200 2177 "-" "EasyRdf_Http_Client"
101.255.66.10 - - [16/May/2014:00:50:15 +0100] "GET /conference/www/2008/complete HTTP/1.1" 200 790608 "http://data.semanticweb.org/" "Mozilla/4.0 (compatible; MSIE 6.0; Windows NT 5.1; SV1; FunWebProducts; .NET CLR 1.1.4322; PeoplePal 6.2)"
140.203.154.206 - - [16/May/2014:00:51:13 +0100] "GET /sparql?query=DESCRIBE+%3Chttp%3A%2F%2Fdata.semanticweb.org%2Fperson%2Fhuajie-zhang%3E HTTP/1.0" 200 2243 "-" "-"
208.115.113.92 - - [16/May/2014:00:51:13 +0100] "GET /person/huajie-zhang/rdf HTTP/1.1" 200 2272 "-" "Mozilla/5.0 (compatible; DotBot/1.1; http://www.opensiteexplorer.org/dotbot, help@moz.com)"
140.203.154.206 - - [16/May/2014:00:51:24 +0100] "GET /sparql?query=DESCRIBE+%3Chttp%3A%2F%2Fdata.semanticweb.org%2Fperson%2Fjacky-snoep%3E HTTP/1.0" 200 3439 "-" "-"
208.115.113.92 - - [16/May/2014:00:51:24 +0100] "GET /person/jacky-snoep/rdf HTTP/1.1" 200 3207 "-" "Mozilla/5.0 (compatible; DotBot/1.1; http://www.opensiteexplorer.org/dotbot, help@moz.com)"
140.203.154.206 - - [16/May/2014:00:51:35 +0100] "GET /sparql?query=DESCRIBE+%3Chttp%3A%2F%2Fdata.semanticweb.org%2Fperson%2Fkatharina-reinecke%3E HTTP/1.0" 200 2306 "-" "-"
208.115.113.92 - - [16/May/2014:00:51:34 +0100] "GET /person/katharina-reinecke/rdf HTTP/1.1" 200 2335 "-" "Mozilla/5.0 (compatible; DotBot/1.1; http://www.opensiteexplorer.org/dotbot, help@moz.com)"
140.203.154.206 - - [16/May/2014:00:51:48 +0100] "GET /sparql?query=DESCRIBE+%3Chttp%3A%2F%2Fdata.semanticweb.org%2Fperson%2Fkeith-alexander%3E HTTP/1.0" 200 1466 "-" "-"
208.115.113.92 - - [16/May/2014:00:51:48 +0100] "GET /person/keith-alexander/rdf HTTP/1.1" 200 1584 "-" "Mozilla/5.0 (compatible; DotBot/1.1; http://www.opensiteexplorer.org/dotbot, help@moz.com)"
140.203.154.206 - - [16/May/2014:00:51:59 +0100] "GET /sparql?query=DESCRIBE+%3Chttp%3A%2F%2Fdata.semanticweb.org%2Fperson%2Fkrishnamurthy-koduvayur-viswanathan%3E HTTP/1.0" 200 2308 "-" "-"
208.115.113.92 - - [16/May/2014:00:51:58 +0100] "GET /person/krishnamurthy-koduvayur-viswanathan/rdf HTTP/1.1" 200 2268 "-" "Mozilla/5.0 (compatible; DotBot/1.1; http://www.opensiteexplorer.org/dotbot, help@moz.com)"
64.120.55.185 - - [16/May/2014:00:52:01 +0100] "GET /wordpress/wordpress/wp-admin/ HTTP/1.1" 404 4518 "-" "-"
140.203.154.206 - - [16/May/2014:00:52:09 +0100] "GET /sparql?query=DESCRIBE+%3Chttp%3A%2F%2Fdata.semanticweb.org%2Fperson%2Flianli-gao%3E HTTP/1.0" 200 2015 "-" "-"
208.115.113.92 - - [16/May/2014:00:52:09 +0100] "GET /person/lianli-gao/rdf HTTP/1.1" 200 2098 "-" "Mozilla/5.0 (compatible; DotBot/1.1; http://www.opensiteexplorer.org/dotbot, help@moz.com)"
208.115.113.92 - - [16/May/2014:00:52:20 +0100] "GET /person/lucia-specia HTTP/1.1" 303 9946 "-" "Mozilla/5.0 (compatible; DotBot/1.1; http://www.opensiteexplorer.org/dotbot, help@moz.com)"
208.115.113.92 - - [16/May/2014:00:52:39 +0100] "GET /person/marco-schorlemmer HTTP/1.1" 303 9966 "-" "Mozilla/5.0 (compatible; DotBot/1.1; http://www.opensiteexplorer.org/dotbot, help@moz.com)"
208.115.113.82 - - [16/May/2014:00:52:46 +0100] "GET /robots.txt HTTP/1.1" 200 1641 "-" "Mozilla/5.0 (compatible; DotBot/1.1; http://www.opensiteexplorer.org/dotbot, help@moz.com)"
78.46.73.98 - - [16/May/2014:00:53:04 +0100] "GET /person/denny-vrandecic HTTP/1.1" 303 9962 "-" "EasyRdf_Http_Client"
140.203.154.206 - - [16/May/2014:00:53:05 +0100] "GET /sparql?query=DESCRIBE+%3Chttp%3A%2F%2Fdata.semanticweb.org%2Fperson%2Fdenny-vrandecic%3E HTTP/1.0" 200 24277 "-" "-"
78.46.73.98 - - [16/May/2014:00:53:04 +0100] "GET /person/denny-vrandecic/rdf HTTP/1.1" 200 20214 "-" "EasyRdf_Http_Client"
218.94.142.110 - - [16/May/2014:00:53:50 +0100] "GET /person/steve-hunt HTTP/1.1" 303 9938 "-" "Mozilla/5.0 (compatible; Falconsbot; +http://ws.nju.edu.cn/falcons/)"
140.203.154.206 - - [16/May/2014:00:53:51 +0100] "GET /sparql?query=DESCRIBE+%3Chttp%3A%2F%2Fdata.semanticweb.org%2Fperson%2Fsteve-hunt%3E HTTP/1.0" 200 1725 "-" "-"
218.94.142.110 - - [16/May/2014:00:53:50 +0100] "GET /person/steve-hunt/rdf HTTP/1.1" 200 1806 "-" "Mozilla/5.0 (compatible; Falconsbot; +http://ws.nju.edu.cn/falcons/)"
178.255.215.89 - - [16/May/2014:00:55:46 +0100] "GET /conference/eswc/2012/paper/demonstation/323 HTTP/1.1" 303 10832 "-" "Mozilla/5.0 (compatible; Exabot/3.0 (BiggerBetter); +http://www.exabot.com/go/robot)"
93.220.117.82 - - [16/May/2014:00:55:55 +0100] "GET / HTTP/1.1" 200 11484 "-" "Mozilla/5.0 (Macintosh; Intel Mac OS X 10_9_2) AppleWebKit/537.75.14 (KHTML, like Gecko) Version/7.0.3 Safari/537.75.14"
93.220.117.82 - - [16/May/2014:00:55:55 +0100] "GET /modules/system/system-menus.css?j HTTP/1.1" 304 - "http://data.semanticweb.org/" "Mozilla/5.0 (Macintosh; Intel Mac OS X 10_9_2) AppleWebKit/537.75.14 (KHTML, like Gecko) Version/7.0.3 Safari/537.75.14"
93.220.117.82 - - [16/May/2014:00:55:55 +0100] "GET /modules/book/book.css?j HTTP/1.1" 304 - "http://data.semanticweb.org/" "Mozilla/5.0 (Macintosh; Intel Mac OS X 10_9_2) AppleWebKit/537.75.14 (KHTML, like Gecko) Version/7.0.3 Safari/537.75.14"
93.220.117.82 - - [16/May/2014:00:55:55 +0100] "GET /modules/system/defaults.css?j HTTP/1.1" 304 - "http://data.semanticweb.org/" "Mozilla/5.0 (Macintosh; Intel Mac OS X 10_9_2) AppleWebKit/537.75.14 (KHTML, like Gecko) Version/7.0.3 Safari/537.75.14"
93.220.117.82 - - [16/May/2014:00:55:55 +0100] "GET /modules/system/system.css?j HTTP/1.1" 304 - "http://data.semanticweb.org/" "Mozilla/5.0 (Macintosh; Intel Mac OS X 10_9_2) AppleWebKit/537.75.14 (KHTML, like Gecko) Version/7.0.3 Safari/537.75.14"
93.220.117.82 - - [16/May/2014:00:55:55 +0100] "GET /modules/node/node.css?j HTTP/1.1" 304 - "http://data.semanticweb.org/" "Mozilla/5.0 (Macintosh; Intel Mac OS X 10_9_2) AppleWebKit/537.75.14 (KHTML, like Gecko) Version/7.0.3 Safari/537.75.14"
93.220.117.82 - - [16/May/2014:00:55:55 +0100] "GET /modules/user/user.css?j HTTP/1.1" 304 - "http://data.semanticweb.org/" "Mozilla/5.0 (Macintosh; Intel Mac OS X 10_9_2) AppleWebKit/537.75.14 (KHTML, like Gecko) Version/7.0.3 Safari/537.75.14"
93.220.117.82 - - [16/May/2014:00:55:55 +0100] "GET /sites/all/modules/cck/theme/content-module.css?j HTTP/1.1" 304 - "http://data.semanticweb.org/" "Mozilla/5.0 (Macintosh; Intel Mac OS X 10_9_2) AppleWebKit/537.75.14 (KHTML, like Gecko) Version/7.0.3 Safari/537.75.14"
93.220.117.82 - - [16/May/2014:00:55:55 +0100] "GET /sites/all/modules/mollom/mollom.css?j HTTP/1.1" 304 - "http://data.semanticweb.org/" "Mozilla/5.0 (Macintosh; Intel Mac OS X 10_9_2) AppleWebKit/537.75.14 (KHTML, like Gecko) Version/7.0.3 Safari/537.75.14"
93.220.117.82 - - [16/May/2014:00:55:55 +0100] "GET /modules/openid/openid.css?j HTTP/1.1" 304 - "http://data.semanticweb.org/" "Mozilla/5.0 (Macintosh; Intel Mac OS X 10_9_2) AppleWebKit/537.75.14 (KHTML, like Gecko) Version/7.0.3 Safari/537.75.14"
93.220.117.82 - - [16/May/2014:00:55:55 +0100] "GET /themes/garland/print.css?j HTTP/1.1" 304 - "http://data.semanticweb.org/" "Mozilla/5.0 (Macintosh; Intel Mac OS X 10_9_2) AppleWebKit/537.75.14 (KHTML, like Gecko) Version/7.0.3 Safari/537.75.14"
93.220.117.82 - - [16/May/2014:00:55:55 +0100] "GET /sites/default/files/color/garland-e28d12bf/style.css?j HTTP/1.1" 304 - "http://data.semanticweb.org/" "Mozilla/5.0 (Macintosh; Intel Mac OS X 10_9_2) AppleWebKit/537.75.14 (KHTML, like Gecko) Version/7.0.3 Safari/537.75.14"
93.220.117.82 - - [16/May/2014:00:55:56 +0100] "GET /misc/jquery.js?j HTTP/1.1" 304 - "http://data.semanticweb.org/" "Mozilla/5.0 (Macintosh; Intel Mac OS X 10_9_2) AppleWebKit/537.75.14 (KHTML, like Gecko) Version/7.0.3 Safari/537.75.14"
93.220.117.82 - - [16/May/2014:00:55:56 +0100] "GET /sites/all/modules/google_analytics/googleanalytics.js?j HTTP/1.1" 304 - "http://data.semanticweb.org/" "Mozilla/5.0 (Macintosh; Intel Mac OS X 10_9_2) AppleWebKit/537.75.14 (KHTML, like Gecko) Version/7.0.3 Safari/537.75.14"
93.220.117.82 - - [16/May/2014:00:55:56 +0100] "GET /sites/all/modules/mollom/mollom.js?j HTTP/1.1" 304 - "http://data.semanticweb.org/" "Mozilla/5.0 (Macintosh; Intel Mac OS X 10_9_2) AppleWebKit/537.75.14 (KHTML, like Gecko) Version/7.0.3 Safari/537.75.14"
93.220.117.82 - - [16/May/2014:00:55:56 +0100] "GET /misc/drupal.js?j HTTP/1.1" 304 - "http://data.semanticweb.org/" "Mozilla/5.0 (Macintosh; Intel Mac OS X 10_9_2) AppleWebKit/537.75.14 (KHTML, like Gecko) Version/7.0.3 Safari/537.75.14"
93.220.117.82 - - [16/May/2014:00:55:56 +0100] "GET /modules/openid/openid.js?j HTTP/1.1" 304 - "http://data.semanticweb.org/" "Mozilla/5.0 (Macintosh; Intel Mac OS X 10_9_2) AppleWebKit/537.75.14 (KHTML, like Gecko) Version/7.0.3 Safari/537.75.14"
93.220.117.82 - - [16/May/2014:00:55:56 +0100] "GET /images/bones_small.png HTTP/1.1" 304 - "http://data.semanticweb.org/" "Mozilla/5.0 (Macintosh; Intel Mac OS X 10_9_2) AppleWebKit/537.75.14 (KHTML, like Gecko) Version/7.0.3 Safari/537.75.14"
93.220.117.82 - - [16/May/2014:00:55:58 +0100] "GET / HTTP/1.1" 200 11484 "-" "Mozilla/5.0 (Macintosh; Intel Mac OS X 10_9_2) AppleWebKit/537.75.14 (KHTML, like Gecko) Version/7.0.3 Safari/537.75.14"
::1 - - [16/May/2014:00:56:00 +0100] "GET /" 400 610 "-" "-"
::1 - - [16/May/2014:00:56:01 +0100] "GET /" 400 610 "-" "-"
::1 - - [16/May/2014:00:56:13 +0100] "GET /" 400 610 "-" "-"
::1 - - [16/May/2014:00:56:14 +0100] "GET /" 400 610 "-" "-"
::1 - - [16/May/2014:00:56:15 +0100] "GET /" 400 610 "-" "-"
::1 - - [16/May/2014:00:56:16 +0100] "GET /" 400 610 "-" "-"
::1 - - [16/May/2014:00:56:17 +0100] "GET /" 400 610 "-" "-"
::1 - - [16/May/2014:00:56:18 +0100] "GET /" 400 610 "-" "-"
::1 - - [16/May/2014:00:56:19 +0100] "GET /" 400 610 "-" "-"
140.203.154.206 - - [16/May/2014:00:55:57 +0100] "GET /sparql?query=DESCRIBE+%3Chttp%3A%2F%2Fdata.semanticweb.org%2Fconference%2Feswc%2F2012%2Fpaper%2Fdemonstation%2F323%3E HTTP/1.0" 200 3676 "-" "-"
178.255.215.89 - - [16/May/2014:00:55:56 +0100] "GET /conference/eswc/2012/paper/demonstation/323/rdf HTTP/1.1" 200 3622 "-" "Mozilla/5.0 (compatible; Exabot/3.0 (BiggerBetter); +http://www.exabot.com/go/robot)"
::1 - - [16/May/2014:00:56:24 +0100] "GET /" 400 610 "-" "-"
::1 - - [16/May/2014:00:56:25 +0100] "GET /" 400 610 "-" "-"
68.180.224.172 - - [16/May/2014:00:56:42 +0100] "GET /organization/france HTTP/1.1" 303 9934 "-" "Mozilla/5.0 (compatible; Yahoo! Slurp; http://help.yahoo.com/help/us/ysearch/slurp)"
140.203.154.206 - - [16/May/2014:00:56:52 +0100] "GET /sparql?query=DESCRIBE+%3Chttp%3A%2F%2Fdata.semanticweb.org%2Forganization%2Ffrance%3E HTTP/1.0" 200 1970 "-" "-"
68.180.224.172 - - [16/May/2014:00:56:52 +0100] "GET /organization/france/rdf HTTP/1.1" 200 1988 "-" "Mozilla/5.0 (compatible; Yahoo! Slurp; http://help.yahoo.com/help/us/ysearch/slurp)"
68.180.224.172 - - [16/May/2014:00:57:26 +0100] "GET /organization/centre-mathematics-and-computer-science HTTP/1.1" 303 10066 "-" "Mozilla/5.0 (compatible; Yahoo! Slurp; http://help.yahoo.com/help/us/ysearch/slurp)"
140.203.154.206 - - [16/May/2014:00:57:36 +0100] "GET /sparql?query=DESCRIBE+%3Chttp%3A%2F%2Fdata.semanticweb.org%2Forganization%2Fcentre-mathematics-and-computer-science%3E HTTP/1.0" 200 1081 "-" "-"
68.180.224.172 - - [16/May/2014:00:57:36 +0100] "GET /organization/centre-mathematics-and-computer-science/rdf HTTP/1.1" 200 1297 "-" "Mozilla/5.0 (compatible; Yahoo! Slurp; http://help.yahoo.com/help/us/ysearch/slurp)"
68.180.224.172 - - [16/May/2014:00:57:46 +0100] "GET /organization/simon-fraser-university HTTP/1.1" 303 10002 "-" "Mozilla/5.0 (compatible; Yahoo! Slurp; http://help.yahoo.com/help/us/ysearch/slurp)"
68.180.224.172 - - [16/May/2014:00:57:56 +0100] "GET /organization/boeing-phantom-works HTTP/1.1" 303 9990 "-" "Mozilla/5.0 (compatible; Yahoo! Slurp; http://help.yahoo.com/help/us/ysearch/slurp)"
140.203.154.206 - - [16/May/2014:00:58:06 +0100] "GET /sparql?query=DESCRIBE+%3Chttp%3A%2F%2Fdata.semanticweb.org%2Forganization%2Fsimon-fraser-university%3E HTTP/1.0" 200 7458 "-" "-"
68.180.224.172 - - [16/May/2014:00:58:06 +0100] "GET /organization/simon-fraser-university/rdf HTTP/1.1" 200 6575 "-" "Mozilla/5.0 (compatible; Yahoo! Slurp; http://help.yahoo.com/help/us/ysearch/slurp)"
140.203.154.206 - - [16/May/2014:00:58:16 +0100] "GET /sparql?query=DESCRIBE+%3Chttp%3A%2F%2Fdata.semanticweb.org%2Forganization%2Fboeing-phantom-works%3E HTTP/1.0" 200 1145 "-" "-"
68.180.224.172 - - [16/May/2014:00:58:16 +0100] "GET /organization/boeing-phantom-works/rdf HTTP/1.1" 200 1332 "-" "Mozilla/5.0 (compatible; Yahoo! Slurp; http://help.yahoo.com/help/us/ysearch/slurp)"
66.249.76.188 - - [16/May/2014:00:59:29 +0100] "GET /conference/iswc/2004/session-20/event-01 HTTP/1.1" 303 10100 "-" "Mozilla/5.0 (iPhone; CPU iPhone OS 6_0 like Mac OS X) AppleWebKit/536.26 (KHTML, like Gecko) Version/6.0 Mobile/10A5376e Safari/8536.25 (compatible; Googlebot/2.1; +http://www.google.com/bot.html)"
140.203.154.206 - - [16/May/2014:00:59:30 +0100] "GET /sparql?query=DESCRIBE+%3Chttp%3A%2F%2Fdata.semanticweb.org%2Fconference%2Fiswc%2F2004%2Fsession-20%2Fevent-01%3E HTTP/1.0" 200 1812 "-" "-"
66.249.76.188 - - [16/May/2014:00:59:30 +0100] "GET /conference/iswc/2004/session-20/event-01/rdf HTTP/1.1" 200 1792 "-" "Mozilla/5.0 (iPhone; CPU iPhone OS 6_0 like Mac OS X) AppleWebKit/536.26 (KHTML, like Gecko) Version/6.0 Mobile/10A5376e Safari/8536.25 (compatible; Googlebot/2.1; +http://www.google.com/bot.html)"
218.94.142.110 - - [16/May/2014:01:00:45 +0100] "GET /conference/iswc/2010/time/2010-11-07T07-00-00 HTTP/1.1" 404 4518 "-" "Mozilla/5.0 (compatible; Falconsbot; +http://ws.nju.edu.cn/falcons/)"
78.46.73.98 - - [16/May/2014:01:00:56 +0100] "GET /person/mike-dean HTTP/1.1" 303 9934 "-" "EasyRdf_Http_Client"
140.203.154.206 - - [16/May/2014:01:00:57 +0100] "GET /sparql?query=DESCRIBE+%3Chttp%3A%2F%2Fdata.semanticweb.org%2Fperson%2Fmike-dean%3E HTTP/1.0" 200 29872 "-" "-"
78.46.73.98 - - [16/May/2014:01:00:57 +0100] "GET /person/mike-dean/rdf HTTP/1.1" 200 24298 "-" "EasyRdf_Http_Client"
103.246.112.101 - - [16/May/2014:01:01:27 +0100] "GET /wordpress/wp-admin/ HTTP/1.1" 404 4518 "-" "-"
157.55.32.84 - - [16/May/2014:01:02:37 +0100] "GET /person/oktie-hassanzadeh HTTP/1.1" 303 9966 "-" "Mozilla/5.0 (compatible; bingbot/2.0; +http://www.bing.com/bingbot.htm)"
72.14.199.238 - - [16/May/2014:01:02:45 +0100] "GET /blog/feed HTTP/1.1" 200 11016 "-" "Feedfetcher-Google; (+http://www.google.com/feedfetcher.html; 6 subscribers; feed-id=9595032308812512124)"
144.76.137.226 - - [16/May/2014:01:02:57 +0100] "GET /robots.txt HTTP/1.0" 200 1641 "-" "Mozilla/5.0 (compatible; MJ12bot/v1.4.5; http://www.majestic12.co.uk/bot.php?+)"
140.203.154.206 - - [16/May/2014:01:03:09 +0100] "GET /sparql?query=DESCRIBE+%3Chttp%3A%2F%2Fdata.semanticweb.org%2Fperson%2Fshonali-krishnaswamy%3E HTTP/1.0" 200 4485 "-" "-"
144.76.137.226 - - [16/May/2014:01:03:08 +0100] "GET /person/shonali-krishnaswamy/rdf HTTP/1.0" 200 4199 "-" "Mozilla/5.0 (compatible; MJ12bot/v1.4.5; http://www.majestic12.co.uk/bot.php?+)"
140.203.154.206 - - [16/May/2014:01:03:20 +0100] "GET /sparql?query=DESCRIBE+%3Chttp%3A%2F%2Fdata.semanticweb.org%2Fperson%2Fvalerie-camps%3E HTTP/1.0" 200 2173 "-" "-"
144.76.137.226 - - [16/May/2014:01:03:20 +0100] "GET /person/valerie-camps/rdf HTTP/1.0" 200 2202 "-" "Mozilla/5.0 (compatible; MJ12bot/v1.4.5; http://www.majestic12.co.uk/bot.php?+)"
218.94.142.110 - - [16/May/2014:01:03:22 +0100] "GET /conference/www/2012/demo/84/talk/speaker HTTP/1.1" 303 10056 "-" "Mozilla/5.0 (compatible; Falconsbot; +http://ws.nju.edu.cn/falcons/)"
140.203.154.206 - - [16/May/2014:01:03:23 +0100] "GET /sparql?query=DESCRIBE+%3Chttp%3A%2F%2Fdata.semanticweb.org%2Fconference%2Fwww%2F2012%2Fdemo%2F84%2Ftalk%2Fspeaker%3E HTTP/1.0" 200 1414 "-" "-"
218.94.142.110 - - [16/May/2014:01:03:22 +0100] "GET /conference/www/2012/demo/84/talk/speaker/rdf HTTP/1.1" 200 1480 "-" "Mozilla/5.0 (compatible; Falconsbot; +http://ws.nju.edu.cn/falcons/)"
140.203.154.206 - - [16/May/2014:01:03:27 +0100] "GET /sparql?query=DESCRIBE+%3Chttp%3A%2F%2Fdata.semanticweb.org%2Fperson%2Foktie-hassanzadeh%3E HTTP/1.0" 200 10803 "-" "-"
157.55.32.84 - - [16/May/2014:01:03:26 +0100] "GET /person/oktie-hassanzadeh/rdf HTTP/1.1" 200 9343 "-" "Mozilla/5.0 (compatible; bingbot/2.0; +http://www.bing.com/bingbot.htm)"
204.12.251.37 - - [16/May/2014:01:03:32 +0100] "GET / HTTP/1.1" 200 11484 "-" "Mozilla/4.0 (compatible; MSIE 6.0; Windows NT 5.1; en)"
208.115.113.82 - - [16/May/2014:01:03:36 +0100] "GET /robots.txt HTTP/1.1" 200 1641 "-" "Mozilla/5.0 (compatible; DotBot/1.1; http://www.opensiteexplorer.org/dotbot, help@moz.com)"
23.94.69.54 - - [16/May/2014:01:03:19 +0100] "GET /papers/ HTTP/1.1" 200 719481 "http://www.data.semanticweb.org/user/register" "Mozilla/4.0 (compatible; MSIE 6.0; Windows NT 5.1; SV1; FunWebProducts; .NET CLR 1.1.4322; PeoplePal 6.2)"
23.94.69.54 - - [16/May/2014:01:03:37 +0100] "GET /?q=node/add HTTP/1.1" 403 8818 "http://www.data.semanticweb.org/" "Mozilla/4.0 (compatible; MSIE 6.0; Windows NT 5.1; SV1; FunWebProducts; .NET CLR 1.1.4322; PeoplePal 6.2)"
23.94.69.54 - - [16/May/2014:01:03:38 +0100] "GET /user/register HTTP/1.1" 200 11618 "http://www.data.semanticweb.org/?q=node/add" "Mozilla/4.0 (compatible; MSIE 6.0; Windows NT 5.1; SV1; FunWebProducts; .NET CLR 1.1.4322; PeoplePal 6.2)"
68.180.224.172 - - [16/May/2014:01:03:50 +0100] "GET /ns/swc/?C=S;O=A HTTP/1.1" 200 4499 "-" "Mozilla/5.0 (compatible; Yahoo! Slurp; http://help.yahoo.com/help/us/ysearch/slurp)"
140.203.154.206 - - [16/May/2014:01:04:47 +0100] "GET /sparql?query=DESCRIBE+%3Chttp%3A%2F%2Fdata.semanticweb.org%2Fperson%2Flina-al-jadir%3E HTTP/1.0" 200 2206 "-" "-"
68.180.224.172 - - [16/May/2014:01:04:47 +0100] "GET /person/lina-al-jadir/rdf HTTP/1.1" 200 2235 "-" "Mozilla/5.0 (compatible; Yahoo! Slurp; http://help.yahoo.com/help/us/ysearch/slurp)"
93.220.117.82 - - [16/May/2014:01:05:02 +0100] "GET / HTTP/1.1" 200 11484 "-" "Mozilla/5.0 (Macintosh; Intel Mac OS X 10_9_2) AppleWebKit/537.75.14 (KHTML, like Gecko) Version/7.0.3 Safari/537.75.14"
54.241.65.24 - - [16/May/2014:01:05:21 +0100] "GET /blog/feed/ HTTP/1.1" 200 11016 "-" "Digg Feed Fetcher 1.0 (Mozilla/5.0 (Macintosh; Intel Mac OS X 10_7_1) AppleWebKit/534.48.3 (KHTML, like Gecko) Version/5.1 Safari/534.48.3)"
123.125.71.91 - - [16/May/2014:01:05:22 +0100] "GET /organization/instituto-tecnologico-de-informatica-universidad-p HTTP/1.1" 303 10162 "-" "Mozilla/5.0 (compatible; Baiduspider/2.0; +http://www.baidu.com/search/spider.html)"
140.203.154.206 - - [16/May/2014:01:05:23 +0100] "GET /sparql?query=DESCRIBE+%3Chttp%3A%2F%2Fdata.semanticweb.org%2Forganization%2Finstituto-tecnologico-de-informatica-universidad-p%3E HTTP/1.0" 200 2346 "-" "-"
123.125.71.103 - - [16/May/2014:01:05:23 +0100] "GET /organization/instituto-tecnologico-de-informatica-universidad-p/rdf HTTP/1.1" 200 2364 "-" "Mozilla/5.0 (compatible; Baiduspider/2.0; +http://www.baidu.com/search/spider.html)"
68.180.224.172 - - [16/May/2014:01:05:45 +0100] "GET /conference/ruleml-eu/2011/paper/37 HTTP/1.1" 303 10814 "-" "Mozilla/5.0 (compatible; Yahoo! Slurp; http://help.yahoo.com/help/us/ysearch/slurp)"
140.203.154.206 - - [16/May/2014:01:05:55 +0100] "GET /sparql?query=DESCRIBE+%3Chttp%3A%2F%2Fdata.semanticweb.org%2Fconference%2Fruleml-eu%2F2011%2Fpaper%2F37%3E HTTP/1.0" 200 4038 "-" "-"
68.180.224.172 - - [16/May/2014:01:05:55 +0100] "GET /conference/ruleml-eu/2011/paper/37/rdf HTTP/1.1" 200 4158 "-" "Mozilla/5.0 (compatible; Yahoo! Slurp; http://help.yahoo.com/help/us/ysearch/slurp)"
78.46.73.98 - - [16/May/2014:01:06:05 +0100] "GET /person/brian-davis HTTP/1.1" 303 9942 "-" "EasyRdf_Http_Client"
140.203.154.206 - - [16/May/2014:01:06:06 +0100] "GET /sparql?query=DESCRIBE+%3Chttp%3A%2F%2Fdata.semanticweb.org%2Fperson%2Fbrian-davis%3E HTTP/1.0" 200 12880 "-" "-"
78.46.73.98 - - [16/May/2014:01:06:05 +0100] "GET /person/brian-davis/rdf HTTP/1.1" 200 10949 "-" "EasyRdf_Http_Client"
148.251.75.46 - - [16/May/2014:01:06:18 +0100] "GET /person/claudio-gutierrez HTTP/1.1" 303 9966 "-" "Mozilla/5.0 (Windows NT 6.1; WOW64; rv:11.0) Gecko Firefox/11.0"
66.249.76.188 - - [16/May/2014:01:06:32 +0100] "GET /blog/feed HTTP/1.1" 200 11016 "-" "Mozilla/5.0 (compatible; Googlebot/2.1; +http://www.google.com/bot.html)"
140.203.154.206 - - [16/May/2014:01:06:48 +0100] "GET /sparql?query=DESCRIBE+%3Chttp%3A%2F%2Fdata.semanticweb.org%2Fconference%2Fiswc%2F2009%2Fpaper%2Finuse%2F104%3E HTTP/1.0" 200 7110 "-" "-"
68.180.224.172 - - [16/May/2014:01:06:48 +0100] "GET /conference/iswc/2009/paper/inuse/104/rdf HTTP/1.1" 200 6557 "-" "Mozilla/5.0 (compatible; Yahoo! Slurp; http://help.yahoo.com/help/us/ysearch/slurp)"
66.249.76.136 - - [16/May/2014:01:06:49 +0100] "GET /conference/iswc-aswc/2007/tracks/posters-demos/papers/407/html HTTP/1.1" 200 15947 "-" "Mozilla/5.0 (compatible; Googlebot/2.1; +http://www.google.com/bot.html)"
220.181.108.94 - - [16/May/2014:01:06:53 +0100] "GET /organization/politenico-di-milano HTTP/1.1" 303 9990 "-" "Mozilla/5.0 (compatible; Baiduspider/2.0; +http://www.baidu.com/search/spider.html)"
157.55.32.84 - - [16/May/2014:01:06:53 +0100] "GET /person/robert-ragno/html HTTP/1.1" 200 11250 "-" "Mozilla/5.0 (compatible; bingbot/2.0; +http://www.bing.com/bingbot.htm)"
140.203.154.206 - - [16/May/2014:01:06:57 +0100] "GET /sparql?query=DESCRIBE+%3Chttp%3A%2F%2Fdata.semanticweb.org%2Forganization%2Fpolitenico-di-milano%3E HTTP/1.0" 200 1372 "-" "-"
220.181.108.113 - - [16/May/2014:01:06:56 +0100] "GET /organization/politenico-di-milano/rdf HTTP/1.1" 200 1522 "-" "Mozilla/5.0 (compatible; Baiduspider/2.0; +http://www.baidu.com/search/spider.html)"
78.46.73.98 - - [16/May/2014:01:06:59 +0100] "GET /person/jose-luis-ambite HTTP/1.1" 303 9964 "-" "EasyRdf_Http_Client"
140.203.154.206 - - [16/May/2014:01:07:00 +0100] "GET /sparql?query=DESCRIBE+%3Chttp%3A%2F%2Fdata.semanticweb.org%2Fperson%2Fjose-luis-ambite%3E HTTP/1.0" 200 17591 "-" "-"
78.46.73.98 - - [16/May/2014:01:07:00 +0100] "GET /person/jose-luis-ambite/rdf HTTP/1.1" 200 14999 "-" "EasyRdf_Http_Client"
218.94.142.110 - - [16/May/2014:01:07:37 +0100] "GET /person/anton-koestlbacher HTTP/1.1" 303 9970 "-" "Mozilla/5.0 (compatible; Falconsbot; +http://ws.nju.edu.cn/falcons/)"
140.203.154.206 - - [16/May/2014:01:07:38 +0100] "GET /sparql?query=DESCRIBE+%3Chttp%3A%2F%2Fdata.semanticweb.org%2Fperson%2Fanton-koestlbacher%3E HTTP/1.0" 200 2000 "-" "-"
218.94.142.110 - - [16/May/2014:01:07:38 +0100] "GET /person/anton-koestlbacher/rdf HTTP/1.1" 200 2042 "-" "Mozilla/5.0 (compatible; Falconsbot; +http://ws.nju.edu.cn/falcons/)"
107.170.54.23 - - [16/May/2014:01:07:53 +0100] "GET /blog/feed/ HTTP/1.1" 200 11016 "-" "Feedbin - 1 subscribers"
218.94.142.110 - - [16/May/2014:01:08:54 +0100] "GET /person/c-e-veni-madhavan HTTP/1.1" 303 9970 "-" "Mozilla/5.0 (compatible; Falconsbot; +http://ws.nju.edu.cn/falcons/)"
140.203.154.206 - - [16/May/2014:01:08:55 +0100] "GET /sparql?query=DESCRIBE+%3Chttp%3A%2F%2Fdata.semanticweb.org%2Fperson%2Fc-e-veni-madhavan%3E HTTP/1.0" 200 1941 "-" "-"
218.94.142.110 - - [16/May/2014:01:08:55 +0100] "GET /person/c-e-veni-madhavan/rdf HTTP/1.1" 200 2022 "-" "Mozilla/5.0 (compatible; Falconsbot; +http://ws.nju.edu.cn/falcons/)"
93.186.202.239 - - [16/May/2014:01:09:44 +0100] "GET /person/matthew-rowe HTTP/1.1" 303 9946 "-" "Mozilla/5.0 (Windows NT 5.1; rv:21.0) Gecko/20100101 Firefox/21.0"
93.186.202.239 - - [16/May/2014:01:09:45 +0100] "GET /person/matthew-rowe/html HTTP/1.1" 200 17382 "-" "Mozilla/5.0 (Windows NT 5.1; rv:21.0) Gecko/20100101 Firefox/21.0"
68.180.224.172 - - [16/May/2014:01:09:48 +0100] "GET /conference/lrec/2008/papers/435 HTTP/1.1" 303 10860 "-" "Mozilla/5.0 (compatible; Yahoo! Slurp; http://help.yahoo.com/help/us/ysearch/slurp)"
88.198.56.239 - - [16/May/2014:01:09:56 +0100] "GET /person/matthew-rowe HTTP/1.1" 303 9946 "-" "Mozilla/5.0 (compatible; MSIE 10.0; Windows NT 6.1; WOW64; Trident/6.0)"
88.198.56.239 - - [16/May/2014:01:09:56 +0100] "GET /person/matthew-rowe/html HTTP/1.1" 200 17382 "-" "Mozilla/5.0 (compatible; MSIE 10.0; Windows NT 6.1; WOW64; Trident/6.0)"
140.203.154.206 - - [16/May/2014:01:09:58 +0100] "GET /sparql?query=DESCRIBE+%3Chttp%3A%2F%2Fdata.semanticweb.org%2Fconference%2Flrec%2F2008%2Fpapers%2F435%3E HTTP/1.0" 200 6099 "-" "-"
68.180.224.172 - - [16/May/2014:01:09:58 +0100] "GET /conference/lrec/2008/papers/435/rdf HTTP/1.1" 200 5661 "-" "Mozilla/5.0 (compatible; Yahoo! Slurp; http://help.yahoo.com/help/us/ysearch/slurp)"
64.13.192.31 - - [16/May/2014:01:10:32 +0100] "GET /blog/wp-admin/ HTTP/1.1" 404 4518 "-" "-"
117.173.253.149 - - [16/May/2014:01:10:36 +0100] "GET /papers//RK=0/RS=xeZkvV9hT3rYDdTyxutA4G52Wpw- HTTP/1.0" 404 4518 "http://www.data.semanticweb.org/" "Mozilla/4.0 (compatible; MSIE 6.0; Windows NT 5.1; SV1; FunWebProducts; .NET CLR 1.1.4322; PeoplePal 6.2)"
140.203.154.206 - - [16/May/2014:01:11:46 +0100] "GET /sparql?query=DESCRIBE+%3Chttp%3A%2F%2Fdata.semanticweb.org%2Fperson%2Fphilipp-cimiano%3E HTTP/1.0" 200 25999 "-" "-"
157.55.36.45 - - [16/May/2014:01:11:46 +0100] "GET /person/philipp-cimiano/rdf HTTP/1.0" 200 21894 "-" "Mozilla/5.0 (compatible; bingbot/2.0; +http://www.bing.com/bingbot.htm)"
162.243.12.37 - - [16/May/2014:01:12:22 +0100] "GET /blog/feed/ HTTP/1.1" 200 11016 "-" "Feed Wrangler/1.0 (1 subscriber; feed-id=187536; http://feedwrangler.net; Allow like Gecko)"
78.46.73.98 - - [16/May/2014:01:12:55 +0100] "GET /person/andreas-harth HTTP/1.1" 303 9950 "-" "EasyRdf_Http_Client"
140.203.154.206 - - [16/May/2014:01:12:55 +0100] "GET /sparql?query=DESCRIBE+%3Chttp%3A%2F%2Fdata.semanticweb.org%2Fperson%2Fandreas-harth%3E HTTP/1.0" 200 35064 "-" "-"
78.46.73.98 - - [16/May/2014:01:12:55 +0100] "GET /person/andreas-harth/rdf HTTP/1.1" 200 29144 "-" "EasyRdf_Http_Client"
78.46.73.98 - - [16/May/2014:01:13:10 +0100] "GET /person/benedikt-kaempgen HTTP/1.1" 303 9966 "-" "EasyRdf_Http_Client"
140.203.154.206 - - [16/May/2014:01:13:11 +0100] "GET /sparql?query=DESCRIBE+%3Chttp%3A%2F%2Fdata.semanticweb.org%2Fperson%2Fbenedikt-kaempgen%3E HTTP/1.0" 200 2060 "-" "-"
78.46.73.98 - - [16/May/2014:01:13:10 +0100] "GET /person/benedikt-kaempgen/rdf HTTP/1.1" 200 2177 "-" "EasyRdf_Http_Client"
200.0.29.66 - - [16/May/2014:01:13:22 +0100] "GET /person/christian-bizer HTTP/1.1" 303 9958 "-" "Ripple/1.1"
140.203.154.206 - - [16/May/2014:01:13:24 +0100] "GET /sparql?query=DESCRIBE+%3Chttp%3A%2F%2Fdata.semanticweb.org%2Fperson%2Fchristian-bizer%3E HTTP/1.0" 200 48785 "-" "-"
200.0.29.66 - - [16/May/2014:01:13:24 +0100] "GET /person/christian-bizer/rdf HTTP/1.1" 200 40123 "-" "Ripple/1.1"
140.203.154.206 - - [16/May/2014:01:13:28 +0100] "GET /sparql?query=DESCRIBE+%3Chttp%3A%2F%2Fdata.semanticweb.org%2Fperson%2Fmaarten-van-someren%3E HTTP/1.0" 200 2641 "-" "-"
157.55.32.84 - - [16/May/2014:01:13:28 +0100] "GET /person/maarten-van-someren/rdf HTTP/1.1" 200 2645 "-" "Mozilla/5.0 (compatible; bingbot/2.0; +http://www.bing.com/bingbot.htm)"
66.249.76.188 - - [16/May/2014:01:13:59 +0100] "GET /person/riina-kasterpalu HTTP/1.1" 303 9962 "-" "Mozilla/5.0 (iPhone; CPU iPhone OS 6_0 like Mac OS X) AppleWebKit/536.26 (KHTML, like Gecko) Version/6.0 Mobile/10A5376e Safari/8536.25 (compatible; Googlebot/2.1; +http://www.google.com/bot.html)"
140.203.154.206 - - [16/May/2014:01:14:00 +0100] "GET /sparql?query=DESCRIBE+%3Chttp%3A%2F%2Fdata.semanticweb.org%2Fperson%2Friina-kasterpalu%3E HTTP/1.0" 200 1775 "-" "-"
66.249.76.188 - - [16/May/2014:01:13:59 +0100] "GET /person/riina-kasterpalu/rdf HTTP/1.1" 200 1856 "-" "Mozilla/5.0 (iPhone; CPU iPhone OS 6_0 like Mac OS X) AppleWebKit/536.26 (KHTML, like Gecko) Version/6.0 Mobile/10A5376e Safari/8536.25 (compatible; Googlebot/2.1; +http://www.google.com/bot.html)"
218.94.142.110 - - [16/May/2014:01:14:02 +0100] "GET /conference/dc/2010/keynote/2 HTTP/1.1" 303 10066 "-" "Mozilla/5.0 (compatible; Falconsbot; +http://ws.nju.edu.cn/falcons/)"
140.203.154.206 - - [16/May/2014:01:14:03 +0100] "GET /sparql?query=DESCRIBE+%3Chttp%3A%2F%2Fdata.semanticweb.org%2Fconference%2Fdc%2F2010%2Fkeynote%2F2%3E HTTP/1.0" 200 2044 "-" "-"
218.94.142.110 - - [16/May/2014:01:14:03 +0100] "GET /conference/dc/2010/keynote/2/rdf HTTP/1.1" 200 2027 "-" "Mozilla/5.0 (compatible; Falconsbot; +http://ws.nju.edu.cn/falcons/)"
93.220.117.82 - - [16/May/2014:01:14:26 +0100] "GET / HTTP/1.1" 200 11484 "-" "Mozilla/5.0 (Macintosh; Intel Mac OS X 10_9_2) AppleWebKit/537.75.14 (KHTML, like Gecko) Version/7.0.3 Safari/537.75.14"
140.203.154.206 - - [16/May/2014:01:14:34 +0100] "GET /sparql?query=DESCRIBE+%3Chttp%3A%2F%2Fdata.semanticweb.org%2Forganization%2Fderivo-gmbh%3E HTTP/1.0" 200 2777 "-" "-"
68.180.224.172 - - [16/May/2014:01:14:34 +0100] "GET /organization/derivo-gmbh/rdf HTTP/1.1" 200 2667 "-" "Mozilla/5.0 (compatible; Yahoo! Slurp; http://help.yahoo.com/help/us/ysearch/slurp)"
218.94.142.110 - - [16/May/2014:01:14:44 +0100] "GET /person/mira-dontcheva HTTP/1.1" 303 9954 "-" "Mozilla/5.0 (compatible; Falconsbot; +http://ws.nju.edu.cn/falcons/)"
140.203.154.206 - - [16/May/2014:01:14:45 +0100] "GET /sparql?query=DESCRIBE+%3Chttp%3A%2F%2Fdata.semanticweb.org%2Fperson%2Fmira-dontcheva%3E HTTP/1.0" 200 1748 "-" "-"
218.94.142.110 - - [16/May/2014:01:14:44 +0100] "GET /person/mira-dontcheva/rdf HTTP/1.1" 200 1820 "-" "Mozilla/5.0 (compatible; Falconsbot; +http://ws.nju.edu.cn/falcons/)"
140.203.154.206 - - [16/May/2014:01:14:52 +0100] "GET /sparql?query=DESCRIBE+%3Chttp%3A%2F%2Fdata.semanticweb.org%2Fperson%2Famy-aragones%3E HTTP/1.0" 200 1173 "-" "-"
157.55.35.53 - - [16/May/2014:01:14:52 +0100] "GET /person/amy-aragones/rdf HTTP/1.0" 200 1343 "-" "Mozilla/5.0 (compatible; bingbot/2.0; +http://www.bing.com/bingbot.htm)"
78.46.73.98 - - [16/May/2014:01:15:05 +0100] "GET /person/heiner-stuckenschmidt HTTP/1.1" 303 9982 "-" "EasyRdf_Http_Client"
140.203.154.206 - - [16/May/2014:01:15:05 +0100] "GET /sparql?query=DESCRIBE+%3Chttp%3A%2F%2Fdata.semanticweb.org%2Fperson%2Fheiner-stuckenschmidt%3E HTTP/1.0" 200 48616 "-" "-"
78.46.73.98 - - [16/May/2014:01:15:05 +0100] "GET /person/heiner-stuckenschmidt/rdf HTTP/1.1" 200 40073 "-" "EasyRdf_Http_Client"
208.115.113.82 - - [16/May/2014:01:15:23 +0100] "GET /person/gianluca-correndo HTTP/1.1" 303 9966 "-" "Mozilla/5.0 (compatible; DotBot/1.1; http://www.opensiteexplorer.org/dotbot, help@moz.com)"
208.115.113.82 - - [16/May/2014:01:15:40 +0100] "GET /snorql/ HTTP/1.1" 200 3327 "-" "Mozilla/5.0 (compatible; DotBot/1.1; http://www.opensiteexplorer.org/dotbot, help@moz.com)"
66.249.76.188 - - [16/May/2014:01:15:56 +0100] "GET /sitemap.xml HTTP/1.1" 200 22536 "-" "Mozilla/5.0 (compatible; Googlebot/2.1; +http://www.google.com/bot.html)"
78.46.73.98 - - [16/May/2014:01:16:30 +0100] "GET /person/benedikt-kaempgen HTTP/1.1" 303 9966 "-" "EasyRdf_Http_Client"
140.203.154.206 - - [16/May/2014:01:16:31 +0100] "GET /sparql?query=DESCRIBE+%3Chttp%3A%2F%2Fdata.semanticweb.org%2Fperson%2Fbenedikt-kaempgen%3E HTTP/1.0" 200 2060 "-" "-"
78.46.73.98 - - [16/May/2014:01:16:31 +0100] "GET /person/benedikt-kaempgen/rdf HTTP/1.1" 200 2177 "-" "EasyRdf_Http_Client"
218.94.142.110 - - [16/May/2014:01:17:06 +0100] "GET /person/bonnie-webber HTTP/1.1" 303 9950 "-" "Mozilla/5.0 (compatible; Falconsbot; +http://ws.nju.edu.cn/falcons/)"
140.203.154.206 - - [16/May/2014:01:17:07 +0100] "GET /sparql?query=DESCRIBE+%3Chttp%3A%2F%2Fdata.semanticweb.org%2Fperson%2Fbonnie-webber%3E HTTP/1.0" 200 1759 "-" "-"
218.94.142.110 - - [16/May/2014:01:17:07 +0100] "GET /person/bonnie-webber/rdf HTTP/1.1" 200 1840 "-" "Mozilla/5.0 (compatible; Falconsbot; +http://ws.nju.edu.cn/falcons/)"
140.203.154.206 - - [16/May/2014:01:17:16 +0100] "GET /sparql?query=DESCRIBE+%3Chttp%3A%2F%2Fdata.semanticweb.org%2Fconference%2Fiswc-aswc%2F2007%2Ftracks%2Fresearch%2Fsession%2Fresearch-10-natural-language-interfaces%3E HTTP/1.0" 200 2771 "-" "-"
68.180.224.172 - - [16/May/2014:01:17:15 +0100] "GET /conference/iswc-aswc/2007/tracks/research/session/research-10-natural-language-interfaces/rdf HTTP/1.1" 200 2669 "-" "Mozilla/5.0 (compatible; Yahoo! Slurp; http://help.yahoo.com/help/us/ysearch/slurp)"
