200.0.29.66 - - [16/May/2014:01:17:24 +0100] "GET /person/christian-bizer HTTP/1.1" 303 9958 "-" "Ripple/1.1"
140.203.154.206 - - [16/May/2014:01:17:26 +0100] "GET /sparql?query=DESCRIBE+%3Chttp%3A%2F%2Fdata.semanticweb.org%2Fperson%2Fchristian-bizer%3E HTTP/1.0" 200 48785 "-" "-"
200.0.29.66 - - [16/May/2014:01:17:26 +0100] "GET /person/christian-bizer/rdf HTTP/1.1" 200 40123 "-" "Ripple/1.1"
208.115.113.82 - - [16/May/2014:01:18:07 +0100] "GET /person/craig-knoblock HTTP/1.1" 303 9960 "-" "Mozilla/5.0 (compatible; DotBot/1.1; http://www.opensiteexplorer.org/dotbot, help@moz.com)"
198.20.70.114 - - [16/May/2014:01:18:41 +0100] "GET / HTTP/1.1" 302 369 "-" "-"
68.180.224.172 - - [16/May/2014:01:18:42 +0100] "GET /conference/iswc/2005/poster-demo-proceedings/paper-69 HTTP/1.1" 303 10860 "-" "Mozilla/5.0 (compatible; Yahoo! Slurp; http://help.yahoo.com/help/us/ysearch/slurp)"
140.203.154.206 - - [16/May/2014:01:18:52 +0100] "GET /sparql?query=DESCRIBE+%3Chttp%3A%2F%2Fdata.semanticweb.org%2Fconference%2Fiswc%2F2005%2Fposter-demo-proceedings%2Fpaper-69%3E HTTP/1.0" 200 3960 "-" "-"
68.180.224.172 - - [16/May/2014:01:18:52 +0100] "GET /conference/iswc/2005/poster-demo-proceedings/paper-69/rdf HTTP/1.1" 200 3887 "-" "Mozilla/5.0 (compatible; Yahoo! Slurp; http://help.yahoo.com/help/us/ysearch/slurp)"
66.249.76.188 - - [16/May/2014:01:19:14 +0100] "GET /conference/www/2008/complete HTTP/1.1" 200 790608 "-" "Mozilla/5.0 (compatible; Googlebot/2.1; +http://www.google.com/bot.html)"
200.0.29.66 - - [16/May/2014:01:19:39 +0100] "GET /person/christian-bizer HTTP/1.1" 303 9958 "-" "Ripple/1.1"
140.203.154.206 - - [16/May/2014:01:19:41 +0100] "GET /sparql?query=DESCRIBE+%3Chttp%3A%2F%2Fdata.semanticweb.org%2Fperson%2Fchristian-bizer%3E HTTP/1.0" 200 48785 "-" "-"
200.0.29.66 - - [16/May/2014:01:19:41 +0100] "GET /person/christian-bizer/rdf HTTP/1.1" 200 40123 "-" "Ripple/1.1"
64.71.32.24 - - [16/May/2014:01:19:47 +0100] "GET /wp/wp-admin/ HTTP/1.1" 404 4518 "-" "-"
123.125.244.209 - - [16/May/2014:01:20:56 +0100] "GET / HTTP/1.1" 200 11492 "-" "Mozilla/4.0 (compatible; MSIE 6.0; Windows NT 5.1; SV1; iCafeMedia; .NET CLR 2.0.50727; CIBA)"
68.180.224.172 - - [16/May/2014:01:21:47 +0100] "GET /conference/rr/2009/full/3 HTTP/1.1" 303 10754 "-" "Mozilla/5.0 (compatible; Yahoo! Slurp; http://help.yahoo.com/help/us/ysearch/slurp)"
140.203.154.206 - - [16/May/2014:01:21:56 +0100] "GET /sparql?query=DESCRIBE+%3Chttp%3A%2F%2Fdata.semanticweb.org%2Fconference%2Frr%2F2009%2Ffull%2F3%3E HTTP/1.0" 200 2504 "-" "-"
68.180.224.172 - - [16/May/2014:01:21:56 +0100] "GET /conference/rr/2009/full/3/rdf HTTP/1.1" 200 2647 "-" "Mozilla/5.0 (compatible; Yahoo! Slurp; http://help.yahoo.com/help/us/ysearch/slurp)"
200.0.29.66 - - [16/May/2014:01:23:04 +0100] "GET /person/christian-bizer HTTP/1.1" 303 9958 "-" "Ripple/1.1"
140.203.154.206 - - [16/May/2014:01:23:06 +0100] "GET /sparql?query=DESCRIBE+%3Chttp%3A%2F%2Fdata.semanticweb.org%2Fperson%2Fchristian-bizer%3E HTTP/1.0" 200 48785 "-" "-"
200.0.29.66 - - [16/May/2014:01:23:06 +0100] "GET /person/christian-bizer/rdf HTTP/1.1" 200 40123 "-" "Ripple/1.1"
68.180.224.172 - - [16/May/2014:01:23:22 +0100] "GET /conference/rr/2010/tutorials/sparql-1-1-new-features-and-friends-owl2-rif/presenter HTTP/1.1" 303 10080 "-" "Mozilla/5.0 (compatible; Yahoo! Slurp; http://help.yahoo.com/help/us/ysearch/slurp)"
140.203.154.206 - - [16/May/2014:01:23:32 +0100] "GET /sparql?query=DESCRIBE+%3Chttp%3A%2F%2Fdata.semanticweb.org%2Fconference%2Frr%2F2010%2Ftutorials%2Fsparql-1-1-new-features-and-friends-owl2-rif%2Fpresenter%3E HTTP/1.0" 200 1600 "-" "-"
68.180.224.172 - - [16/May/2014:01:23:32 +0100] "GET /conference/rr/2010/tutorials/sparql-1-1-new-features-and-friends-owl2-rif/presenter/rdf HTTP/1.1" 200 1666 "-" "Mozilla/5.0 (compatible; Yahoo! Slurp; http://help.yahoo.com/help/us/ysearch/slurp)"
218.94.142.110 - - [16/May/2014:01:23:42 +0100] "GET /conference/iswc/2010/presentation-402 HTTP/1.1" 303 10082 "-" "Mozilla/5.0 (compatible; Falconsbot; +http://ws.nju.edu.cn/falcons/)"
140.203.154.206 - - [16/May/2014:01:23:43 +0100] "GET /sparql?query=DESCRIBE+%3Chttp%3A%2F%2Fdata.semanticweb.org%2Fconference%2Fiswc%2F2010%2Fpresentation-402%3E HTTP/1.0" 200 1729 "-" "-"
218.94.142.110 - - [16/May/2014:01:23:43 +0100] "GET /conference/iswc/2010/presentation-402/rdf HTTP/1.1" 200 1819 "-" "Mozilla/5.0 (compatible; Falconsbot; +http://ws.nju.edu.cn/falcons/)"
208.115.113.82 - - [16/May/2014:01:23:47 +0100] "GET /person/alexander-paar HTTP/1.1" 303 9954 "-" "Mozilla/5.0 (compatible; DotBot/1.1; http://www.opensiteexplorer.org/dotbot, help@moz.com)"
218.94.142.110 - - [16/May/2014:01:24:21 +0100] "GET /person/marta-gatius HTTP/1.1" 303 9946 "-" "Mozilla/5.0 (compatible; Falconsbot; +http://ws.nju.edu.cn/falcons/)"
140.203.154.206 - - [16/May/2014:01:24:22 +0100] "GET /sparql?query=DESCRIBE+%3Chttp%3A%2F%2Fdata.semanticweb.org%2Fperson%2Fmarta-gatius%3E HTTP/1.0" 200 1366 "-" "-"
218.94.142.110 - - [16/May/2014:01:24:22 +0100] "GET /person/marta-gatius/rdf HTTP/1.1" 200 1497 "-" "Mozilla/5.0 (compatible; Falconsbot; +http://ws.nju.edu.cn/falcons/)"
157.55.32.84 - - [16/May/2014:01:24:44 +0100] "GET /person/elena-paslaru-bontas-simperl HTTP/1.1" 303 10010 "-" "Mozilla/5.0 (compatible; bingbot/2.0; +http://www.bing.com/bingbot.htm)"
218.94.142.110 - - [16/May/2014:01:25:54 +0100] "GET /person/carol-hert-schema HTTP/1.1" 303 9966 "-" "Mozilla/5.0 (compatible; Falconsbot; +http://ws.nju.edu.cn/falcons/)"
140.203.154.206 - - [16/May/2014:01:25:58 +0100] "GET /sparql?query=DESCRIBE+%3Chttp%3A%2F%2Fdata.semanticweb.org%2Fperson%2Fcarol-hert-schema%3E HTTP/1.0" 200 1490 "-" "-"
218.94.142.110 - - [16/May/2014:01:25:58 +0100] "GET /person/carol-hert-schema/rdf HTTP/1.1" 200 1637 "-" "Mozilla/5.0 (compatible; Falconsbot; +http://ws.nju.edu.cn/falcons/)"
200.0.29.66 - - [16/May/2014:01:26:21 +0100] "GET /person/christian-bizer HTTP/1.1" 303 9958 "-" "Ripple/1.1"
140.203.154.206 - - [16/May/2014:01:26:23 +0100] "GET /sparql?query=DESCRIBE+%3Chttp%3A%2F%2Fdata.semanticweb.org%2Fperson%2Fchristian-bizer%3E HTTP/1.0" 200 48785 "-" "-"
200.0.29.66 - - [16/May/2014:01:26:23 +0100] "GET /person/christian-bizer/rdf HTTP/1.1" 200 40123 "-" "Ripple/1.1"
218.94.142.110 - - [16/May/2014:01:27:07 +0100] "GET /conference/www/2008/paper/828 HTTP/1.1" 303 10768 "-" "Mozilla/5.0 (compatible; Falconsbot; +http://ws.nju.edu.cn/falcons/)"
140.203.154.206 - - [16/May/2014:01:27:11 +0100] "GET /sparql?query=DESCRIBE+%3Chttp%3A%2F%2Fdata.semanticweb.org%2Fconference%2Fwww%2F2008%2Fpaper%2F828%3E HTTP/1.0" 200 4193 "-" "-"
218.94.142.110 - - [16/May/2014:01:27:11 +0100] "GET /conference/www/2008/paper/828/rdf HTTP/1.1" 200 4057 "-" "Mozilla/5.0 (compatible; Falconsbot; +http://ws.nju.edu.cn/falcons/)"
140.203.154.206 - - [16/May/2014:01:27:13 +0100] "GET /sparql?query=DESCRIBE+%3Chttp%3A%2F%2Fdata.semanticweb.org%2Fperson%2Felena-paslaru-bontas-simperl%3E HTTP/1.0" 200 20929 "-" "-"
157.55.32.84 - - [16/May/2014:01:27:13 +0100] "GET /person/elena-paslaru-bontas-simperl/rdf HTTP/1.1" 200 17678 "-" "Mozilla/5.0 (compatible; bingbot/2.0; +http://www.bing.com/bingbot.htm)"
184.73.239.251 - - [16/May/2014:01:27:32 +0100] "GET /person/jacopo-urbani HTTP/1.0" 303 9950 "-" "-"
184.73.239.251 - - [16/May/2014:01:27:33 +0100] "GET /person/jacopo-urbani/html HTTP/1.0" 200 14174 "-" "-"
184.73.239.251 - - [16/May/2014:01:27:33 +0100] "GET /person/jacopo-urbani HTTP/1.0" 303 9950 "-" "ARC Reader (http://arc.semsol.org/)"
140.203.154.206 - - [16/May/2014:01:27:34 +0100] "GET /sparql?query=DESCRIBE+%3Chttp%3A%2F%2Fdata.semanticweb.org%2Fperson%2Fjacopo-urbani%3E HTTP/1.0" 200 11940 "-" "-"
184.73.239.251 - - [16/May/2014:01:27:34 +0100] "GET /person/jacopo-urbani/rdf HTTP/1.0" 200 10179 "-" "ARC Reader (http://arc.semsol.org/)"
184.73.239.251 - - [16/May/2014:01:27:35 +0100] "GET /person/jacopo-urbani HTTP/1.0" 303 9950 "-" "-"
184.73.239.251 - - [16/May/2014:01:27:35 +0100] "GET /person/jacopo-urbani/html HTTP/1.0" 200 14174 "-" "-"
184.73.239.251 - - [16/May/2014:01:27:36 +0100] "GET /person/jacopo-urbani HTTP/1.0" 303 9950 "-" "ARC Reader (http://arc.semsol.org/)"
140.203.154.206 - - [16/May/2014:01:27:37 +0100] "GET /sparql?query=DESCRIBE+%3Chttp%3A%2F%2Fdata.semanticweb.org%2Fperson%2Fjacopo-urbani%3E HTTP/1.0" 200 11940 "-" "-"
184.73.239.251 - - [16/May/2014:01:27:36 +0100] "GET /person/jacopo-urbani/rdf HTTP/1.0" 200 10179 "-" "ARC Reader (http://arc.semsol.org/)"
218.94.142.110 - - [16/May/2014:01:28:00 +0100] "GET /conference/iswc/2001/session-demo/event-04/speaker HTTP/1.1" 303 9998 "-" "Mozilla/5.0 (compatible; Falconsbot; +http://ws.nju.edu.cn/falcons/)"
140.203.154.206 - - [16/May/2014:01:28:02 +0100] "GET /sparql?query=DESCRIBE+%3Chttp%3A%2F%2Fdata.semanticweb.org%2Fconference%2Fiswc%2F2001%2Fsession-demo%2Fevent-04%2Fspeaker%3E HTTP/1.0" 200 1437 "-" "-"
218.94.142.110 - - [16/May/2014:01:28:01 +0100] "GET /conference/iswc/2001/session-demo/event-04/speaker/rdf HTTP/1.1" 200 1503 "-" "Mozilla/5.0 (compatible; Falconsbot; +http://ws.nju.edu.cn/falcons/)"
66.249.76.188 - - [16/May/2014:01:28:32 +0100] "GET /person/martin-lacher HTTP/1.1" 303 9950 "-" "Mozilla/5.0 (iPhone; CPU iPhone OS 6_0 like Mac OS X) AppleWebKit/536.26 (KHTML, like Gecko) Version/6.0 Mobile/10A5376e Safari/8536.25 (compatible; Googlebot/2.1; +http://www.google.com/bot.html)"
140.203.154.206 - - [16/May/2014:01:28:33 +0100] "GET /sparql?query=DESCRIBE+%3Chttp%3A%2F%2Fdata.semanticweb.org%2Fperson%2Fmartin-lacher%3E HTTP/1.0" 200 1869 "-" "-"
66.249.76.188 - - [16/May/2014:01:28:33 +0100] "GET /person/martin-lacher/rdf HTTP/1.1" 200 1926 "-" "Mozilla/5.0 (iPhone; CPU iPhone OS 6_0 like Mac OS X) AppleWebKit/536.26 (KHTML, like Gecko) Version/6.0 Mobile/10A5376e Safari/8536.25 (compatible; Googlebot/2.1; +http://www.google.com/bot.html)"
37.26.108.85 - - [16/May/2014:01:28:44 +0100] "GET /old/wp-admin/ HTTP/1.1" 404 4518 "-" "-"
202.129.53.210 - - [16/May/2014:01:28:35 +0100] "GET /papers/ HTTP/1.0" 200 719481 "http://www.data.semanticweb.org/" "Mozilla/4.0 (compatible; MSIE 6.0; Windows NT 5.1; SV1; FunWebProducts; .NET CLR 1.1.4322; PeoplePal 6.2)"
202.129.53.210 - - [16/May/2014:01:29:08 +0100] "GET /?q=node/add HTTP/1.0" 403 8818 "http://www.data.semanticweb.org/" "Mozilla/4.0 (compatible; MSIE 6.0; Windows NT 5.1; SV1; FunWebProducts; .NET CLR 1.1.4322; PeoplePal 6.2)"
202.129.53.210 - - [16/May/2014:01:29:11 +0100] "GET /user/register HTTP/1.0" 200 11618 "http://www.data.semanticweb.org/?q=node/add" "Mozilla/4.0 (compatible; MSIE 6.0; Windows NT 5.1; SV1; FunWebProducts; .NET CLR 1.1.4322; PeoplePal 6.2)"
208.115.113.82 - - [16/May/2014:01:29:14 +0100] "GET /workshop/mifi/2010 HTTP/1.1" 303 9972 "-" "Mozilla/5.0 (compatible; DotBot/1.1; http://www.opensiteexplorer.org/dotbot, help@moz.com)"
208.115.113.82 - - [16/May/2014:01:29:25 +0100] "GET /workshop/sdow/2010 HTTP/1.1" 303 10024 "-" "Mozilla/5.0 (compatible; DotBot/1.1; http://www.opensiteexplorer.org/dotbot, help@moz.com)"
157.55.33.28 - - [16/May/2014:01:29:38 +0100] "GET /organization/1-1-internet-ag HTTP/1.1" 303 9978 "-" "Mozilla/5.0 (compatible; bingbot/2.0; +http://www.bing.com/bingbot.htm)"
208.115.113.82 - - [16/May/2014:01:30:13 +0100] "GET /conference/eswc/2008/paper/199 HTTP/1.1" 303 10780 "-" "Mozilla/5.0 (compatible; DotBot/1.1; http://www.opensiteexplorer.org/dotbot, help@moz.com)"
208.115.113.82 - - [16/May/2014:01:30:24 +0100] "GET /conference/dh/2010/abstracts/poster/ab-739 HTTP/1.1" 303 10840 "-" "Mozilla/5.0 (compatible; DotBot/1.1; http://www.opensiteexplorer.org/dotbot, help@moz.com)"
208.115.113.82 - - [16/May/2014:01:30:35 +0100] "GET /conference/ekaw/2012/paper/research/71 HTTP/1.1" 303 10818 "-" "Mozilla/5.0 (compatible; DotBot/1.1; http://www.opensiteexplorer.org/dotbot, help@moz.com)"
200.0.29.66 - - [16/May/2014:01:30:42 +0100] "GET /person/christian-bizer HTTP/1.1" 303 9958 "-" "Ripple/1.1"
140.203.154.206 - - [16/May/2014:01:30:44 +0100] "GET /sparql?query=DESCRIBE+%3Chttp%3A%2F%2Fdata.semanticweb.org%2Fperson%2Fchristian-bizer%3E HTTP/1.0" 200 48785 "-" "-"
200.0.29.66 - - [16/May/2014:01:30:44 +0100] "GET /person/christian-bizer/rdf HTTP/1.1" 200 40123 "-" "Ripple/1.1"
208.115.113.82 - - [16/May/2014:01:30:51 +0100] "GET /person/kristina-lerman HTTP/1.1" 303 9958 "-" "Mozilla/5.0 (compatible; DotBot/1.1; http://www.opensiteexplorer.org/dotbot, help@moz.com)"
218.94.142.110 - - [16/May/2014:01:31:34 +0100] "GET /person/koji-hino HTTP/1.1" 303 9934 "-" "Mozilla/5.0 (compatible; Falconsbot; +http://ws.nju.edu.cn/falcons/)"
140.203.154.206 - - [16/May/2014:01:31:36 +0100] "GET /sparql?query=DESCRIBE+%3Chttp%3A%2F%2Fdata.semanticweb.org%2Fperson%2Fkoji-hino%3E HTTP/1.0" 200 1800 "-" "-"
218.94.142.110 - - [16/May/2014:01:31:36 +0100] "GET /person/koji-hino/rdf HTTP/1.1" 200 1881 "-" "Mozilla/5.0 (compatible; Falconsbot; +http://ws.nju.edu.cn/falcons/)"
208.115.113.82 - - [16/May/2014:01:31:37 +0100] "GET /organization/tetherless-world-constellation HTTP/1.1" 303 10030 "-" "Mozilla/5.0 (compatible; DotBot/1.1; http://www.opensiteexplorer.org/dotbot, help@moz.com)"
66.249.76.188 - - [16/May/2014:01:31:39 +0100] "GET /conference/iswc-aswc/2007/tracks/in-use/talks/715 HTTP/1.1" 303 10064 "-" "Mozilla/5.0 (compatible; Googlebot/2.1; +http://www.google.com/bot.html)"
140.203.154.206 - - [16/May/2014:01:31:40 +0100] "GET /sparql?query=DESCRIBE+%3Chttp%3A%2F%2Fdata.semanticweb.org%2Fconference%2Fiswc-aswc%2F2007%2Ftracks%2Fin-use%2Ftalks%2F715%3E HTTP/1.0" 200 1931 "-" "-"
66.249.76.188 - - [16/May/2014:01:31:40 +0100] "GET /conference/iswc-aswc/2007/tracks/in-use/talks/715/rdf HTTP/1.1" 200 1954 "-" "Mozilla/5.0 (compatible; Googlebot/2.1; +http://www.google.com/bot.html)"
208.115.113.82 - - [16/May/2014:01:31:48 +0100] "GET /organization/joenkoeping-university HTTP/1.1" 303 9998 "-" "Mozilla/5.0 (compatible; DotBot/1.1; http://www.opensiteexplorer.org/dotbot, help@moz.com)"
208.115.113.82 - - [16/May/2014:01:31:59 +0100] "GET /organization/web-based-systems-group-freie-universitaet-berlin HTTP/1.1" 303 10106 "-" "Mozilla/5.0 (compatible; DotBot/1.1; http://www.opensiteexplorer.org/dotbot, help@moz.com)"
200.0.29.66 - - [16/May/2014:01:32:08 +0100] "GET /person/christian-bizer HTTP/1.1" 303 9958 "-" "Ripple/1.1"
208.115.113.82 - - [16/May/2014:01:32:10 +0100] "GET /organization/technische-universitaet-dresden HTTP/1.1" 303 10034 "-" "Mozilla/5.0 (compatible; DotBot/1.1; http://www.opensiteexplorer.org/dotbot, help@moz.com)"
140.203.154.206 - - [16/May/2014:01:32:11 +0100] "GET /sparql?query=DESCRIBE+%3Chttp%3A%2F%2Fdata.semanticweb.org%2Fperson%2Fchristian-bizer%3E HTTP/1.0" 200 48785 "-" "-"
200.0.29.66 - - [16/May/2014:01:32:11 +0100] "GET /person/christian-bizer/rdf HTTP/1.1" 200 40123 "-" "Ripple/1.1"
208.115.113.82 - - [16/May/2014:01:32:21 +0100] "GET /organization/national-universtiy-of-defense-technology HTTP/1.1" 303 10074 "-" "Mozilla/5.0 (compatible; DotBot/1.1; http://www.opensiteexplorer.org/dotbot, help@moz.com)"
88.198.56.239 - - [16/May/2014:01:32:22 +0100] "GET /person/carlos-hurtado/html HTTP/1.1" 200 12188 "-" "Mozilla/5.0 (Windows NT 6.1; rv:12.0) Gecko/ 20120405 Firefox/14.0.1"
208.115.113.82 - - [16/May/2014:01:32:32 +0100] "GET /organization/indian-institute-of-technology-kharagpur HTTP/1.1" 303 10070 "-" "Mozilla/5.0 (compatible; DotBot/1.1; http://www.opensiteexplorer.org/dotbot, help@moz.com)"
208.115.113.82 - - [16/May/2014:01:32:43 +0100] "GET /organization/ebay-research-labs HTTP/1.1" 303 9982 "-" "Mozilla/5.0 (compatible; DotBot/1.1; http://www.opensiteexplorer.org/dotbot, help@moz.com)"
218.94.142.110 - - [16/May/2014:01:32:54 +0100] "GET /person/anastasia-karanastasi HTTP/1.1" 303 9982 "-" "Mozilla/5.0 (compatible; Falconsbot; +http://ws.nju.edu.cn/falcons/)"
107.170.26.132 - - [16/May/2014:01:32:54 +0100] "GET /blog/feed/ HTTP/1.1" 200 11016 "-" "Feedbin - 1 subscribers"
208.115.113.82 - - [16/May/2014:01:32:54 +0100] "GET /organization/russian-academy-of-sciences HTTP/1.1" 303 10018 "-" "Mozilla/5.0 (compatible; DotBot/1.1; http://www.opensiteexplorer.org/dotbot, help@moz.com)"
140.203.154.206 - - [16/May/2014:01:32:55 +0100] "GET /sparql?query=DESCRIBE+%3Chttp%3A%2F%2Fdata.semanticweb.org%2Fperson%2Fanastasia-karanastasi%3E HTTP/1.0" 200 1511 "-" "-"
218.94.142.110 - - [16/May/2014:01:32:55 +0100] "GET /person/anastasia-karanastasi/rdf HTTP/1.1" 200 1665 "-" "Mozilla/5.0 (compatible; Falconsbot; +http://ws.nju.edu.cn/falcons/)"
208.115.113.82 - - [16/May/2014:01:33:05 +0100] "GET /organization/institute-of-informatics-sas HTTP/1.1" 303 10022 "-" "Mozilla/5.0 (compatible; DotBot/1.1; http://www.opensiteexplorer.org/dotbot, help@moz.com)"
200.0.29.66 - - [16/May/2014:01:33:10 +0100] "GET /person/christian-bizer HTTP/1.1" 303 9958 "-" "Ripple/1.0"
140.203.154.206 - - [16/May/2014:01:33:12 +0100] "GET /sparql?query=DESCRIBE+%3Chttp%3A%2F%2Fdata.semanticweb.org%2Fperson%2Fchristian-bizer%3E HTTP/1.0" 200 48785 "-" "-"
200.0.29.66 - - [16/May/2014:01:33:11 +0100] "GET /person/christian-bizer/rdf HTTP/1.1" 200 40123 "-" "Ripple/1.0"
208.115.113.82 - - [16/May/2014:01:33:16 +0100] "GET /organization/worcester-polytechnic-institute HTTP/1.1" 303 10034 "-" "Mozilla/5.0 (compatible; DotBot/1.1; http://www.opensiteexplorer.org/dotbot, help@moz.com)"
208.115.113.82 - - [16/May/2014:01:33:27 +0100] "GET /organization/international-institute-of-information-technology HTTP/1.1" 303 10106 "-" "Mozilla/5.0 (compatible; DotBot/1.1; http://www.opensiteexplorer.org/dotbot, help@moz.com)"
202.46.49.70 - - [16/May/2014:01:33:35 +0100] "GET / HTTP/1.1" 200 11492 "-" "Mozilla/4.0 (compatible; MSIE 7.0; Windows NT 6.0)"
208.115.113.82 - - [16/May/2014:01:33:38 +0100] "GET /organization/imperial-college-london HTTP/1.1" 303 10002 "-" "Mozilla/5.0 (compatible; DotBot/1.1; http://www.opensiteexplorer.org/dotbot, help@moz.com)"
208.115.113.82 - - [16/May/2014:01:33:49 +0100] "GET /organization/furtwangen-university HTTP/1.1" 303 9994 "-" "Mozilla/5.0 (compatible; DotBot/1.1; http://www.opensiteexplorer.org/dotbot, help@moz.com)"
208.115.113.82 - - [16/May/2014:01:34:00 +0100] "GET /organization/indian-institute-of-science HTTP/1.1" 303 10018 "-" "Mozilla/5.0 (compatible; DotBot/1.1; http://www.opensiteexplorer.org/dotbot, help@moz.com)"
208.115.113.82 - - [16/May/2014:01:34:11 +0100] "GET /organization/department-of-electrical-engineering-and-electroni HTTP/1.1" 303 10158 "-" "Mozilla/5.0 (compatible; DotBot/1.1; http://www.opensiteexplorer.org/dotbot, help@moz.com)"
68.180.224.172 - - [16/May/2014:01:34:11 +0100] "GET /conference/iswc/2005/poster-demo-proceedings/paper-05 HTTP/1.1" 303 10862 "-" "Mozilla/5.0 (compatible; Yahoo! Slurp; http://help.yahoo.com/help/us/ysearch/slurp)"
140.203.154.206 - - [16/May/2014:01:34:21 +0100] "GET /sparql?query=DESCRIBE+%3Chttp%3A%2F%2Fdata.semanticweb.org%2Fconference%2Fiswc%2F2005%2Fposter-demo-proceedings%2Fpaper-05%3E HTTP/1.0" 200 3458 "-" "-"
68.180.224.172 - - [16/May/2014:01:34:21 +0100] "GET /conference/iswc/2005/poster-demo-proceedings/paper-05/rdf HTTP/1.1" 200 3481 "-" "Mozilla/5.0 (compatible; Yahoo! Slurp; http://help.yahoo.com/help/us/ysearch/slurp)"
208.115.113.82 - - [16/May/2014:01:34:22 +0100] "GET /organization/university-of-the-basque-country HTTP/1.1" 303 10038 "-" "Mozilla/5.0 (compatible; DotBot/1.1; http://www.opensiteexplorer.org/dotbot, help@moz.com)"
119.63.193.132 - - [16/May/2014:01:34:23 +0100] "GET / HTTP/1.1" 200 11492 "-" "Mozilla/4.0 (compatible; MSIE 7.0; Windows NT 6.0)"
208.115.113.82 - - [16/May/2014:01:34:33 +0100] "GET /organization/magna-grcia-university HTTP/1.1" 303 10002 "-" "Mozilla/5.0 (compatible; DotBot/1.1; http://www.opensiteexplorer.org/dotbot, help@moz.com)"
218.94.142.110 - - [16/May/2014:01:34:35 +0100] "GET /conference/isemantics/2009/paper/main/7/authorlist HTTP/1.1" 404 4518 "-" "Mozilla/5.0 (compatible; Falconsbot; +http://ws.nju.edu.cn/falcons/)"
208.115.113.82 - - [16/May/2014:01:34:43 +0100] "GET /organization/the-national-digital-library-project HTTP/1.1" 303 10054 "-" "Mozilla/5.0 (compatible; DotBot/1.1; http://www.opensiteexplorer.org/dotbot, help@moz.com)"
208.115.113.82 - - [16/May/2014:01:34:54 +0100] "GET /organization/sti-international HTTP/1.1" 303 9978 "-" "Mozilla/5.0 (compatible; DotBot/1.1; http://www.opensiteexplorer.org/dotbot, help@moz.com)"
208.115.113.82 - - [16/May/2014:01:35:05 +0100] "GET /organization/university-of-ioannina HTTP/1.1" 303 9998 "-" "Mozilla/5.0 (compatible; DotBot/1.1; http://www.opensiteexplorer.org/dotbot, help@moz.com)"
216.240.163.106 - - [16/May/2014:01:35:09 +0100] "GET /conference/eswc/2011/complete HTTP/1.0" 200 633441 "http://data.semanticweb.org/" "Mozilla/4.0 (compatible; MSIE 6.0; Windows NT 5.1; SV1; FunWebProducts; .NET CLR 1.1.4322; PeoplePal 6.2)"
216.240.163.106 - - [16/May/2014:01:35:13 +0100] "GET /person/zhonglun-cai HTTP/1.0" 303 9946 "http://data.semanticweb.org/conference/eswc/2011/complete" "Mozilla/4.0 (compatible; MSIE 6.0; Windows NT 5.1; SV1; FunWebProducts; .NET CLR 1.1.4322; PeoplePal 6.2)"
216.240.163.106 - - [16/May/2014:01:35:14 +0100] "GET /person/zhonglun-cai/html HTTP/1.0" 200 11360 "http://data.semanticweb.org/conference/eswc/2011/complete" "Mozilla/4.0 (compatible; MSIE 6.0; Windows NT 5.1; SV1; FunWebProducts; .NET CLR 1.1.4322; PeoplePal 6.2)"
216.240.163.106 - - [16/May/2014:01:35:15 +0100] "GET /?q=node/add HTTP/1.0" 403 8814 "http://data.semanticweb.org/" "Mozilla/4.0 (compatible; MSIE 6.0; Windows NT 5.1; SV1; FunWebProducts; .NET CLR 1.1.4322; PeoplePal 6.2)"
216.240.163.106 - - [16/May/2014:01:35:15 +0100] "GET /user/register HTTP/1.0" 200 11618 "http://data.semanticweb.org/?q=node/add" "Mozilla/4.0 (compatible; MSIE 6.0; Windows NT 5.1; SV1; FunWebProducts; .NET CLR 1.1.4322; PeoplePal 6.2)"
208.115.113.82 - - [16/May/2014:01:35:16 +0100] "GET /organization/forschungszentrum-informatik HTTP/1.1" 303 10022 "-" "Mozilla/5.0 (compatible; DotBot/1.1; http://www.opensiteexplorer.org/dotbot, help@moz.com)"
208.115.113.82 - - [16/May/2014:01:35:27 +0100] "GET /organization/structured-dynamics HTTP/1.1" 303 9994 "-" "Mozilla/5.0 (compatible; DotBot/1.1; http://www.opensiteexplorer.org/dotbot, help@moz.com)"
208.115.113.82 - - [16/May/2014:01:35:38 +0100] "GET /organization/sapienza-university-of-rome HTTP/1.1" 303 10000 "-" "Mozilla/5.0 (compatible; DotBot/1.1; http://www.opensiteexplorer.org/dotbot, help@moz.com)"
200.0.29.66 - - [16/May/2014:01:35:54 +0100] "GET /conference/iswc-aswc/2007/tracks/in-use/papers/715 HTTP/1.1" 303 10822 "-" "Ripple/1.0"
140.203.154.206 - - [16/May/2014:01:35:55 +0100] "GET /sparql?query=DESCRIBE+%3Chttp%3A%2F%2Fdata.semanticweb.org%2Fconference%2Fiswc-aswc%2F2007%2Ftracks%2Fin-use%2Fpapers%2F715%3E HTTP/1.0" 200 7781 "-" "-"
200.0.29.66 - - [16/May/2014:01:35:55 +0100] "GET /conference/iswc-aswc/2007/tracks/in-use/papers/715/rdf HTTP/1.1" 200 6801 "-" "Ripple/1.0"
200.0.29.66 - - [16/May/2014:01:35:57 +0100] "GET /conference/eswc/2007/demo-3 HTTP/1.1" 303 10004 "-" "Ripple/1.0"
140.203.154.206 - - [16/May/2014:01:35:58 +0100] "GET /sparql?query=DESCRIBE+%3Chttp%3A%2F%2Fdata.semanticweb.org%2Fconference%2Feswc%2F2007%2Fdemo-3%3E HTTP/1.0" 200 2033 "-" "-"
200.0.29.66 - - [16/May/2014:01:35:58 +0100] "GET /conference/eswc/2007/demo-3/rdf HTTP/1.1" 200 2092 "-" "Ripple/1.0"
200.0.29.66 - - [16/May/2014:01:35:59 +0100] "GET /conference/iswc/2006/paper-24 HTTP/1.1" 303 10780 "-" "Ripple/1.0"
140.203.154.206 - - [16/May/2014:01:36:01 +0100] "GET /sparql?query=DESCRIBE+%3Chttp%3A%2F%2Fdata.semanticweb.org%2Fconference%2Fiswc%2F2006%2Fpaper-24%3E HTTP/1.0" 200 4252 "-" "-"
200.0.29.66 - - [16/May/2014:01:36:01 +0100] "GET /conference/iswc/2006/paper-24/rdf HTTP/1.1" 200 4205 "-" "Ripple/1.0"
200.0.29.66 - - [16/May/2014:01:36:03 +0100] "GET /workshop/LDOW/2008/paper/6 HTTP/1.1" 303 10752 "-" "Ripple/1.0"
140.203.154.206 - - [16/May/2014:01:36:05 +0100] "GET /sparql?query=DESCRIBE+%3Chttp%3A%2F%2Fdata.semanticweb.org%2Fworkshop%2FLDOW%2F2008%2Fpaper%2F6%3E HTTP/1.0" 200 3461 "-" "-"
200.0.29.66 - - [16/May/2014:01:36:05 +0100] "GET /workshop/LDOW/2008/paper/6/rdf HTTP/1.1" 200 3703 "-" "Ripple/1.0"
200.0.29.66 - - [16/May/2014:01:36:07 +0100] "GET /workshop/ssws/2008/paper/main/4 HTTP/1.1" 303 10816 "-" "Ripple/1.0"
140.203.154.206 - - [16/May/2014:01:36:08 +0100] "GET /sparql?query=DESCRIBE+%3Chttp%3A%2F%2Fdata.semanticweb.org%2Fworkshop%2Fssws%2F2008%2Fpaper%2Fmain%2F4%3E HTTP/1.0" 200 4228 "-" "-"
200.0.29.66 - - [16/May/2014:01:36:08 +0100] "GET /workshop/ssws/2008/paper/main/4/rdf HTTP/1.1" 200 4165 "-" "Ripple/1.0"
200.0.29.66 - - [16/May/2014:01:36:09 +0100] "GET /conference/iswc/2009/paper/research/301 HTTP/1.1" 303 10800 "-" "Ripple/1.0"
140.203.154.206 - - [16/May/2014:01:36:11 +0100] "GET /sparql?query=DESCRIBE+%3Chttp%3A%2F%2Fdata.semanticweb.org%2Fconference%2Fiswc%2F2009%2Fpaper%2Fresearch%2F301%3E HTTP/1.0" 200 5561 "-" "-"
200.0.29.66 - - [16/May/2014:01:36:11 +0100] "GET /conference/iswc/2009/paper/research/301/rdf HTTP/1.1" 200 5223 "-" "Ripple/1.0"
200.0.29.66 - - [16/May/2014:01:36:12 +0100] "GET /conference/iswc/2009/paper/research/306 HTTP/1.1" 303 10800 "-" "Ripple/1.0"
140.203.154.206 - - [16/May/2014:01:36:14 +0100] "GET /sparql?query=DESCRIBE+%3Chttp%3A%2F%2Fdata.semanticweb.org%2Fconference%2Fiswc%2F2009%2Fpaper%2Fresearch%2F306%3E HTTP/1.0" 200 5858 "-" "-"
200.0.29.66 - - [16/May/2014:01:36:14 +0100] "GET /conference/iswc/2009/paper/research/306/rdf HTTP/1.1" 200 5389 "-" "Ripple/1.0"
200.0.29.66 - - [16/May/2014:01:36:15 +0100] "GET /conference/iswc/2010/paper/495 HTTP/1.1" 303 10800 "-" "Ripple/1.0"
140.203.154.206 - - [16/May/2014:01:36:17 +0100] "GET /sparql?query=DESCRIBE+%3Chttp%3A%2F%2Fdata.semanticweb.org%2Fconference%2Fiswc%2F2010%2Fpaper%2F495%3E HTTP/1.0" 200 4747 "-" "-"
200.0.29.66 - - [16/May/2014:01:36:17 +0100] "GET /conference/iswc/2010/paper/495/rdf HTTP/1.1" 200 4481 "-" "Ripple/1.0"
200.0.29.66 - - [16/May/2014:01:36:18 +0100] "GET /conference/iswc/2010/paper/512 HTTP/1.1" 303 10770 "-" "Ripple/1.0"
140.203.154.206 - - [16/May/2014:01:36:20 +0100] "GET /sparql?query=DESCRIBE+%3Chttp%3A%2F%2Fdata.semanticweb.org%2Fconference%2Fiswc%2F2010%2Fpaper%2F512%3E HTTP/1.0" 200 4482 "-" "-"
200.0.29.66 - - [16/May/2014:01:36:20 +0100] "GET /conference/iswc/2010/paper/512/rdf HTTP/1.1" 200 4234 "-" "Ripple/1.0"
200.0.29.66 - - [16/May/2014:01:36:21 +0100] "GET /conference/iswc/2010/paper/519 HTTP/1.1" 303 10798 "-" "Ripple/1.0"
140.203.154.206 - - [16/May/2014:01:36:22 +0100] "GET /sparql?query=DESCRIBE+%3Chttp%3A%2F%2Fdata.semanticweb.org%2Fconference%2Fiswc%2F2010%2Fpaper%2F519%3E HTTP/1.0" 200 4296 "-" "-"
200.0.29.66 - - [16/May/2014:01:36:22 +0100] "GET /conference/iswc/2010/paper/519/rdf HTTP/1.1" 200 4156 "-" "Ripple/1.0"
200.0.29.66 - - [16/May/2014:01:36:23 +0100] "GET /workshop/cold/2010/BizerEtAlPaper HTTP/1.1" 303 10802 "-" "Ripple/1.0"
140.203.154.206 - - [16/May/2014:01:36:25 +0100] "GET /sparql?query=DESCRIBE+%3Chttp%3A%2F%2Fdata.semanticweb.org%2Fworkshop%2Fcold%2F2010%2FBizerEtAlPaper%3E HTTP/1.0" 200 2152 "-" "-"
200.0.29.66 - - [16/May/2014:01:36:25 +0100] "GET /workshop/cold/2010/BizerEtAlPaper/rdf HTTP/1.1" 200 2470 "-" "Ripple/1.0"
200.0.29.66 - - [16/May/2014:01:36:26 +0100] "GET /workshop/cold/2010/IseleEtAlPaper HTTP/1.1" 303 10796 "-" "Ripple/1.0"
140.203.154.206 - - [16/May/2014:01:36:28 +0100] "GET /sparql?query=DESCRIBE+%3Chttp%3A%2F%2Fdata.semanticweb.org%2Fworkshop%2Fcold%2F2010%2FIseleEtAlPaper%3E HTTP/1.0" 200 2469 "-" "-"
200.0.29.66 - - [16/May/2014:01:36:28 +0100] "GET /workshop/cold/2010/IseleEtAlPaper/rdf HTTP/1.1" 200 2726 "-" "Ripple/1.0"
200.0.29.66 - - [16/May/2014:01:36:29 +0100] "GET /workshop/cold/2011/paper/19 HTTP/1.1" 303 10760 "-" "Ripple/1.0"
140.203.154.206 - - [16/May/2014:01:36:31 +0100] "GET /sparql?query=DESCRIBE+%3Chttp%3A%2F%2Fdata.semanticweb.org%2Fworkshop%2Fcold%2F2011%2Fpaper%2F19%3E HTTP/1.0" 200 4350 "-" "-"
200.0.29.66 - - [16/May/2014:01:36:30 +0100] "GET /workshop/cold/2011/paper/19/rdf HTTP/1.1" 200 4180 "-" "Ripple/1.0"
200.0.29.66 - - [16/May/2014:01:36:31 +0100] "GET /conference/www/2012/dev/17 HTTP/1.1" 303 10760 "-" "Ripple/1.0"
140.203.154.206 - - [16/May/2014:01:36:33 +0100] "GET /sparql?query=DESCRIBE+%3Chttp%3A%2F%2Fdata.semanticweb.org%2Fconference%2Fwww%2F2012%2Fdev%2F17%3E HTTP/1.0" 200 6643 "-" "-"
200.0.29.66 - - [16/May/2014:01:36:33 +0100] "GET /conference/www/2012/dev/17/rdf HTTP/1.1" 200 6180 "-" "Ripple/1.0"
200.0.29.66 - - [16/May/2014:01:36:34 +0100] "GET /workshop/ldow/2012 HTTP/1.1" 303 9964 "-" "Ripple/1.0"
140.203.154.206 - - [16/May/2014:01:36:36 +0100] "GET /sparql?query=DESCRIBE+%3Chttp%3A%2F%2Fdata.semanticweb.org%2Fworkshop%2Fldow%2F2012%3E HTTP/1.0" 200 7291 "-" "-"
200.0.29.66 - - [16/May/2014:01:36:35 +0100] "GET /workshop/ldow/2012/rdf HTTP/1.1" 200 6561 "-" "Ripple/1.0"
200.0.29.66 - - [16/May/2014:01:36:37 +0100] "GET /workshop/ldow/2012/paper/27 HTTP/1.1" 303 10774 "-" "Ripple/1.0"
200.0.29.66 - - [16/May/2014:01:36:38 +0100] "GET /person/christian-bizer HTTP/1.1" 303 9958 "-" "Ripple/1.1"
140.203.154.206 - - [16/May/2014:01:36:39 +0100] "GET /sparql?query=DESCRIBE+%3Chttp%3A%2F%2Fdata.semanticweb.org%2Fworkshop%2Fldow%2F2012%2Fpaper%2F27%3E HTTP/1.0" 200 4971 "-" "-"
200.0.29.66 - - [16/May/2014:01:36:39 +0100] "GET /workshop/ldow/2012/paper/27/rdf HTTP/1.1" 200 5027 "-" "Ripple/1.0"
140.203.154.206 - - [16/May/2014:01:36:41 +0100] "GET /sparql?query=DESCRIBE+%3Chttp%3A%2F%2Fdata.semanticweb.org%2Fperson%2Fchristian-bizer%3E HTTP/1.0" 200 48785 "-" "-"
200.0.29.66 - - [16/May/2014:01:36:40 +0100] "GET /person/christian-bizer/rdf HTTP/1.1" 200 40123 "-" "Ripple/1.1"
200.0.29.66 - - [16/May/2014:01:36:44 +0100] "GET /conference/iswc/2004/poster-proceedings/paper-03 HTTP/1.1" 303 10846 "-" "Ripple/1.0"
140.203.154.206 - - [16/May/2014:01:36:46 +0100] "GET /sparql?query=DESCRIBE+%3Chttp%3A%2F%2Fdata.semanticweb.org%2Fconference%2Fiswc%2F2004%2Fposter-proceedings%2Fpaper-03%3E HTTP/1.0" 200 2912 "-" "-"
200.0.29.66 - - [16/May/2014:01:36:45 +0100] "GET /conference/iswc/2004/poster-proceedings/paper-03/rdf HTTP/1.1" 200 3027 "-" "Ripple/1.0"
200.0.29.66 - - [16/May/2014:01:36:50 +0100] "GET /conference/iswc/2005/poster-demo-proceedings/paper-59 HTTP/1.1" 303 10934 "-" "Ripple/1.0"
218.94.142.110 - - [16/May/2014:01:36:50 +0100] "GET /organization/k-now HTTP/1.1" 303 9930 "-" "Mozilla/5.0 (compatible; Falconsbot; +http://ws.nju.edu.cn/falcons/)"
140.203.154.206 - - [16/May/2014:01:36:51 +0100] "GET /sparql?query=DESCRIBE+%3Chttp%3A%2F%2Fdata.semanticweb.org%2Fconference%2Fiswc%2F2005%2Fposter-demo-proceedings%2Fpaper-59%3E HTTP/1.0" 200 3121 "-" "-"
200.0.29.66 - - [16/May/2014:01:36:51 +0100] "GET /conference/iswc/2005/poster-demo-proceedings/paper-59/rdf HTTP/1.1" 200 3275 "-" "Ripple/1.0"
200.0.29.66 - - [16/May/2014:01:36:52 +0100] "GET /conference/iswc/2005/poster-demo-proceedings/paper-69 HTTP/1.1" 303 10860 "-" "Ripple/1.0"
140.203.154.206 - - [16/May/2014:01:36:54 +0100] "GET /sparql?query=DESCRIBE+%3Chttp%3A%2F%2Fdata.semanticweb.org%2Fconference%2Fiswc%2F2005%2Fposter-demo-proceedings%2Fpaper-69%3E HTTP/1.0" 200 3960 "-" "-"
200.0.29.66 - - [16/May/2014:01:36:54 +0100] "GET /conference/iswc/2005/poster-demo-proceedings/paper-69/rdf HTTP/1.1" 200 3887 "-" "Ripple/1.0"
200.0.29.66 - - [16/May/2014:01:36:55 +0100] "GET /conference/iswc/2013/proceedings-1/paper-32 HTTP/1.1" 303 10776 "-" "Ripple/1.0"
140.203.154.206 - - [16/May/2014:01:36:57 +0100] "GET /sparql?query=DESCRIBE+%3Chttp%3A%2F%2Fdata.semanticweb.org%2Fconference%2Fiswc%2F2013%2Fproceedings-1%2Fpaper-32%3E HTTP/1.0" 200 4414 "-" "-"
200.0.29.66 - - [16/May/2014:01:36:56 +0100] "GET /conference/iswc/2013/proceedings-1/paper-32/rdf HTTP/1.1" 200 4232 "-" "Ripple/1.0"
200.0.29.66 - - [16/May/2014:01:36:57 +0100] "GET /conference/iswc/2013/proceedings-2/paper-02 HTTP/1.1" 303 10884 "-" "Ripple/1.0"
140.203.154.206 - - [16/May/2014:01:36:59 +0100] "GET /sparql?query=DESCRIBE+%3Chttp%3A%2F%2Fdata.semanticweb.org%2Fconference%2Fiswc%2F2013%2Fproceedings-2%2Fpaper-02%3E HTTP/1.0" 200 7286 "-" "-"
200.0.29.66 - - [16/May/2014:01:36:59 +0100] "GET /conference/iswc/2013/proceedings-2/paper-02/rdf HTTP/1.1" 200 6778 "-" "Ripple/1.0"
::1 - - [16/May/2014:01:37:12 +0100] "GET /" 400 610 "-" "-"
::1 - - [16/May/2014:01:37:14 +0100] "GET /" 400 610 "-" "-"
::1 - - [16/May/2014:01:37:17 +0100] "GET /" 400 610 "-" "-"
217.69.133.11 - - [16/May/2014:01:38:06 +0100] "GET /robots.txt HTTP/1.1" 200 1641 "-" "Mozilla/5.0 (compatible; Linux x86_64; Mail.RU_Bot/2.0; +http://go.mail.ru/help/robots)"
217.69.133.10 - - [16/May/2014:01:38:08 +0100] "GET / HTTP/1.1" 200 11476 "-" "Mozilla/5.0 (compatible; Linux x86_64; Mail.RU_Bot/2.0; +http://go.mail.ru/help/robots)"
144.76.129.113 - - [16/May/2014:01:38:50 +0100] "GET /conference/www/2008/complete/RK=0/RS=EMJGpWaH0AAW3tivHYaO6sS.868- HTTP/1.1" 200 790608 "http://data.semanticweb.org/" "Mozilla/4.0 (compatible; MSIE 6.0; Windows NT 5.1; SV1; MRA 5.8 (build 4157); .NET CLR 2.0.50727; AskTbPTV/5.11.3.15590)"
144.76.129.113 - - [16/May/2014:01:38:51 +0100] "GET /workshop/LDOW/2008 HTTP/1.1" 303 9964 "http://data.semanticweb.org/conference/www/2008/complete/RK=0/RS=EMJGpWaH0AAW3tivHYaO6sS.868-" "Mozilla/4.0 (compatible; MSIE 6.0; Windows NT 5.1; SV1; MRA 5.8 (build 4157); .NET CLR 2.0.50727; AskTbPTV/5.11.3.15590)"
144.76.129.113 - - [16/May/2014:01:38:52 +0100] "GET /workshop/LDOW/2008/html HTTP/1.1" 200 18328 "http://data.semanticweb.org/conference/www/2008/complete/RK=0/RS=EMJGpWaH0AAW3tivHYaO6sS.868-" "Mozilla/4.0 (compatible; MSIE 6.0; Windows NT 5.1; SV1; MRA 5.8 (build 4157); .NET CLR 2.0.50727; AskTbPTV/5.11.3.15590)"
5.157.45.41 - - [16/May/2014:01:38:54 +0100] "GET /?q=node/add HTTP/1.0" 403 8814 "http://data.semanticweb.org/" "Mozilla/4.0 (compatible; MSIE 6.0; Windows NT 5.1; SV1; MRA 5.8 (build 4157); .NET CLR 2.0.50727; AskTbPTV/5.11.3.15590)"
5.157.45.41 - - [16/May/2014:01:38:55 +0100] "GET /user/register HTTP/1.0" 200 11618 "http://data.semanticweb.org/?q=node/add" "Mozilla/4.0 (compatible; MSIE 6.0; Windows NT 5.1; SV1; MRA 5.8 (build 4157); .NET CLR 2.0.50727; AskTbPTV/5.11.3.15590)"
151.237.186.64 - - [16/May/2014:01:38:56 +0100] "GET /workshop/LDOW/2008/html HTTP/1.0" 200 18328 "http://data.semanticweb.org/user/register" "Mozilla/4.0 (compatible; MSIE 6.0; Windows NT 5.1; SV1; MRA 5.8 (build 4157); .NET CLR 2.0.50727; AskTbPTV/5.11.3.15590)"
151.237.186.64 - - [16/May/2014:01:38:57 +0100] "GET /?q=node/add HTTP/1.0" 403 8814 "http://data.semanticweb.org/" "Mozilla/4.0 (compatible; MSIE 6.0; Windows NT 5.1; SV1; MRA 5.8 (build 4157); .NET CLR 2.0.50727; AskTbPTV/5.11.3.15590)"
151.237.186.64 - - [16/May/2014:01:38:57 +0100] "GET /user/register HTTP/1.0" 200 11618 "http://data.semanticweb.org/?q=node/add" "Mozilla/4.0 (compatible; MSIE 6.0; Windows NT 5.1; SV1; MRA 5.8 (build 4157); .NET CLR 2.0.50727; AskTbPTV/5.11.3.15590)"
200.0.29.66 - - [16/May/2014:01:39:42 +0100] "GET /person/christian-bizer HTTP/1.1" 303 9958 "-" "Ripple/1.1"
140.203.154.206 - - [16/May/2014:01:39:44 +0100] "GET /sparql?query=DESCRIBE+%3Chttp%3A%2F%2Fdata.semanticweb.org%2Fperson%2Fchristian-bizer%3E HTTP/1.0" 200 48785 "-" "-"
200.0.29.66 - - [16/May/2014:01:39:44 +0100] "GET /person/christian-bizer/rdf HTTP/1.1" 200 40123 "-" "Ripple/1.1"
218.94.142.110 - - [16/May/2014:01:39:49 +0100] "GET /conference/lrec/2008/papers/340/authors HTTP/1.1" 303 9980 "-" "Mozilla/5.0 (compatible; Falconsbot; +http://ws.nju.edu.cn/falcons/)"
140.203.154.206 - - [16/May/2014:01:39:53 +0100] "GET /sparql?query=DESCRIBE+%3Chttp%3A%2F%2Fdata.semanticweb.org%2Fconference%2Flrec%2F2008%2Fpapers%2F340%2Fauthors%3E HTTP/1.0" 200 1033 "-" "-"
218.94.142.110 - - [16/May/2014:01:39:53 +0100] "GET /conference/lrec/2008/papers/340/authors/rdf HTTP/1.1" 200 1239 "-" "Mozilla/5.0 (compatible; Falconsbot; +http://ws.nju.edu.cn/falcons/)"
218.94.142.110 - - [16/May/2014:01:40:22 +0100] "GET /person/fuesane-cheng HTTP/1.1" 303 9950 "-" "Mozilla/5.0 (compatible; Falconsbot; +http://ws.nju.edu.cn/falcons/)"
140.203.154.206 - - [16/May/2014:01:40:23 +0100] "GET /sparql?query=DESCRIBE+%3Chttp%3A%2F%2Fdata.semanticweb.org%2Fperson%2Ffuesane-cheng%3E HTTP/1.0" 200 1925 "-" "-"
218.94.142.110 - - [16/May/2014:01:40:22 +0100] "GET /person/fuesane-cheng/rdf HTTP/1.1" 200 1981 "-" "Mozilla/5.0 (compatible; Falconsbot; +http://ws.nju.edu.cn/falcons/)"
78.46.73.98 - - [16/May/2014:01:40:32 +0100] "GET /person/benedikt-kaempgen HTTP/1.1" 303 9966 "-" "EasyRdf_Http_Client"
198.23.248.15 - - [16/May/2014:01:40:32 +0100] "GET /papers//RK=0/RS=J49xBV5EIms.6SVagPuNvB6ggkE- HTTP/1.0" 404 4518 "http://www.data.semanticweb.org/" "Mozilla/4.0 (compatible; MSIE 6.0; Windows NT 5.1; SV1; MRA 5.8 (build 4157); .NET CLR 2.0.50727; AskTbPTV/5.11.3.15590)"
140.203.154.206 - - [16/May/2014:01:40:33 +0100] "GET /sparql?query=DESCRIBE+%3Chttp%3A%2F%2Fdata.semanticweb.org%2Fperson%2Fbenedikt-kaempgen%3E HTTP/1.0" 200 2060 "-" "-"
78.46.73.98 - - [16/May/2014:01:40:32 +0100] "GET /person/benedikt-kaempgen/rdf HTTP/1.1" 200 2177 "-" "EasyRdf_Http_Client"
198.23.248.15 - - [16/May/2014:01:40:33 +0100] "GET /?q=node/add HTTP/1.0" 403 8818 "http://www.data.semanticweb.org/" "Mozilla/4.0 (compatible; MSIE 6.0; Windows NT 5.1; SV1; MRA 5.8 (build 4157); .NET CLR 2.0.50727; AskTbPTV/5.11.3.15590)"
198.23.248.15 - - [16/May/2014:01:40:35 +0100] "GET /user/register HTTP/1.0" 200 11618 "http://www.data.semanticweb.org/?q=node/add" "Mozilla/4.0 (compatible; MSIE 6.0; Windows NT 5.1; SV1; MRA 5.8 (build 4157); .NET CLR 2.0.50727; AskTbPTV/5.11.3.15590)"
184.82.221.100 - - [16/May/2014:01:40:37 +0100] "GET /papers//RK=0/RS=J49xBV5EIms.6SVagPuNvB6ggkE- HTTP/1.0" 404 4518 "http://www.data.semanticweb.org/user/register" "Mozilla/4.0 (compatible; MSIE 6.0; Windows NT 5.1; SV1; MRA 5.8 (build 4157); .NET CLR 2.0.50727; AskTbPTV/5.11.3.15590)"
184.82.221.100 - - [16/May/2014:01:40:39 +0100] "GET /?q=node/add HTTP/1.0" 403 8818 "http://www.data.semanticweb.org/" "Mozilla/4.0 (compatible; MSIE 6.0; Windows NT 5.1; SV1; MRA 5.8 (build 4157); .NET CLR 2.0.50727; AskTbPTV/5.11.3.15590)"
184.82.221.100 - - [16/May/2014:01:40:40 +0100] "GET /user/register HTTP/1.0" 200 11618 "http://www.data.semanticweb.org/?q=node/add" "Mozilla/4.0 (compatible; MSIE 6.0; Windows NT 5.1; SV1; MRA 5.8 (build 4157); .NET CLR 2.0.50727; AskTbPTV/5.11.3.15590)"
192.227.165.36 - - [16/May/2014:01:40:42 +0100] "GET /papers//RK=0/RS=J49xBV5EIms.6SVagPuNvB6ggkE- HTTP/1.0" 404 4518 "http://www.data.semanticweb.org/user/register" "Mozilla/4.0 (compatible; MSIE 6.0; Windows NT 5.1; SV1; MRA 5.8 (build 4157); .NET CLR 2.0.50727; AskTbPTV/5.11.3.15590)"
192.227.165.36 - - [16/May/2014:01:40:46 +0100] "GET /?q=node/add HTTP/1.0" 403 8818 "http://www.data.semanticweb.org/" "Mozilla/4.0 (compatible; MSIE 6.0; Windows NT 5.1; SV1; MRA 5.8 (build 4157); .NET CLR 2.0.50727; AskTbPTV/5.11.3.15590)"
192.227.165.36 - - [16/May/2014:01:40:48 +0100] "GET /user/register HTTP/1.0" 200 11618 "http://www.data.semanticweb.org/?q=node/add" "Mozilla/4.0 (compatible; MSIE 6.0; Windows NT 5.1; SV1; MRA 5.8 (build 4157); .NET CLR 2.0.50727; AskTbPTV/5.11.3.15590)"
198.12.104.224 - - [16/May/2014:01:40:50 +0100] "GET /papers//RK=0/RS=J49xBV5EIms.6SVagPuNvB6ggkE- HTTP/1.0" 404 4518 "http://www.data.semanticweb.org/user/register" "Mozilla/4.0 (compatible; MSIE 6.0; Windows NT 5.1; SV1; MRA 5.8 (build 4157); .NET CLR 2.0.50727; AskTbPTV/5.11.3.15590)"
198.12.104.224 - - [16/May/2014:01:40:51 +0100] "GET /?q=node/add HTTP/1.0" 403 8818 "http://www.data.semanticweb.org/" "Mozilla/4.0 (compatible; MSIE 6.0; Windows NT 5.1; SV1; MRA 5.8 (build 4157); .NET CLR 2.0.50727; AskTbPTV/5.11.3.15590)"
218.94.142.110 - - [16/May/2014:01:40:52 +0100] "GET /person/mark-mcconville HTTP/1.1" 303 9958 "-" "Mozilla/5.0 (compatible; Falconsbot; +http://ws.nju.edu.cn/falcons/)"
198.12.104.224 - - [16/May/2014:01:40:52 +0100] "GET /user/register HTTP/1.0" 200 11618 "http://www.data.semanticweb.org/?q=node/add" "Mozilla/4.0 (compatible; MSIE 6.0; Windows NT 5.1; SV1; MRA 5.8 (build 4157); .NET CLR 2.0.50727; AskTbPTV/5.11.3.15590)"
218.94.142.110 - - [16/May/2014:01:41:33 +0100] "GET /person/shu-kai-hsieh HTTP/1.1" 303 9950 "-" "Mozilla/5.0 (compatible; Falconsbot; +http://ws.nju.edu.cn/falcons/)"
78.46.73.98 - - [16/May/2014:01:42:15 +0100] "GET /conference/iswc/2011 HTTP/1.1" 404 4518 "-" "EasyRdf_Http_Client"
78.46.73.98 - - [16/May/2014:01:42:16 +0100] "GET /conference/iswc/2011 HTTP/1.1" 404 4518 "-" "EasyRdf_Http_Client"
78.46.73.98 - - [16/May/2014:01:42:16 +0100] "GET /conference/iswc/2011/rdf HTTP/1.1" 404 4518 "-" "EasyRdf_Http_Client"
78.46.73.98 - - [16/May/2014:01:42:17 +0100] "GET /conference/iswc/2011/rdf HTTP/1.1" 404 4518 "-" "EasyRdf_Http_Client"
66.249.76.188 - - [16/May/2014:01:43:23 +0100] "GET /person/tsvi-kuflik HTTP/1.1" 303 9942 "-" "Mozilla/5.0 (iPhone; CPU iPhone OS 6_0 like Mac OS X) AppleWebKit/536.26 (KHTML, like Gecko) Version/6.0 Mobile/10A5376e Safari/8536.25 (compatible; Googlebot/2.1; +http://www.google.com/bot.html)"
140.203.154.206 - - [16/May/2014:01:43:24 +0100] "GET /sparql?query=DESCRIBE+%3Chttp%3A%2F%2Fdata.semanticweb.org%2Fperson%2Ftsvi-kuflik%3E HTTP/1.0" 200 1587 "-" "-"
66.249.76.188 - - [16/May/2014:01:43:24 +0100] "GET /person/tsvi-kuflik/rdf HTTP/1.1" 200 1709 "-" "Mozilla/5.0 (iPhone; CPU iPhone OS 6_0 like Mac OS X) AppleWebKit/536.26 (KHTML, like Gecko) Version/6.0 Mobile/10A5376e Safari/8536.25 (compatible; Googlebot/2.1; +http://www.google.com/bot.html)"
54.187.214.252 - - [16/May/2014:01:43:46 +0100] "GET /images/bones_small.png HTTP/1.1" 200 11048 "-" "Python-urllib/2.6"
218.94.142.110 - - [16/May/2014:01:43:47 +0100] "GET /organization/fbk-irst/html HTTP/1.1" 200 19533 "-" "Mozilla/5.0 (compatible; Falconsbot; +http://ws.nju.edu.cn/falcons/)"
66.249.76.188 - - [16/May/2014:01:44:04 +0100] "GET /conference/iswc/2009/paper/inuse/171/html HTTP/1.1" 200 17645 "-" "Mozilla/5.0 (compatible; Googlebot/2.1; +http://www.google.com/bot.html)"
78.46.73.98 - - [16/May/2014:01:44:21 +0100] "GET /person/benedikt-kaempgen HTTP/1.1" 303 9966 "-" "EasyRdf_Http_Client"
140.203.154.206 - - [16/May/2014:01:44:22 +0100] "GET /sparql?query=DESCRIBE+%3Chttp%3A%2F%2Fdata.semanticweb.org%2Fperson%2Fbenedikt-kaempgen%3E HTTP/1.0" 200 2060 "-" "-"
78.46.73.98 - - [16/May/2014:01:44:22 +0100] "GET /person/benedikt-kaempgen/rdf HTTP/1.1" 200 2177 "-" "EasyRdf_Http_Client"
140.203.154.206 - - [16/May/2014:01:45:01 +0100] "GET /cron.php HTTP/1.0" 200 - "-" "Lynx/2.8.5rel.1 libwww-FM/2.14 SSL-MM/1.4.1 GNUTLS/1.4.4"
140.203.154.206 - - [16/May/2014:01:45:42 +0100] "GET /sparql?query=DESCRIBE+%3Chttp%3A%2F%2Fdata.semanticweb.org%2Fworkshop%2Fpeas%2F2007%2Fpapers%2F447%3E HTTP/1.0" 200 5156 "-" "-"
178.255.215.89 - - [16/May/2014:01:45:42 +0100] "GET /workshop/peas/2007/papers/447/rdf HTTP/1.1" 200 5022 "-" "Mozilla/5.0 (compatible; Exabot/3.0 (BiggerBetter); +http://www.exabot.com/go/robot)"
23.94.69.54 - - [16/May/2014:01:45:39 +0100] "GET /papers/ HTTP/1.1" 200 719481 "http://www.data.semanticweb.org/user/register" "Mozilla/4.0 (compatible; MSIE 6.0; Windows NT 5.1; SV1; FunWebProducts; .NET CLR 1.1.4322; PeoplePal 6.2)"
23.94.69.54 - - [16/May/2014:01:45:58 +0100] "GET /?q=node/add HTTP/1.1" 403 8818 "http://www.data.semanticweb.org/" "Mozilla/4.0 (compatible; MSIE 6.0; Windows NT 5.1; SV1; FunWebProducts; .NET CLR 1.1.4322; PeoplePal 6.2)"
23.94.69.54 - - [16/May/2014:01:45:59 +0100] "GET /user/register HTTP/1.1" 200 11618 "http://www.data.semanticweb.org/?q=node/add" "Mozilla/4.0 (compatible; MSIE 6.0; Windows NT 5.1; SV1; FunWebProducts; .NET CLR 1.1.4322; PeoplePal 6.2)"
218.94.142.110 - - [16/May/2014:01:47:11 +0100] "GET /conference/www/2011/emerging/analyzing-and-accelerating-web-access-in-a-school-/authors HTTP/1.1" 303 10076 "-" "Mozilla/5.0 (compatible; Falconsbot; +http://ws.nju.edu.cn/falcons/)"
140.203.154.206 - - [16/May/2014:01:47:12 +0100] "GET /sparql?query=DESCRIBE+%3Chttp%3A%2F%2Fdata.semanticweb.org%2Fconference%2Fwww%2F2011%2Femerging%2Fanalyzing-and-accelerating-web-access-in-a-school-%2Fauthors%3E HTTP/1.0" 200 1261 "-" "-"
218.94.142.110 - - [16/May/2014:01:47:12 +0100] "GET /conference/www/2011/emerging/analyzing-and-accelerating-web-access-in-a-school-/authors/rdf HTTP/1.1" 200 1469 "-" "Mozilla/5.0 (compatible; Falconsbot; +http://ws.nju.edu.cn/falcons/)"
148.251.111.179 - - [16/May/2014:01:47:26 +0100] "GET /?q=user/register HTTP/1.1" 200 11611 "http://www.data.semanticweb.org/" "Mozilla/4.0 (compatible; MSIE 6.0; Windows NT 5.1; SV1; FunWebProducts; .NET CLR 1.1.4322; PeoplePal 6.2)"
218.94.142.110 - - [16/May/2014:01:47:52 +0100] "GET /organization/universite-paris-1-pantheon-sorbonne HTTP/1.1" 303 10058 "-" "Mozilla/5.0 (compatible; Falconsbot; +http://ws.nju.edu.cn/falcons/)"
140.203.154.206 - - [16/May/2014:01:47:53 +0100] "GET /sparql?query=DESCRIBE+%3Chttp%3A%2F%2Fdata.semanticweb.org%2Forganization%2Funiversite-paris-1-pantheon-sorbonne%3E HTTP/1.0" 200 1093 "-" "-"
218.94.142.110 - - [16/May/2014:01:47:53 +0100] "GET /organization/universite-paris-1-pantheon-sorbonne/rdf HTTP/1.1" 200 1309 "-" "Mozilla/5.0 (compatible; Falconsbot; +http://ws.nju.edu.cn/falcons/)"
180.76.6.154 - - [16/May/2014:01:48:49 +0100] "GET /sitemap.xml HTTP/1.1" 304 - "-" "Mozilla/5.0 (Windows NT 5.1; rv:6.0.2) Gecko/20100101 Firefox/6.0.2"
218.94.142.110 - - [16/May/2014:01:48:50 +0100] "GET /person/sonia-halimi HTTP/1.1" 303 9946 "-" "Mozilla/5.0 (compatible; Falconsbot; +http://ws.nju.edu.cn/falcons/)"
140.203.154.206 - - [16/May/2014:01:48:51 +0100] "GET /sparql?query=DESCRIBE+%3Chttp%3A%2F%2Fdata.semanticweb.org%2Fperson%2Fsonia-halimi%3E HTTP/1.0" 200 1761 "-" "-"
218.94.142.110 - - [16/May/2014:01:48:51 +0100] "GET /person/sonia-halimi/rdf HTTP/1.1" 200 1842 "-" "Mozilla/5.0 (compatible; Falconsbot; +http://ws.nju.edu.cn/falcons/)"
218.94.142.110 - - [16/May/2014:01:49:50 +0100] "GET /organization/concordia-university/location HTTP/1.1" 303 10032 "-" "Mozilla/5.0 (compatible; Falconsbot; +http://ws.nju.edu.cn/falcons/)"
140.203.154.206 - - [16/May/2014:01:49:51 +0100] "GET /sparql?query=DESCRIBE+%3Chttp%3A%2F%2Fdata.semanticweb.org%2Forganization%2Fconcordia-university%2Flocation%3E HTTP/1.0" 200 1010 "-" "-"
218.94.142.110 - - [16/May/2014:01:49:51 +0100] "GET /organization/concordia-university/location/rdf HTTP/1.1" 200 1195 "-" "Mozilla/5.0 (compatible; Falconsbot; +http://ws.nju.edu.cn/falcons/)"
200.0.29.66 - - [16/May/2014:01:50:28 +0100] "GET /person/christian-bizer HTTP/1.1" 303 9958 "-" "Ripple/1.1"
140.203.154.206 - - [16/May/2014:01:50:31 +0100] "GET /sparql?query=DESCRIBE+%3Chttp%3A%2F%2Fdata.semanticweb.org%2Fperson%2Fchristian-bizer%3E HTTP/1.0" 200 48785 "-" "-"
200.0.29.66 - - [16/May/2014:01:50:30 +0100] "GET /person/christian-bizer/rdf HTTP/1.1" 200 40123 "-" "Ripple/1.1"
218.94.142.110 - - [16/May/2014:01:52:26 +0100] "GET /person/louise-e-moser HTTP/1.1" 303 9956 "-" "Mozilla/5.0 (compatible; Falconsbot; +http://ws.nju.edu.cn/falcons/)"
140.203.154.206 - - [16/May/2014:01:52:27 +0100] "GET /sparql?query=DESCRIBE+%3Chttp%3A%2F%2Fdata.semanticweb.org%2Fperson%2Flouise-e-moser%3E HTTP/1.0" 200 1387 "-" "-"
218.94.142.110 - - [16/May/2014:01:52:26 +0100] "GET /person/louise-e-moser/rdf HTTP/1.1" 200 1518 "-" "Mozilla/5.0 (compatible; Falconsbot; +http://ws.nju.edu.cn/falcons/)"
218.94.142.110 - - [16/May/2014:01:52:43 +0100] "GET /organization/iai-saarbruecken HTTP/1.1" 303 9974 "-" "Mozilla/5.0 (compatible; Falconsbot; +http://ws.nju.edu.cn/falcons/)"
140.203.154.206 - - [16/May/2014:01:52:44 +0100] "GET /sparql?query=DESCRIBE+%3Chttp%3A%2F%2Fdata.semanticweb.org%2Forganization%2Fiai-saarbruecken%3E HTTP/1.0" 200 1328 "-" "-"
218.94.142.110 - - [16/May/2014:01:52:44 +0100] "GET /organization/iai-saarbruecken/rdf HTTP/1.1" 200 1478 "-" "Mozilla/5.0 (compatible; Falconsbot; +http://ws.nju.edu.cn/falcons/)"
93.220.117.82 - - [16/May/2014:01:53:04 +0100] "GET / HTTP/1.1" 200 11484 "-" "Mozilla/5.0 (Macintosh; Intel Mac OS X 10_9_2) AppleWebKit/537.75.14 (KHTML, like Gecko) Version/7.0.3 Safari/537.75.14"
93.220.117.82 - - [16/May/2014:01:53:04 +0100] "GET / HTTP/1.1" 200 11484 "-" "Mozilla/5.0 (Macintosh; Intel Mac OS X 10_9_2) AppleWebKit/537.75.14 (KHTML, like Gecko) Version/7.0.3 Safari/537.75.14"
200.0.29.66 - - [16/May/2014:01:53:05 +0100] "GET /person/christian-bizer HTTP/1.1" 303 9958 "-" "Ripple/1.1"
140.203.154.206 - - [16/May/2014:01:53:08 +0100] "GET /sparql?query=DESCRIBE+%3Chttp%3A%2F%2Fdata.semanticweb.org%2Fperson%2Fchristian-bizer%3E HTTP/1.0" 200 48785 "-" "-"
200.0.29.66 - - [16/May/2014:01:53:07 +0100] "GET /person/christian-bizer/rdf HTTP/1.1" 200 40123 "-" "Ripple/1.1"
180.76.5.155 - - [16/May/2014:01:53:18 +0100] "GET /organization/lille-3-geriico HTTP/1.1" 303 9974 "-" "Mozilla/5.0 (compatible; Baiduspider/2.0; +http://www.baidu.com/search/spider.html)"
140.203.154.206 - - [16/May/2014:01:53:19 +0100] "GET /sparql?query=DESCRIBE+%3Chttp%3A%2F%2Fdata.semanticweb.org%2Forganization%2Flille-3-geriico%3E HTTP/1.0" 200 1341 "-" "-"
180.76.5.65 - - [16/May/2014:01:53:19 +0100] "GET /organization/lille-3-geriico/rdf HTTP/1.1" 200 1491 "-" "Mozilla/5.0 (compatible; Baiduspider/2.0; +http://www.baidu.com/search/spider.html)"
140.203.154.206 - - [16/May/2014:01:53:26 +0100] "GET /sparql?query=DESCRIBE+%3Chttp%3A%2F%2Fdata.semanticweb.org%2Fconference%2Fdc%2F2010%2Fpaper%2Fmain%2FA-1009%3E HTTP/1.0" 200 3302 "-" "-"
66.249.76.188 - - [16/May/2014:01:53:26 +0100] "GET /conference/dc/2010/paper/main/A-1009/rdf HTTP/1.1" 200 3482 "-" "Mozilla/5.0 (compatible; Googlebot/2.1; +http://www.google.com/bot.html)"
218.94.142.110 - - [16/May/2014:01:53:39 +0100] "GET /person/mark-wilkinson HTTP/1.1" 303 9954 "-" "Mozilla/5.0 (compatible; Falconsbot; +http://ws.nju.edu.cn/falcons/)"
