208.115.113.92 - - [16/May/2014:03:27:58 +0100] "GET /person/kevin-page HTTP/1.1" 303 9938 "-" "Mozilla/5.0 (compatible; DotBot/1.1; http://www.opensiteexplorer.org/dotbot, help@moz.com)"
208.115.113.92 - - [16/May/2014:03:29:09 +0100] "GET /conference/www/2007 HTTP/1.1" 303 10010 "-" "Mozilla/5.0 (compatible; DotBot/1.1; http://www.opensiteexplorer.org/dotbot, help@moz.com)"
68.180.224.172 - - [16/May/2014:03:29:12 +0100] "GET /person/florian-kleedorfer HTTP/1.1" 404 4518 "-" "Mozilla/5.0 (compatible; Yahoo! Slurp; http://help.yahoo.com/help/us/ysearch/slurp)"
220.181.108.184 - - [16/May/2014:03:29:17 +0100] "GET /organization/vrije-universiteit-amsterdam-fac-sciences-dept-computer-science HTTP/1.1" 303 10170 "-" "Mozilla/5.0 (compatible; Baiduspider/2.0; +http://www.baidu.com/search/spider.html)"
140.203.154.206 - - [16/May/2014:03:29:18 +0100] "GET /sparql?query=DESCRIBE+%3Chttp%3A%2F%2Fdata.semanticweb.org%2Forganization%2Fvrije-universiteit-amsterdam-fac-sciences-dept-computer-science%3E HTTP/1.0" 200 1187 "-" "-"
220.181.108.142 - - [16/May/2014:03:29:17 +0100] "GET /organization/vrije-universiteit-amsterdam-fac-sciences-dept-computer-science/rdf HTTP/1.1" 200 1403 "-" "Mozilla/5.0 (compatible; Baiduspider/2.0; +http://www.baidu.com/search/spider.html)"
218.94.142.110 - - [16/May/2014:03:29:29 +0100] "GET /conference/www/2012/industry/6/authorlist HTTP/1.1" 404 4518 "-" "Mozilla/5.0 (compatible; Falconsbot; +http://ws.nju.edu.cn/falcons/)"
68.180.224.172 - - [16/May/2014:03:30:00 +0100] "GET /conference/iswc/2004/demo-proceedings/paper-17 HTTP/1.1" 303 10772 "-" "Mozilla/5.0 (compatible; Yahoo! Slurp; http://help.yahoo.com/help/us/ysearch/slurp)"
140.203.154.206 - - [16/May/2014:03:30:09 +0100] "GET /sparql?query=DESCRIBE+%3Chttp%3A%2F%2Fdata.semanticweb.org%2Fconference%2Fiswc%2F2004%2Fdemo-proceedings%2Fpaper-17%3E HTTP/1.0" 200 2347 "-" "-"
68.180.224.172 - - [16/May/2014:03:30:09 +0100] "GET /conference/iswc/2004/demo-proceedings/paper-17/rdf HTTP/1.1" 200 2522 "-" "Mozilla/5.0 (compatible; Yahoo! Slurp; http://help.yahoo.com/help/us/ysearch/slurp)"
5.39.108.22 - - [16/May/2014:03:31:16 +0100] "GET /conference/iswc/2008/complete HTTP/1.0" 200 994655 "http://data.semanticweb.org/" "Mozilla/4.0 (compatible; MSIE 6.0; Windows NT 5.1; SV1; FunWebProducts; .NET CLR 1.1.4322; PeoplePal 6.2)"
5.39.108.22 - - [16/May/2014:03:31:20 +0100] "GET /workshop/ursw/2008 HTTP/1.0" 303 10028 "http://data.semanticweb.org/conference/iswc/2008/complete" "Mozilla/4.0 (compatible; MSIE 6.0; Windows NT 5.1; SV1; FunWebProducts; .NET CLR 1.1.4322; PeoplePal 6.2)"
5.39.108.22 - - [16/May/2014:03:31:21 +0100] "GET /workshop/ursw/2008/html HTTP/1.0" 200 10810 "http://data.semanticweb.org/conference/iswc/2008/complete" "Mozilla/4.0 (compatible; MSIE 6.0; Windows NT 5.1; SV1; FunWebProducts; .NET CLR 1.1.4322; PeoplePal 6.2)"
5.39.108.22 - - [16/May/2014:03:31:23 +0100] "GET /?q=node/add HTTP/1.0" 403 8814 "http://data.semanticweb.org/" "Mozilla/4.0 (compatible; MSIE 6.0; Windows NT 5.1; SV1; FunWebProducts; .NET CLR 1.1.4322; PeoplePal 6.2)"
5.39.108.22 - - [16/May/2014:03:31:23 +0100] "GET /user/register HTTP/1.0" 200 11618 "http://data.semanticweb.org/?q=node/add" "Mozilla/4.0 (compatible; MSIE 6.0; Windows NT 5.1; SV1; FunWebProducts; .NET CLR 1.1.4322; PeoplePal 6.2)"
218.94.142.110 - - [16/May/2014:03:31:40 +0100] "GET /organization/university-of-milan HTTP/1.1" 303 9986 "-" "Mozilla/5.0 (compatible; Falconsbot; +http://ws.nju.edu.cn/falcons/)"
140.203.154.206 - - [16/May/2014:03:31:45 +0100] "GET /sparql?query=DESCRIBE+%3Chttp%3A%2F%2Fdata.semanticweb.org%2Forganization%2Funiversity-of-milan%3E HTTP/1.0" 200 2519 "-" "-"
218.94.142.110 - - [16/May/2014:03:31:44 +0100] "GET /organization/university-of-milan/rdf HTTP/1.1" 200 2497 "-" "Mozilla/5.0 (compatible; Falconsbot; +http://ws.nju.edu.cn/falcons/)"
218.94.142.110 - - [16/May/2014:03:32:22 +0100] "GET /person/maghi-king HTTP/1.1" 303 9938 "-" "Mozilla/5.0 (compatible; Falconsbot; +http://ws.nju.edu.cn/falcons/)"
140.203.154.206 - - [16/May/2014:03:32:24 +0100] "GET /sparql?query=DESCRIBE+%3Chttp%3A%2F%2Fdata.semanticweb.org%2Fperson%2Fmaghi-king%3E HTTP/1.0" 200 1741 "-" "-"
218.94.142.110 - - [16/May/2014:03:32:23 +0100] "GET /person/maghi-king/rdf HTTP/1.1" 200 1822 "-" "Mozilla/5.0 (compatible; Falconsbot; +http://ws.nju.edu.cn/falcons/)"
140.203.154.206 - - [16/May/2014:03:33:01 +0100] "GET /sparql?query=DESCRIBE+%3Chttp%3A%2F%2Fdata.semanticweb.org%2Fperson%2Fyannick-prie%3E HTTP/1.0" 200 3274 "-" "-"
68.180.224.172 - - [16/May/2014:03:33:01 +0100] "GET /person/yannick-pri%C3%A9/rdf HTTP/1.1" 200 3135 "-" "Mozilla/5.0 (compatible; Yahoo! Slurp; http://help.yahoo.com/help/us/ysearch/slurp)"
218.94.142.110 - - [16/May/2014:03:33:31 +0100] "GET /organization/jawaharlal-nehru-university HTTP/1.1" 303 10018 "-" "Mozilla/5.0 (compatible; Falconsbot; +http://ws.nju.edu.cn/falcons/)"
5.255.253.50 - - [16/May/2014:03:33:45 +0100] "GET /person/jari-vaeaetaeinen HTTP/1.1" 303 9966 "-" "Mozilla/5.0 (compatible; YandexBot/3.0; +http://yandex.com/bots)"
218.94.142.110 - - [16/May/2014:03:33:52 +0100] "GET /person/jin-yu HTTP/1.1" 303 9922 "-" "Mozilla/5.0 (compatible; Falconsbot; +http://ws.nju.edu.cn/falcons/)"
140.203.154.206 - - [16/May/2014:03:33:53 +0100] "GET /sparql?query=DESCRIBE+%3Chttp%3A%2F%2Fdata.semanticweb.org%2Fperson%2Fjin-yu%3E HTTP/1.0" 200 1786 "-" "-"
218.94.142.110 - - [16/May/2014:03:33:53 +0100] "GET /person/jin-yu/rdf HTTP/1.1" 200 1867 "-" "Mozilla/5.0 (compatible; Falconsbot; +http://ws.nju.edu.cn/falcons/)"
140.203.154.206 - - [16/May/2014:03:33:56 +0100] "GET /sparql?query=DESCRIBE+%3Chttp%3A%2F%2Fdata.semanticweb.org%2Fperson%2Fjari-vaeaetaeinen%3E HTTP/1.0" 200 2161 "-" "-"
5.255.253.50 - - [16/May/2014:03:33:55 +0100] "GET /person/jari-vaeaetaeinen/rdf HTTP/1.1" 200 2190 "-" "Mozilla/5.0 (compatible; YandexBot/3.0; +http://yandex.com/bots)"
208.115.113.92 - - [16/May/2014:03:34:53 +0100] "GET /conference/iswc/2010/paper/473 HTTP/1.1" 303 10736 "-" "Mozilla/5.0 (compatible; DotBot/1.1; http://www.opensiteexplorer.org/dotbot, help@moz.com)"
140.203.154.206 - - [16/May/2014:03:34:55 +0100] "GET /sparql?query=%09PREFIX+swc%3A+%3Chttp%3A%2F%2Fdata.semanticweb.org%2Fns%2Fswc%2Fontology%23%3E+%0A%09SELECT+DISTINCT+%3Fgraph+%3Fevent+%3Fevent_acronym++%0A%09WHERE+%7B+%0A%09%09%3Fevent+swc%3AcompleteGraph+%3Fgraph+.+%0A%09%09%3Fevent+swc%3AhasAcronym+%3Fevent_acronym+.+%0A%09%7D+ORDER+BY+%3Fevent HTTP/1.0" 200 32039 "-" "-"
180.76.5.149 - - [16/May/2014:03:34:54 +0100] "GET /documentation/user/faq HTTP/1.1" 303 42990 "-" "Mozilla/5.0 (compatible; Baiduspider/2.0; +http://www.baidu.com/search/spider.html)"
180.76.5.196 - - [16/May/2014:03:34:55 +0100] "GET /documentation/user/faq/sioc HTTP/1.1" 404 4518 "-" "Mozilla/5.0 (compatible; Baiduspider/2.0; +http://www.baidu.com/search/spider.html)"
151.237.181.107 - - [16/May/2014:03:35:08 +0100] "GET /blog//RS=^ADAihOKQpAH2iPH1QNu0iF48x6EhKs- HTTP/1.0" 404 4518 "http://data.semanticweb.org/" "Mozilla/4.0 (compatible; MSIE 6.0; Windows NT 5.1; SV1; MRA 5.8 (build 4157); .NET CLR 2.0.50727; AskTbPTV/5.11.3.15590)"
68.180.224.172 - - [16/May/2014:03:35:08 +0100] "GET /person/yoones-a.-sekhavat HTTP/1.1" 404 4518 "-" "Mozilla/5.0 (compatible; Yahoo! Slurp; http://help.yahoo.com/help/us/ysearch/slurp)"
151.237.181.107 - - [16/May/2014:03:35:28 +0100] "GET /?q=node/add HTTP/1.0" 403 8814 "http://data.semanticweb.org/" "Mozilla/4.0 (compatible; MSIE 6.0; Windows NT 5.1; SV1; MRA 5.8 (build 4157); .NET CLR 2.0.50727; AskTbPTV/5.11.3.15590)"
218.94.142.110 - - [16/May/2014:03:35:33 +0100] "GET /conference/dh/2010/abstracts/paper/ab-808/authors HTTP/1.1" 303 10000 "-" "Mozilla/5.0 (compatible; Falconsbot; +http://ws.nju.edu.cn/falcons/)"
140.203.154.206 - - [16/May/2014:03:35:34 +0100] "GET /sparql?query=DESCRIBE+%3Chttp%3A%2F%2Fdata.semanticweb.org%2Fconference%2Fdh%2F2010%2Fabstracts%2Fpaper%2Fab-808%2Fauthors%3E HTTP/1.0" 200 914 "-" "-"
218.94.142.110 - - [16/May/2014:03:35:34 +0100] "GET /conference/dh/2010/abstracts/paper/ab-808/authors/rdf HTTP/1.1" 200 1116 "-" "Mozilla/5.0 (compatible; Falconsbot; +http://ws.nju.edu.cn/falcons/)"
140.203.154.206 - - [16/May/2014:03:35:43 +0100] "GET /sparql?query=DESCRIBE+%3Chttp%3A%2F%2Fdata.semanticweb.org%2Fconference%2Fekaw%2F2012%2Fpaper%2Fposters%2F17%3E HTTP/1.0" 200 2935 "-" "-"
157.55.36.45 - - [16/May/2014:03:35:43 +0100] "GET /conference/ekaw/2012/paper/posters/17/rdf HTTP/1.1" 200 3182 "-" "Mozilla/5.0 (compatible; bingbot/2.0; +http://www.bing.com/bingbot.htm)"
151.237.181.107 - - [16/May/2014:03:35:46 +0100] "GET /user/register HTTP/1.0" 200 11618 "http://data.semanticweb.org/?q=node/add" "Mozilla/4.0 (compatible; MSIE 6.0; Windows NT 5.1; SV1; MRA 5.8 (build 4157); .NET CLR 2.0.50727; AskTbPTV/5.11.3.15590)"
66.249.76.188 - - [16/May/2014:03:35:47 +0100] "GET /conference/ekaw/2012/complete HTTP/1.1" 304 - "-" "Mozilla/5.0 (compatible; Googlebot/2.1; +http://www.google.com/bot.html)"
140.203.154.206 - - [16/May/2014:03:35:53 +0100] "GET /sparql?query=DESCRIBE+%3Chttp%3A%2F%2Fdata.semanticweb.org%2Fperson%2Fjulien-vayssiere%3E HTTP/1.0" 200 1345 "-" "-"
157.55.36.45 - - [16/May/2014:03:35:53 +0100] "GET /person/julien-vayssiere/rdf HTTP/1.1" 200 1476 "-" "Mozilla/5.0 (compatible; bingbot/2.0; +http://www.bing.com/bingbot.htm)"
217.69.133.12 - - [16/May/2014:03:36:13 +0100] "GET /person/domenico-lembo/html HTTP/1.1" 200 13727 "-" "Mozilla/5.0 (compatible; Linux x86_64; Mail.RU_Bot/2.0; +http://go.mail.ru/help/robots)"
218.94.142.110 - - [16/May/2014:03:36:49 +0100] "GET /person/kathleen-ahrens HTTP/1.1" 303 9958 "-" "Mozilla/5.0 (compatible; Falconsbot; +http://ws.nju.edu.cn/falcons/)"
140.203.154.206 - - [16/May/2014:03:36:53 +0100] "GET /sparql?query=DESCRIBE+%3Chttp%3A%2F%2Fdata.semanticweb.org%2Fperson%2Fkathleen-ahrens%3E HTTP/1.0" 200 1781 "-" "-"
218.94.142.110 - - [16/May/2014:03:36:53 +0100] "GET /person/kathleen-ahrens/rdf HTTP/1.1" 200 1862 "-" "Mozilla/5.0 (compatible; Falconsbot; +http://ws.nju.edu.cn/falcons/)"
208.115.113.92 - - [16/May/2014:03:36:57 +0100] "GET /organization/stanford-center-for-biomedical-informatics-research HTTP/1.1" 303 10114 "-" "Mozilla/5.0 (compatible; DotBot/1.1; http://www.opensiteexplorer.org/dotbot, help@moz.com)"
208.115.113.92 - - [16/May/2014:03:37:08 +0100] "GET /organization/motorola-labs HTTP/1.1" 303 9962 "-" "Mozilla/5.0 (compatible; DotBot/1.1; http://www.opensiteexplorer.org/dotbot, help@moz.com)"
208.115.113.92 - - [16/May/2014:03:37:20 +0100] "GET /organization/ontopia HTTP/1.1" 303 9938 "-" "Mozilla/5.0 (compatible; DotBot/1.1; http://www.opensiteexplorer.org/dotbot, help@moz.com)"
208.115.113.92 - - [16/May/2014:03:37:31 +0100] "GET /organization/university-of-passau HTTP/1.1" 303 9990 "-" "Mozilla/5.0 (compatible; DotBot/1.1; http://www.opensiteexplorer.org/dotbot, help@moz.com)"
107.170.26.132 - - [16/May/2014:03:37:41 +0100] "GET /blog/feed/ HTTP/1.1" 200 11016 "-" "Feedbin - 1 subscribers"
208.115.113.92 - - [16/May/2014:03:37:42 +0100] "GET /organization/university-of-cambridge-computer-laboratory HTTP/1.1" 303 10082 "-" "Mozilla/5.0 (compatible; DotBot/1.1; http://www.opensiteexplorer.org/dotbot, help@moz.com)"
208.115.113.92 - - [16/May/2014:03:37:53 +0100] "GET /organization/cray-inc HTTP/1.1" 303 9944 "-" "Mozilla/5.0 (compatible; DotBot/1.1; http://www.opensiteexplorer.org/dotbot, help@moz.com)"
208.115.113.92 - - [16/May/2014:03:38:04 +0100] "GET /organization/nec-laboratories-america HTTP/1.1" 303 10006 "-" "Mozilla/5.0 (compatible; DotBot/1.1; http://www.opensiteexplorer.org/dotbot, help@moz.com)"
208.115.113.92 - - [16/May/2014:03:38:15 +0100] "GET /organization/lina-university-of-nantes HTTP/1.1" 303 10014 "-" "Mozilla/5.0 (compatible; DotBot/1.1; http://www.opensiteexplorer.org/dotbot, help@moz.com)"
140.203.154.206 - - [16/May/2014:03:38:21 +0100] "GET /sparql?query=DESCRIBE+%3Chttp%3A%2F%2Fdata.semanticweb.org%2Fperson%2Fricardo-falbo%3E HTTP/1.0" 200 1303 "-" "-"
157.56.93.74 - - [16/May/2014:03:38:20 +0100] "GET /person/ricardo-falbo/rdf HTTP/1.1" 200 1486 "-" "Mozilla/5.0 (compatible; bingbot/2.0; +http://www.bing.com/bingbot.htm)"
208.115.113.92 - - [16/May/2014:03:38:27 +0100] "GET /organization/computer-science-dept-u-of-ioannina-greece HTTP/1.1" 303 10086 "-" "Mozilla/5.0 (compatible; DotBot/1.1; http://www.opensiteexplorer.org/dotbot, help@moz.com)"
208.115.113.92 - - [16/May/2014:03:38:38 +0100] "GET /organization/university-of-vigo HTTP/1.1" 303 9982 "-" "Mozilla/5.0 (compatible; DotBot/1.1; http://www.opensiteexplorer.org/dotbot, help@moz.com)"
208.115.113.92 - - [16/May/2014:03:38:49 +0100] "GET /organization/stlab-istc-cnr HTTP/1.1" 303 9968 "-" "Mozilla/5.0 (compatible; DotBot/1.1; http://www.opensiteexplorer.org/dotbot, help@moz.com)"
208.115.113.92 - - [16/May/2014:03:39:00 +0100] "GET /organization/bangor-university HTTP/1.1" 303 9978 "-" "Mozilla/5.0 (compatible; DotBot/1.1; http://www.opensiteexplorer.org/dotbot, help@moz.com)"
208.115.113.92 - - [16/May/2014:03:39:11 +0100] "GET /organization/universite-paris-sorbonne HTTP/1.1" 303 10010 "-" "Mozilla/5.0 (compatible; DotBot/1.1; http://www.opensiteexplorer.org/dotbot, help@moz.com)"
157.55.32.62 - - [16/May/2014:03:39:41 +0100] "GET /person/akshay-bhat/html HTTP/1.1" 200 11289 "-" "Mozilla/5.0 (compatible; bingbot/2.0; +http://www.bing.com/bingbot.htm)"
184.154.189.110 - - [16/May/2014:03:39:34 +0100] "GET /papers/ HTTP/1.0" 200 719481 "http://www.data.semanticweb.org/" "Mozilla/4.0 (compatible; MSIE 6.0; Windows NT 5.1; SV1; FunWebProducts; .NET CLR 1.1.4322; PeoplePal 6.2)"
184.154.189.110 - - [16/May/2014:03:39:55 +0100] "GET /node/204674 HTTP/1.0" 200 11008 "http://www.data.semanticweb.org/papers/" "Mozilla/4.0 (compatible; MSIE 6.0; Windows NT 5.1; SV1; FunWebProducts; .NET CLR 1.1.4322; PeoplePal 6.2)"
66.249.76.188 - - [16/May/2014:03:39:56 +0100] "GET /person/david-r-karger HTTP/1.1" 303 9956 "-" "Mozilla/5.0 (iPhone; CPU iPhone OS 6_0 like Mac OS X) AppleWebKit/536.26 (KHTML, like Gecko) Version/6.0 Mobile/10A5376e Safari/8536.25 (compatible; Googlebot/2.1; +http://www.google.com/bot.html)"
140.203.154.206 - - [16/May/2014:03:39:57 +0100] "GET /sparql?query=DESCRIBE+%3Chttp%3A%2F%2Fdata.semanticweb.org%2Fperson%2Fdavid-r-karger%3E HTTP/1.0" 200 4036 "-" "-"
66.249.76.188 - - [16/May/2014:03:39:57 +0100] "GET /person/david-r-karger/rdf HTTP/1.1" 200 3870 "-" "Mozilla/5.0 (iPhone; CPU iPhone OS 6_0 like Mac OS X) AppleWebKit/536.26 (KHTML, like Gecko) Version/6.0 Mobile/10A5376e Safari/8536.25 (compatible; Googlebot/2.1; +http://www.google.com/bot.html)"
218.94.142.110 - - [16/May/2014:03:39:57 +0100] "GET /conference/fis/2010/paper/posters/7/authors HTTP/1.1" 303 9988 "-" "Mozilla/5.0 (compatible; Falconsbot; +http://ws.nju.edu.cn/falcons/)"
140.203.154.206 - - [16/May/2014:03:39:58 +0100] "GET /sparql?query=DESCRIBE+%3Chttp%3A%2F%2Fdata.semanticweb.org%2Fconference%2Ffis%2F2010%2Fpaper%2Fposters%2F7%2Fauthors%3E HTTP/1.0" 200 1069 "-" "-"
218.94.142.110 - - [16/May/2014:03:39:58 +0100] "GET /conference/fis/2010/paper/posters/7/authors/rdf HTTP/1.1" 200 1275 "-" "Mozilla/5.0 (compatible; Falconsbot; +http://ws.nju.edu.cn/falcons/)"
157.56.93.74 - - [16/May/2014:03:40:22 +0100] "GET /sites/all/modules/mollom/mollom.js?j HTTP/1.1" 200 1510 "-" "Mozilla/5.0 (compatible; bingbot/2.0; +http://www.bing.com/bingbot.htm)"
157.55.32.84 - - [16/May/2014:03:40:42 +0100] "GET /sites/all/modules/cck/theme/content-module.css?j HTTP/1.1" 200 2397 "-" "Mozilla/5.0 (compatible; bingbot/2.0; +http://www.bing.com/bingbot.htm)"
96.127.189.60 - - [16/May/2014:03:40:05 +0100] "GET /papers/ HTTP/1.0" 200 719481 "http://www.data.semanticweb.org/" "Mozilla/4.0 (compatible; MSIE 6.0; Windows NT 5.1; SV1; FunWebProducts; .NET CLR 1.1.4322; PeoplePal 6.2)"
157.55.32.84 - - [16/May/2014:03:40:52 +0100] "GET /sites/default/files/color/garland-e28d12bf/bg-content-left.png HTTP/1.1" 200 2071 "-" "Mozilla/5.0 (compatible; bingbot/2.0; +http://www.bing.com/bingbot.htm)"
173.213.82.145 - - [16/May/2014:03:40:56 +0100] "GET /dumps/conferences/www-2009-complete.rdf HTTP/1.0" 200 800806 "http://data.semanticweb.org/" "Mozilla/4.0 (compatible; MSIE 6.0; Windows NT 5.1; SV1; FunWebProducts; .NET CLR 1.1.4322; PeoplePal 6.2)"
173.213.82.145 - - [16/May/2014:03:41:06 +0100] "GET /person/zongxia-du HTTP/1.0" 303 9938 "http://data.semanticweb.org/dumps/conferences/www-2009-complete.rdf" "Mozilla/4.0 (compatible; MSIE 6.0; Windows NT 5.1; SV1; FunWebProducts; .NET CLR 1.1.4322; PeoplePal 6.2)"
173.213.82.145 - - [16/May/2014:03:41:07 +0100] "GET /person/zongxia-du/html HTTP/1.0" 200 11227 "http://data.semanticweb.org/dumps/conferences/www-2009-complete.rdf" "Mozilla/4.0 (compatible; MSIE 6.0; Windows NT 5.1; SV1; FunWebProducts; .NET CLR 1.1.4322; PeoplePal 6.2)"
173.213.82.145 - - [16/May/2014:03:41:18 +0100] "GET /?q=node/add HTTP/1.0" 403 8814 "http://data.semanticweb.org/" "Mozilla/4.0 (compatible; MSIE 6.0; Windows NT 5.1; SV1; FunWebProducts; .NET CLR 1.1.4322; PeoplePal 6.2)"
173.213.82.145 - - [16/May/2014:03:41:20 +0100] "GET /user/register HTTP/1.0" 200 11618 "http://data.semanticweb.org/?q=node/add" "Mozilla/4.0 (compatible; MSIE 6.0; Windows NT 5.1; SV1; FunWebProducts; .NET CLR 1.1.4322; PeoplePal 6.2)"
218.94.142.110 - - [16/May/2014:03:41:39 +0100] "GET /person/wouter-van-den-broeck HTTP/1.1" 303 9982 "-" "Mozilla/5.0 (compatible; Falconsbot; +http://ws.nju.edu.cn/falcons/)"
140.203.154.206 - - [16/May/2014:03:41:40 +0100] "GET /sparql?query=DESCRIBE+%3Chttp%3A%2F%2Fdata.semanticweb.org%2Fperson%2Fwouter-van-den-broeck%3E HTTP/1.0" 200 5189 "-" "-"
218.94.142.110 - - [16/May/2014:03:41:39 +0100] "GET /person/wouter-van-den-broeck/rdf HTTP/1.1" 200 4688 "-" "Mozilla/5.0 (compatible; Falconsbot; +http://ws.nju.edu.cn/falcons/)"
66.249.76.188 - - [16/May/2014:03:42:35 +0100] "GET /conference/iswc/2010/session-research-16 HTTP/1.1" 303 10032 "-" "DoCoMo/2.0 N905i(c100;TB;W24H16) (compatible; Googlebot-Mobile/2.1; +http://www.google.com/bot.html)"
66.249.76.188 - - [16/May/2014:03:42:36 +0100] "GET /conference/iswc/2010/session-research-16/html HTTP/1.1" 200 14113 "-" "DoCoMo/2.0 N905i(c100;TB;W24H16) (compatible; Googlebot-Mobile/2.1; +http://www.google.com/bot.html)"
140.203.154.206 - - [16/May/2014:03:43:54 +0100] "GET /sparql?query=DESCRIBE+%3Chttp%3A%2F%2Fdata.semanticweb.org%2Fconference%2Fiswc%2F2010%2Fpaper%2F199%3E HTTP/1.0" 200 5791 "-" "-"
68.180.224.172 - - [16/May/2014:03:43:54 +0100] "GET /conference/iswc/2010/paper/199/rdf HTTP/1.1" 200 5474 "-" "Mozilla/5.0 (compatible; Yahoo! Slurp; http://help.yahoo.com/help/us/ysearch/slurp)"
5.255.253.50 - - [16/May/2014:03:44:52 +0100] "GET /person/jana-viskova HTTP/1.1" 303 9946 "-" "Mozilla/5.0 (compatible; YandexBot/3.0; +http://yandex.com/bots)"
140.203.154.206 - - [16/May/2014:03:45:01 +0100] "GET /cron.php HTTP/1.0" 200 - "-" "Lynx/2.8.5rel.1 libwww-FM/2.14 SSL-MM/1.4.1 GNUTLS/1.4.4"
140.203.154.206 - - [16/May/2014:03:45:03 +0100] "GET /sparql?query=DESCRIBE+%3Chttp%3A%2F%2Fdata.semanticweb.org%2Fperson%2Fjana-viskova%3E HTTP/1.0" 200 1993 "-" "-"
5.255.253.50 - - [16/May/2014:03:45:03 +0100] "GET /person/jana-viskova/rdf HTTP/1.1" 200 2047 "-" "Mozilla/5.0 (compatible; YandexBot/3.0; +http://yandex.com/bots)"
140.203.155.9 - - [16/May/2014:03:45:27 +0100] "GET /conference/www/2008/keynote/berners-Lee HTTP/1.1" 303 10472 "-" "SindiceFetcher/sig.ma (http://sindice.com/developers/bot)"
140.203.154.206 - - [16/May/2014:03:45:28 +0100] "GET /sparql?query=DESCRIBE+%3Chttp%3A%2F%2Fdata.semanticweb.org%2Fconference%2Fwww%2F2008%2Fkeynote%2Fberners-Lee%3E HTTP/1.0" 200 2511 "-" "-"
140.203.155.9 - - [16/May/2014:03:45:27 +0100] "GET /conference/www/2008/keynote/berners-Lee/rdf HTTP/1.1" 200 2490 "-" "SindiceFetcher/sig.ma (http://sindice.com/developers/bot)"
140.203.155.9 - - [16/May/2014:03:45:30 +0100] "GET /organization/csail-mit HTTP/1.1" 303 10116 "-" "SindiceFetcher/sig.ma (http://sindice.com/developers/bot)"
140.203.154.206 - - [16/May/2014:03:45:30 +0100] "GET /sparql?query=DESCRIBE+%3Chttp%3A%2F%2Fdata.semanticweb.org%2Forganization%2Fcsail-mit%3E HTTP/1.0" 200 1631 "-" "-"
140.203.155.9 - - [16/May/2014:03:45:30 +0100] "GET /organization/csail-mit/rdf HTTP/1.1" 200 1760 "-" "SindiceFetcher/sig.ma (http://sindice.com/developers/bot)"
140.203.155.9 - - [16/May/2014:03:45:32 +0100] "GET /workshop/ldow/2012 HTTP/1.1" 303 9964 "-" "SindiceFetcher/sig.ma (http://sindice.com/developers/bot)"
140.203.154.206 - - [16/May/2014:03:45:33 +0100] "GET /sparql?query=DESCRIBE+%3Chttp%3A%2F%2Fdata.semanticweb.org%2Fworkshop%2Fldow%2F2012%3E HTTP/1.0" 200 7291 "-" "-"
140.203.155.9 - - [16/May/2014:03:45:33 +0100] "GET /workshop/ldow/2012/rdf HTTP/1.1" 200 6561 "-" "SindiceFetcher/sig.ma (http://sindice.com/developers/bot)"
218.94.142.110 - - [16/May/2014:03:46:03 +0100] "GET /conference/iswc/2003/proceedings/paper-09/author_list HTTP/1.1" 303 10008 "-" "Mozilla/5.0 (compatible; Falconsbot; +http://ws.nju.edu.cn/falcons/)"
140.203.154.206 - - [16/May/2014:03:46:04 +0100] "GET /sparql?query=DESCRIBE+%3Chttp%3A%2F%2Fdata.semanticweb.org%2Fconference%2Fiswc%2F2003%2Fproceedings%2Fpaper-09%2Fauthor_list%3E HTTP/1.0" 200 1074 "-" "-"
218.94.142.110 - - [16/May/2014:03:46:04 +0100] "GET /conference/iswc/2003/proceedings/paper-09/author_list/rdf HTTP/1.1" 200 1280 "-" "Mozilla/5.0 (compatible; Falconsbot; +http://ws.nju.edu.cn/falcons/)"
218.94.142.110 - - [16/May/2014:03:47:01 +0100] "GET /organization/university-at-buffalo-suny HTTP/1.1" 303 10016 "-" "Mozilla/5.0 (compatible; Falconsbot; +http://ws.nju.edu.cn/falcons/)"
140.203.154.206 - - [16/May/2014:03:47:02 +0100] "GET /sparql?query=DESCRIBE+%3Chttp%3A%2F%2Fdata.semanticweb.org%2Forganization%2Funiversity-at-buffalo-suny%3E HTTP/1.0" 200 983 "-" "-"
218.94.142.110 - - [16/May/2014:03:47:02 +0100] "GET /organization/university-at-buffalo-suny/rdf HTTP/1.1" 200 1197 "-" "Mozilla/5.0 (compatible; Falconsbot; +http://ws.nju.edu.cn/falcons/)"
222.239.162.7 - - [16/May/2014:03:47:03 +0100] "GET /robots.txt HTTP/1.1" 200 1641 "http://search.daum.net/" "Mozilla/5.0 (compatible; MSIE or Firefox mutant; not on Windows server; + http://tab.search.daum.net/aboutWebSearch.html) Daumoa/3.0"
222.239.162.7 - - [16/May/2014:03:47:04 +0100] "GET / HTTP/1.1" 200 11484 "http://search.daum.net/" "Mozilla/5.0 (compatible; MSIE or Firefox mutant; not on Windows server; + http://tab.search.daum.net/aboutWebSearch.html) Daumoa/3.0"
68.180.224.172 - - [16/May/2014:03:47:46 +0100] "GET /conference/iswc/2012/proceedings-2/paper-05 HTTP/1.1" 303 10852 "-" "Mozilla/5.0 (compatible; Yahoo! Slurp; http://help.yahoo.com/help/us/ysearch/slurp)"
218.94.142.110 - - [16/May/2014:03:47:52 +0100] "GET /person/liuliu-fu HTTP/1.1" 303 9934 "-" "Mozilla/5.0 (compatible; Falconsbot; +http://ws.nju.edu.cn/falcons/)"
140.203.154.206 - - [16/May/2014:03:47:56 +0100] "GET /sparql?query=DESCRIBE+%3Chttp%3A%2F%2Fdata.semanticweb.org%2Fconference%2Fiswc%2F2012%2Fproceedings-2%2Fpaper-05%3E HTTP/1.0" 200 4764 "-" "-"
68.180.224.172 - - [16/May/2014:03:47:56 +0100] "GET /conference/iswc/2012/proceedings-2/paper-05/rdf HTTP/1.1" 200 4619 "-" "Mozilla/5.0 (compatible; Yahoo! Slurp; http://help.yahoo.com/help/us/ysearch/slurp)"
66.249.76.188 - - [16/May/2014:03:48:12 +0100] "GET /ns/swc/swc_2009-05-09.rdf HTTP/1.1" 304 - "-" "Mozilla/5.0 (compatible; Googlebot/2.1; +http://www.google.com/bot.html)"
93.186.202.244 - - [16/May/2014:03:48:34 +0100] "GET /person/ildefons-magrans-de-abril/html HTTP/1.1" 200 11429 "-" "Mozilla/5.0 (Windows NT 6.1) AppleWebKit/537.22 (KHTML, like Gecko) Chrome/25.0.1364.169 Safari/537.22"
140.203.154.206 - - [16/May/2014:03:49:08 +0100] "GET /sparql?query=DESCRIBE+%3Chttp%3A%2F%2Fdata.semanticweb.org%2Fconference%2Flrec%2F2008%2Fpapers%2F402%3E HTTP/1.0" 200 5116 "-" "-"
157.55.32.84 - - [16/May/2014:03:49:08 +0100] "GET /conference/lrec/2008/papers/402/rdf HTTP/1.1" 200 4952 "-" "Mozilla/5.0 (compatible; bingbot/2.0; +http://www.bing.com/bingbot.htm)"
218.94.142.110 - - [16/May/2014:03:49:20 +0100] "GET /conference/iswc/2004/proceedings/paper-18 HTTP/1.1" 303 10762 "-" "Mozilla/5.0 (compatible; Falconsbot; +http://ws.nju.edu.cn/falcons/)"
140.203.154.206 - - [16/May/2014:03:49:21 +0100] "GET /sparql?query=DESCRIBE+%3Chttp%3A%2F%2Fdata.semanticweb.org%2Fconference%2Fiswc%2F2004%2Fproceedings%2Fpaper-18%3E HTTP/1.0" 200 3702 "-" "-"
218.94.142.110 - - [16/May/2014:03:49:21 +0100] "GET /conference/iswc/2004/proceedings/paper-18/rdf HTTP/1.1" 200 3560 "-" "Mozilla/5.0 (compatible; Falconsbot; +http://ws.nju.edu.cn/falcons/)"
93.118.76.1 - - [16/May/2014:03:50:07 +0100] "GET /person/zongxia-du/html HTTP/1.0" 200 11227 "http://data.semanticweb.org/user/register" "Mozilla/4.0 (compatible; MSIE 6.0; Windows NT 5.1; SV1; FunWebProducts; .NET CLR 1.1.4322; PeoplePal 6.2)"
93.118.76.1 - - [16/May/2014:03:50:11 +0100] "GET /?q=node/add HTTP/1.0" 403 8814 "http://data.semanticweb.org/" "Mozilla/4.0 (compatible; MSIE 6.0; Windows NT 5.1; SV1; FunWebProducts; .NET CLR 1.1.4322; PeoplePal 6.2)"
93.118.76.1 - - [16/May/2014:03:50:12 +0100] "GET /user/register HTTP/1.0" 200 11618 "http://data.semanticweb.org/?q=node/add" "Mozilla/4.0 (compatible; MSIE 6.0; Windows NT 5.1; SV1; FunWebProducts; .NET CLR 1.1.4322; PeoplePal 6.2)"
218.94.142.110 - - [16/May/2014:03:50:27 +0100] "GET /organization/university-of-newcastle HTTP/1.1" 303 10002 "-" "Mozilla/5.0 (compatible; Falconsbot; +http://ws.nju.edu.cn/falcons/)"
140.203.154.206 - - [16/May/2014:03:50:32 +0100] "GET /sparql?query=DESCRIBE+%3Chttp%3A%2F%2Fdata.semanticweb.org%2Forganization%2Funiversity-of-newcastle%3E HTTP/1.0" 200 1013 "-" "-"
218.94.142.110 - - [16/May/2014:03:50:31 +0100] "GET /organization/university-of-newcastle/rdf HTTP/1.1" 200 1229 "-" "Mozilla/5.0 (compatible; Falconsbot; +http://ws.nju.edu.cn/falcons/)"
93.118.77.255 - - [16/May/2014:03:50:47 +0100] "GET /person/zongxia-du/html HTTP/1.0" 200 11227 "http://data.semanticweb.org/user/register" "Mozilla/4.0 (compatible; MSIE 6.0; Windows NT 5.1; SV1; FunWebProducts; .NET CLR 1.1.4322; PeoplePal 6.2)"
93.118.77.255 - - [16/May/2014:03:50:48 +0100] "GET /?q=node/add HTTP/1.0" 403 8814 "http://data.semanticweb.org/" "Mozilla/4.0 (compatible; MSIE 6.0; Windows NT 5.1; SV1; FunWebProducts; .NET CLR 1.1.4322; PeoplePal 6.2)"
93.118.77.255 - - [16/May/2014:03:50:49 +0100] "GET /user/register HTTP/1.0" 200 11618 "http://data.semanticweb.org/?q=node/add" "Mozilla/4.0 (compatible; MSIE 6.0; Windows NT 5.1; SV1; FunWebProducts; .NET CLR 1.1.4322; PeoplePal 6.2)"