140.203.154.206 - - [16/May/2014:01:53:40 +0100] "GET /sparql?query=DESCRIBE+%3Chttp%3A%2F%2Fdata.semanticweb.org%2Fperson%2Fmark-wilkinson%3E HTTP/1.0" 200 2143 "-" "-"
218.94.142.110 - - [16/May/2014:01:53:40 +0100] "GET /person/mark-wilkinson/rdf HTTP/1.1" 200 2203 "-" "Mozilla/5.0 (compatible; Falconsbot; +http://ws.nju.edu.cn/falcons/)"
218.94.142.110 - - [16/May/2014:01:54:01 +0100] "GET /organization/nokia/location HTTP/1.1" 303 9972 "-" "Mozilla/5.0 (compatible; Falconsbot; +http://ws.nju.edu.cn/falcons/)"
140.203.154.206 - - [16/May/2014:01:54:02 +0100] "GET /sparql?query=DESCRIBE+%3Chttp%3A%2F%2Fdata.semanticweb.org%2Forganization%2Fnokia%2Flocation%3E HTTP/1.0" 200 946 "-" "-"
218.94.142.110 - - [16/May/2014:01:54:01 +0100] "GET /organization/nokia/location/rdf HTTP/1.1" 200 1131 "-" "Mozilla/5.0 (compatible; Falconsbot; +http://ws.nju.edu.cn/falcons/)"
5.255.253.50 - - [16/May/2014:01:54:34 +0100] "GET /robots.txt HTTP/1.1" 200 1641 "-" "Mozilla/5.0 (compatible; YandexBot/3.0; +http://yandex.com/bots)"
93.220.117.82 - - [16/May/2014:01:54:36 +0100] "GET /node/230439 HTTP/1.1" 200 11005 "http://data.semanticweb.org/" "Mozilla/5.0 (Macintosh; Intel Mac OS X 10_9_2) AppleWebKit/537.75.14 (KHTML, like Gecko) Version/7.0.3 Safari/537.75.14"
93.220.117.82 - - [16/May/2014:01:54:52 +0100] "POST /node/230439?destination=node%2F230439 HTTP/1.1" 200 11181 "http://data.semanticweb.org/node/230439" "Mozilla/5.0 (Macintosh; Intel Mac OS X 10_9_2) AppleWebKit/537.75.14 (KHTML, like Gecko) Version/7.0.3 Safari/537.75.14"
93.220.117.82 - - [16/May/2014:01:54:57 +0100] "GET /user/password HTTP/1.1" 200 8630 "http://data.semanticweb.org/node/230439?destination=node%2F230439" "Mozilla/5.0 (Macintosh; Intel Mac OS X 10_9_2) AppleWebKit/537.75.14 (KHTML, like Gecko) Version/7.0.3 Safari/537.75.14"
93.220.117.82 - - [16/May/2014:01:54:58 +0100] "GET /sites/default/files/color/garland-e28d12bf/bg-tab.png HTTP/1.1" 200 127 "http://data.semanticweb.org/user/password" "Mozilla/5.0 (Macintosh; Intel Mac OS X 10_9_2) AppleWebKit/537.75.14 (KHTML, like Gecko) Version/7.0.3 Safari/537.75.14"
93.220.117.82 - - [16/May/2014:01:55:06 +0100] "GET /user HTTP/1.1" 200 9711 "http://data.semanticweb.org/user/password" "Mozilla/5.0 (Macintosh; Intel Mac OS X 10_9_2) AppleWebKit/537.75.14 (KHTML, like Gecko) Version/7.0.3 Safari/537.75.14"
213.238.175.76 - - [16/May/2014:01:54:54 +0100] "GET /papers HTTP/1.1" 200 719476 "http://data.semanticweb.org/" "Mozilla/4.0 (compatible; MSIE 6.0; Windows NT 5.1; SV1; FunWebProducts; .NET CLR 1.1.4322; PeoplePal 6.2)"
151.237.186.128 - - [16/May/2014:01:55:11 +0100] "GET /?q=node/add HTTP/1.0" 403 8814 "http://data.semanticweb.org/" "Mozilla/4.0 (compatible; MSIE 6.0; Windows NT 5.1; SV1; FunWebProducts; .NET CLR 1.1.4322; PeoplePal 6.2)"
151.237.186.128 - - [16/May/2014:01:55:12 +0100] "GET /user/register HTTP/1.0" 200 11618 "http://data.semanticweb.org/?q=node/add" "Mozilla/4.0 (compatible; MSIE 6.0; Windows NT 5.1; SV1; FunWebProducts; .NET CLR 1.1.4322; PeoplePal 6.2)"
93.220.117.82 - - [16/May/2014:01:55:20 +0100] "POST /user HTTP/1.1" 200 9859 "http://data.semanticweb.org/user" "Mozilla/5.0 (Macintosh; Intel Mac OS X 10_9_2) AppleWebKit/537.75.14 (KHTML, like Gecko) Version/7.0.3 Safari/537.75.14"
200.0.29.66 - - [16/May/2014:01:55:26 +0100] "GET /person/christian-bizer HTTP/1.1" 303 9958 "-" "Ripple/1.1"
93.220.117.82 - - [16/May/2014:01:55:27 +0100] "POST /user HTTP/1.1" 200 9859 "http://data.semanticweb.org/user" "Mozilla/5.0 (Macintosh; Intel Mac OS X 10_9_2) AppleWebKit/537.75.14 (KHTML, like Gecko) Version/7.0.3 Safari/537.75.14"
140.203.154.206 - - [16/May/2014:01:55:29 +0100] "GET /sparql?query=DESCRIBE+%3Chttp%3A%2F%2Fdata.semanticweb.org%2Fperson%2Fchristian-bizer%3E HTTP/1.0" 200 48785 "-" "-"
200.0.29.66 - - [16/May/2014:01:55:29 +0100] "GET /person/christian-bizer/rdf HTTP/1.1" 200 40123 "-" "Ripple/1.1"
172.245.240.233 - - [16/May/2014:01:55:19 +0100] "GET /papers HTTP/1.0" 200 719476 "http://data.semanticweb.org/user/register" "Mozilla/4.0 (compatible; MSIE 6.0; Windows NT 5.1; SV1; FunWebProducts; .NET CLR 1.1.4322; PeoplePal 6.2)"
93.220.117.82 - - [16/May/2014:01:55:37 +0100] "POST /user HTTP/1.1" 200 9859 "http://data.semanticweb.org/user" "Mozilla/5.0 (Macintosh; Intel Mac OS X 10_9_2) AppleWebKit/537.75.14 (KHTML, like Gecko) Version/7.0.3 Safari/537.75.14"
172.245.240.233 - - [16/May/2014:01:55:37 +0100] "GET /?q=node/add HTTP/1.0" 403 8814 "http://data.semanticweb.org/" "Mozilla/4.0 (compatible; MSIE 6.0; Windows NT 5.1; SV1; FunWebProducts; .NET CLR 1.1.4322; PeoplePal 6.2)"
172.245.240.233 - - [16/May/2014:01:55:39 +0100] "GET /user/register HTTP/1.0" 200 11618 "http://data.semanticweb.org/?q=node/add" "Mozilla/4.0 (compatible; MSIE 6.0; Windows NT 5.1; SV1; FunWebProducts; .NET CLR 1.1.4322; PeoplePal 6.2)"
176.31.45.113 - - [16/May/2014:01:55:40 +0100] "GET /papers HTTP/1.0" 200 719476 "http://data.semanticweb.org/user/register" "Mozilla/4.0 (compatible; MSIE 6.0; Windows NT 5.1; SV1; FunWebProducts; .NET CLR 1.1.4322; PeoplePal 6.2)"
93.220.117.82 - - [16/May/2014:01:55:59 +0100] "POST /user HTTP/1.1" 200 9859 "http://data.semanticweb.org/user" "Mozilla/5.0 (Macintosh; Intel Mac OS X 10_9_2) AppleWebKit/537.75.14 (KHTML, like Gecko) Version/7.0.3 Safari/537.75.14"
176.31.45.113 - - [16/May/2014:01:56:00 +0100] "GET /?q=node/add HTTP/1.0" 403 8814 "http://data.semanticweb.org/" "Mozilla/4.0 (compatible; MSIE 6.0; Windows NT 5.1; SV1; FunWebProducts; .NET CLR 1.1.4322; PeoplePal 6.2)"
176.31.45.113 - - [16/May/2014:01:56:01 +0100] "GET /user/register HTTP/1.0" 200 11618 "http://data.semanticweb.org/?q=node/add" "Mozilla/4.0 (compatible; MSIE 6.0; Windows NT 5.1; SV1; FunWebProducts; .NET CLR 1.1.4322; PeoplePal 6.2)"
93.220.117.82 - - [16/May/2014:01:56:04 +0100] "POST /user HTTP/1.1" 200 9859 "http://data.semanticweb.org/user" "Mozilla/5.0 (Macintosh; Intel Mac OS X 10_9_2) AppleWebKit/537.75.14 (KHTML, like Gecko) Version/7.0.3 Safari/537.75.14"
93.220.117.82 - - [16/May/2014:01:56:10 +0100] "POST /user HTTP/1.1" 200 9859 "http://data.semanticweb.org/user" "Mozilla/5.0 (Macintosh; Intel Mac OS X 10_9_2) AppleWebKit/537.75.14 (KHTML, like Gecko) Version/7.0.3 Safari/537.75.14"
93.220.117.82 - - [16/May/2014:01:56:16 +0100] "POST /user HTTP/1.1" 200 9859 "http://data.semanticweb.org/user" "Mozilla/5.0 (Macintosh; Intel Mac OS X 10_9_2) AppleWebKit/537.75.14 (KHTML, like Gecko) Version/7.0.3 Safari/537.75.14"
200.0.29.66 - - [16/May/2014:01:56:17 +0100] "GET /person/christian-bizer HTTP/1.1" 303 9958 "-" "Ripple/1.1"
140.203.154.206 - - [16/May/2014:01:56:19 +0100] "GET /sparql?query=DESCRIBE+%3Chttp%3A%2F%2Fdata.semanticweb.org%2Fperson%2Fchristian-bizer%3E HTTP/1.0" 200 48785 "-" "-"
88.150.168.121 - - [16/May/2014:01:56:03 +0100] "GET /papers HTTP/1.0" 200 719476 "http://data.semanticweb.org/user/register" "Mozilla/4.0 (compatible; MSIE 6.0; Windows NT 5.1; SV1; FunWebProducts; .NET CLR 1.1.4322; PeoplePal 6.2)"
88.150.168.121 - - [16/May/2014:01:56:20 +0100] "GET /?q=node/add HTTP/1.0" 403 8814 "http://data.semanticweb.org/" "Mozilla/4.0 (compatible; MSIE 6.0; Windows NT 5.1; SV1; FunWebProducts; .NET CLR 1.1.4322; PeoplePal 6.2)"
200.0.29.66 - - [16/May/2014:01:56:18 +0100] "GET /person/christian-bizer/rdf HTTP/1.1" 200 40123 "-" "Ripple/1.1"
88.150.168.121 - - [16/May/2014:01:56:21 +0100] "GET /user/register HTTP/1.0" 200 11618 "http://data.semanticweb.org/?q=node/add" "Mozilla/4.0 (compatible; MSIE 6.0; Windows NT 5.1; SV1; FunWebProducts; .NET CLR 1.1.4322; PeoplePal 6.2)"
66.249.76.188 - - [16/May/2014:01:56:29 +0100] "GET /usewod/2011/ HTTP/1.1" 302 378 "-" "Mozilla/5.0 (compatible; Googlebot/2.1; +http://www.google.com/bot.html)"
66.249.76.188 - - [16/May/2014:01:56:29 +0100] "GET /usewod/index.html HTTP/1.1" 200 1354 "-" "Mozilla/5.0 (compatible; Googlebot/2.1; +http://www.google.com/bot.html)"
93.220.117.82 - - [16/May/2014:01:56:33 +0100] "POST /user HTTP/1.1" 200 9859 "http://data.semanticweb.org/user" "Mozilla/5.0 (Macintosh; Intel Mac OS X 10_9_2) AppleWebKit/537.75.14 (KHTML, like Gecko) Version/7.0.3 Safari/537.75.14"
93.220.117.82 - - [16/May/2014:01:56:42 +0100] "POST /user HTTP/1.1" 200 9859 "http://data.semanticweb.org/user" "Mozilla/5.0 (Macintosh; Intel Mac OS X 10_9_2) AppleWebKit/537.75.14 (KHTML, like Gecko) Version/7.0.3 Safari/537.75.14"
140.203.154.206 - - [16/May/2014:01:56:57 +0100] "GET /sparql?query=DESCRIBE+%3Chttp%3A%2F%2Fdata.semanticweb.org%2Fperson%2Fatsuyuki-morishima%3E HTTP/1.0" 200 3554 "-" "-"
157.55.32.62 - - [16/May/2014:01:56:57 +0100] "GET /person/atsuyuki-morishima/rdf HTTP/1.1" 200 3381 "-" "Mozilla/5.0 (compatible; bingbot/2.0; +http://www.bing.com/bingbot.htm)"
218.94.142.110 - - [16/May/2014:01:57:29 +0100] "GET /person/lisa-swanstrom HTTP/1.1" 303 9954 "-" "Mozilla/5.0 (compatible; Falconsbot; +http://ws.nju.edu.cn/falcons/)"
140.203.154.206 - - [16/May/2014:01:57:30 +0100] "GET /sparql?query=DESCRIBE+%3Chttp%3A%2F%2Fdata.semanticweb.org%2Fperson%2Flisa-swanstrom%3E HTTP/1.0" 200 1889 "-" "-"
218.94.142.110 - - [16/May/2014:01:57:30 +0100] "GET /person/lisa-swanstrom/rdf HTTP/1.1" 200 1945 "-" "Mozilla/5.0 (compatible; Falconsbot; +http://ws.nju.edu.cn/falcons/)"
200.0.29.66 - - [16/May/2014:01:57:31 +0100] "GET /person/christian-bizer HTTP/1.1" 303 9958 "-" "Ripple/1.1"
140.203.154.206 - - [16/May/2014:01:57:33 +0100] "GET /sparql?query=DESCRIBE+%3Chttp%3A%2F%2Fdata.semanticweb.org%2Fperson%2Fchristian-bizer%3E HTTP/1.0" 200 48785 "-" "-"
200.0.29.66 - - [16/May/2014:01:57:33 +0100] "GET /person/christian-bizer/rdf HTTP/1.1" 200 40123 "-" "Ripple/1.1"
66.249.76.188 - - [16/May/2014:01:57:41 +0100] "GET /conference/rr/2008/short/2 HTTP/1.1" 303 10810 "-" "Mozilla/5.0 (iPhone; CPU iPhone OS 6_0 like Mac OS X) AppleWebKit/536.26 (KHTML, like Gecko) Version/6.0 Mobile/10A5376e Safari/8536.25 (compatible; Googlebot/2.1; +http://www.google.com/bot.html)"
140.203.154.206 - - [16/May/2014:01:57:42 +0100] "GET /sparql?query=DESCRIBE+%3Chttp%3A%2F%2Fdata.semanticweb.org%2Fconference%2Frr%2F2008%2Fshort%2F2%3E HTTP/1.0" 200 2013 "-" "-"
66.249.76.188 - - [16/May/2014:01:57:42 +0100] "GET /conference/rr/2008/short/2/rdf HTTP/1.1" 200 2314 "-" "Mozilla/5.0 (iPhone; CPU iPhone OS 6_0 like Mac OS X) AppleWebKit/536.26 (KHTML, like Gecko) Version/6.0 Mobile/10A5376e Safari/8536.25 (compatible; Googlebot/2.1; +http://www.google.com/bot.html)"
184.154.63.6 - - [16/May/2014:01:57:21 +0100] "GET /papers/ HTTP/1.0" 200 719481 "http://www.data.semanticweb.org/" "Mozilla/4.0 (compatible; MSIE 6.0; Windows NT 5.1; SV1; FunWebProducts; .NET CLR 1.1.4322; PeoplePal 6.2)"
162.243.220.153 - - [16/May/2014:01:57:45 +0100] "GET /blog/feed/ HTTP/1.1" 200 11016 "-" "Feedbin - 1 subscribers"
50.115.168.158 - - [16/May/2014:01:57:46 +0100] "GET /conference/iswc/2009/paper/inuse/171/html HTTP/1.0" 200 17645 "http://data.semanticweb.org/" "Mozilla/4.0 (compatible; MSIE 6.0; Windows NT 5.1; SV1; MRA 5.8 (build 4157); .NET CLR 2.0.50727; AskTbPTV/5.11.3.15590)"
184.154.63.6 - - [16/May/2014:01:57:49 +0100] "GET /node/204674 HTTP/1.0" 200 11008 "http://www.data.semanticweb.org/papers/" "Mozilla/4.0 (compatible; MSIE 6.0; Windows NT 5.1; SV1; FunWebProducts; .NET CLR 1.1.4322; PeoplePal 6.2)"
50.115.168.158 - - [16/May/2014:01:57:50 +0100] "GET /?q=node/add HTTP/1.0" 403 8814 "http://data.semanticweb.org/" "Mozilla/4.0 (compatible; MSIE 6.0; Windows NT 5.1; SV1; MRA 5.8 (build 4157); .NET CLR 2.0.50727; AskTbPTV/5.11.3.15590)"
50.115.168.158 - - [16/May/2014:01:57:54 +0100] "GET /user/register HTTP/1.0" 200 11618 "http://data.semanticweb.org/?q=node/add" "Mozilla/4.0 (compatible; MSIE 6.0; Windows NT 5.1; SV1; MRA 5.8 (build 4157); .NET CLR 2.0.50727; AskTbPTV/5.11.3.15590)"
218.94.142.110 - - [16/May/2014:01:58:05 +0100] "GET /organization/saba-software-inc HTTP/1.1" 303 9982 "-" "Mozilla/5.0 (compatible; Falconsbot; +http://ws.nju.edu.cn/falcons/)"
140.203.154.206 - - [16/May/2014:01:58:06 +0100] "GET /sparql?query=DESCRIBE+%3Chttp%3A%2F%2Fdata.semanticweb.org%2Forganization%2Fsaba-software-inc%3E HTTP/1.0" 200 1007 "-" "-"
218.94.142.110 - - [16/May/2014:01:58:06 +0100] "GET /organization/saba-software-inc/rdf HTTP/1.1" 200 1223 "-" "Mozilla/5.0 (compatible; Falconsbot; +http://ws.nju.edu.cn/falcons/)"
192.95.54.32 - - [16/May/2014:01:57:51 +0100] "GET /papers/ HTTP/1.1" 200 719481 "http://www.data.semanticweb.org/" "Mozilla/4.0 (compatible; MSIE 6.0; Windows NT 5.1; SV1; FunWebProducts; .NET CLR 1.1.4322; PeoplePal 6.2)"
198.27.90.11 - - [16/May/2014:01:57:47 +0100] "GET /papers HTTP/1.1" 200 719476 "http://data.semanticweb.org/" "Mozilla/4.0 (compatible; MSIE 6.0; Windows NT 5.1; SV1; FunWebProducts; .NET CLR 1.1.4322; PeoplePal 6.2)"
192.95.54.32 - - [16/May/2014:01:58:12 +0100] "GET /?q=node/add HTTP/1.1" 403 8818 "http://www.data.semanticweb.org/" "Mozilla/4.0 (compatible; MSIE 6.0; Windows NT 5.1; SV1; FunWebProducts; .NET CLR 1.1.4322; PeoplePal 6.2)"
192.95.54.32 - - [16/May/2014:01:58:13 +0100] "GET /user/register HTTP/1.1" 200 11618 "http://www.data.semanticweb.org/?q=node/add" "Mozilla/4.0 (compatible; MSIE 6.0; Windows NT 5.1; SV1; FunWebProducts; .NET CLR 1.1.4322; PeoplePal 6.2)"
192.95.54.32 - - [16/May/2014:01:58:14 +0100] "POST /user/register HTTP/1.1" 200 11809 "http://www.data.semanticweb.org/user/register" "Mozilla/4.0 (compatible; MSIE 6.0; Windows NT 5.1; SV1; FunWebProducts; .NET CLR 1.1.4322; PeoplePal 6.2)"
192.95.54.32 - - [16/May/2014:01:58:15 +0100] "GET /user/register HTTP/1.1" 200 11618 "http://www.data.semanticweb.org/user/register" "Mozilla/4.0 (compatible; MSIE 6.0; Windows NT 5.1; SV1; FunWebProducts; .NET CLR 1.1.4322; PeoplePal 6.2)"
192.95.54.32 - - [16/May/2014:01:58:16 +0100] "GET /?q=node/add HTTP/1.1" 403 8818 "http://www.data.semanticweb.org/" "Mozilla/4.0 (compatible; MSIE 6.0; Windows NT 5.1; SV1; FunWebProducts; .NET CLR 1.1.4322; PeoplePal 6.2)"
192.95.54.32 - - [16/May/2014:01:58:17 +0100] "GET /user/register HTTP/1.1" 200 11618 "http://www.data.semanticweb.org/?q=node/add" "Mozilla/4.0 (compatible; MSIE 6.0; Windows NT 5.1; SV1; FunWebProducts; .NET CLR 1.1.4322; PeoplePal 6.2)"
192.95.54.32 - - [16/May/2014:01:58:19 +0100] "POST /user/register HTTP/1.1" 200 11809 "http://www.data.semanticweb.org/user/register" "Mozilla/4.0 (compatible; MSIE 6.0; Windows NT 5.1; SV1; FunWebProducts; .NET CLR 1.1.4322; PeoplePal 6.2)"
192.95.54.32 - - [16/May/2014:01:58:21 +0100] "GET /user/register HTTP/1.1" 200 11618 "http://www.data.semanticweb.org/user/register" "Mozilla/4.0 (compatible; MSIE 6.0; Windows NT 5.1; SV1; FunWebProducts; .NET CLR 1.1.4322; PeoplePal 6.2)"
192.95.54.32 - - [16/May/2014:01:58:22 +0100] "GET /?q=node/add HTTP/1.1" 403 8818 "http://www.data.semanticweb.org/" "Mozilla/4.0 (compatible; MSIE 6.0; Windows NT 5.1; SV1; FunWebProducts; .NET CLR 1.1.4322; PeoplePal 6.2)"
192.95.54.32 - - [16/May/2014:01:58:22 +0100] "GET /user/register HTTP/1.1" 200 11618 "http://www.data.semanticweb.org/?q=node/add" "Mozilla/4.0 (compatible; MSIE 6.0; Windows NT 5.1; SV1; FunWebProducts; .NET CLR 1.1.4322; PeoplePal 6.2)"
192.95.54.32 - - [16/May/2014:01:58:24 +0100] "POST /user/register HTTP/1.1" 200 11809 "http://www.data.semanticweb.org/user/register" "Mozilla/4.0 (compatible; MSIE 6.0; Windows NT 5.1; SV1; FunWebProducts; .NET CLR 1.1.4322; PeoplePal 6.2)"
192.95.54.32 - - [16/May/2014:01:58:25 +0100] "GET /user/register HTTP/1.1" 200 11618 "http://www.data.semanticweb.org/user/register" "Mozilla/4.0 (compatible; MSIE 6.0; Windows NT 5.1; SV1; FunWebProducts; .NET CLR 1.1.4322; PeoplePal 6.2)"
192.95.54.32 - - [16/May/2014:01:58:26 +0100] "GET /?q=node/add HTTP/1.1" 403 8818 "http://www.data.semanticweb.org/" "Mozilla/4.0 (compatible; MSIE 6.0; Windows NT 5.1; SV1; FunWebProducts; .NET CLR 1.1.4322; PeoplePal 6.2)"
192.95.54.32 - - [16/May/2014:01:58:27 +0100] "GET /user/register HTTP/1.1" 200 11618 "http://www.data.semanticweb.org/?q=node/add" "Mozilla/4.0 (compatible; MSIE 6.0; Windows NT 5.1; SV1; FunWebProducts; .NET CLR 1.1.4322; PeoplePal 6.2)"
192.95.54.32 - - [16/May/2014:01:58:29 +0100] "POST /user/register HTTP/1.1" 200 11810 "http://www.data.semanticweb.org/user/register" "Mozilla/4.0 (compatible; MSIE 6.0; Windows NT 5.1; SV1; FunWebProducts; .NET CLR 1.1.4322; PeoplePal 6.2)"
196.196.20.174 - - [16/May/2014:01:58:58 +0100] "GET /?q=node/add HTTP/1.0" 403 8814 "http://data.semanticweb.org/" "Mozilla/4.0 (compatible; MSIE 6.0; Windows NT 5.1; SV1; FunWebProducts; .NET CLR 1.1.4322; PeoplePal 6.2)"
196.196.20.174 - - [16/May/2014:01:58:59 +0100] "GET /user/register HTTP/1.0" 200 11618 "http://data.semanticweb.org/?q=node/add" "Mozilla/4.0 (compatible; MSIE 6.0; Windows NT 5.1; SV1; FunWebProducts; .NET CLR 1.1.4322; PeoplePal 6.2)"
93.220.117.82 - - [16/May/2014:02:01:07 +0100] "POST /user HTTP/1.1" 200 9859 "http://data.semanticweb.org/user" "Mozilla/5.0 (Macintosh; Intel Mac OS X 10_9_2) AppleWebKit/537.75.14 (KHTML, like Gecko) Version/7.0.3 Safari/537.75.14"
93.220.117.82 - - [16/May/2014:02:01:15 +0100] "POST /user HTTP/1.1" 200 9859 "http://data.semanticweb.org/user" "Mozilla/5.0 (Macintosh; Intel Mac OS X 10_9_2) AppleWebKit/537.75.14 (KHTML, like Gecko) Version/7.0.3 Safari/537.75.14"
93.220.117.82 - - [16/May/2014:02:01:22 +0100] "POST /user HTTP/1.1" 200 9859 "http://data.semanticweb.org/user" "Mozilla/5.0 (Macintosh; Intel Mac OS X 10_9_2) AppleWebKit/537.75.14 (KHTML, like Gecko) Version/7.0.3 Safari/537.75.14"
93.220.117.82 - - [16/May/2014:02:01:28 +0100] "POST /user HTTP/1.1" 200 9859 "http://data.semanticweb.org/user" "Mozilla/5.0 (Macintosh; Intel Mac OS X 10_9_2) AppleWebKit/537.75.14 (KHTML, like Gecko) Version/7.0.3 Safari/537.75.14"
93.220.117.82 - - [16/May/2014:02:01:35 +0100] "POST /user HTTP/1.1" 200 9859 "http://data.semanticweb.org/user" "Mozilla/5.0 (Macintosh; Intel Mac OS X 10_9_2) AppleWebKit/537.75.14 (KHTML, like Gecko) Version/7.0.3 Safari/537.75.14"
93.220.117.82 - - [16/May/2014:02:01:42 +0100] "POST /user HTTP/1.1" 200 9859 "http://data.semanticweb.org/user" "Mozilla/5.0 (Macintosh; Intel Mac OS X 10_9_2) AppleWebKit/537.75.14 (KHTML, like Gecko) Version/7.0.3 Safari/537.75.14"
93.220.117.82 - - [16/May/2014:02:01:50 +0100] "POST /user HTTP/1.1" 200 9859 "http://data.semanticweb.org/user" "Mozilla/5.0 (Macintosh; Intel Mac OS X 10_9_2) AppleWebKit/537.75.14 (KHTML, like Gecko) Version/7.0.3 Safari/537.75.14"
93.220.117.82 - - [16/May/2014:02:01:58 +0100] "POST /user HTTP/1.1" 200 9859 "http://data.semanticweb.org/user" "Mozilla/5.0 (Macintosh; Intel Mac OS X 10_9_2) AppleWebKit/537.75.14 (KHTML, like Gecko) Version/7.0.3 Safari/537.75.14"
93.220.117.82 - - [16/May/2014:02:02:09 +0100] "POST /user HTTP/1.1" 200 9859 "http://data.semanticweb.org/user" "Mozilla/5.0 (Macintosh; Intel Mac OS X 10_9_2) AppleWebKit/537.75.14 (KHTML, like Gecko) Version/7.0.3 Safari/537.75.14"
93.220.117.82 - - [16/May/2014:02:02:15 +0100] "POST /user HTTP/1.1" 200 9859 "http://data.semanticweb.org/user" "Mozilla/5.0 (Macintosh; Intel Mac OS X 10_9_2) AppleWebKit/537.75.14 (KHTML, like Gecko) Version/7.0.3 Safari/537.75.14"
93.220.117.82 - - [16/May/2014:02:02:25 +0100] "POST /user HTTP/1.1" 200 9860 "http://data.semanticweb.org/user" "Mozilla/5.0 (Macintosh; Intel Mac OS X 10_9_2) AppleWebKit/537.75.14 (KHTML, like Gecko) Version/7.0.3 Safari/537.75.14"
66.249.76.188 - - [16/May/2014:02:02:27 +0100] "GET /blog/feed HTTP/1.1" 200 11016 "-" "Mozilla/5.0 (compatible; Googlebot/2.1; +http://www.google.com/bot.html)"
140.203.154.206 - - [16/May/2014:02:02:32 +0100] "GET /sparql?query=DESCRIBE+%3Chttp%3A%2F%2Fdata.semanticweb.org%2Fconference%2Fiswc%2F2009%2Fpaper%2Fposter_demo%2F130%3E HTTP/1.0" 200 3436 "-" "-"
66.249.76.188 - - [16/May/2014:02:02:31 +0100] "GET /conference/iswc/2009/paper/poster_demo/130/rdf HTTP/1.1" 200 3478 "-" "Mozilla/5.0 (compatible; Googlebot/2.1; +http://www.google.com/bot.html)"
93.220.117.82 - - [16/May/2014:02:02:31 +0100] "POST /user HTTP/1.1" 200 9860 "http://data.semanticweb.org/user" "Mozilla/5.0 (Macintosh; Intel Mac OS X 10_9_2) AppleWebKit/537.75.14 (KHTML, like Gecko) Version/7.0.3 Safari/537.75.14"
93.220.117.82 - - [16/May/2014:02:02:42 +0100] "POST /user HTTP/1.1" 200 9860 "http://data.semanticweb.org/user" "Mozilla/5.0 (Macintosh; Intel Mac OS X 10_9_2) AppleWebKit/537.75.14 (KHTML, like Gecko) Version/7.0.3 Safari/537.75.14"
93.220.117.82 - - [16/May/2014:02:02:47 +0100] "POST /user HTTP/1.1" 200 9860 "http://data.semanticweb.org/user" "Mozilla/5.0 (Macintosh; Intel Mac OS X 10_9_2) AppleWebKit/537.75.14 (KHTML, like Gecko) Version/7.0.3 Safari/537.75.14"
93.220.117.82 - - [16/May/2014:02:02:54 +0100] "POST /user HTTP/1.1" 200 9860 "http://data.semanticweb.org/user" "Mozilla/5.0 (Macintosh; Intel Mac OS X 10_9_2) AppleWebKit/537.75.14 (KHTML, like Gecko) Version/7.0.3 Safari/537.75.14"
93.220.117.82 - - [16/May/2014:02:03:00 +0100] "POST /user HTTP/1.1" 200 9860 "http://data.semanticweb.org/user" "Mozilla/5.0 (Macintosh; Intel Mac OS X 10_9_2) AppleWebKit/537.75.14 (KHTML, like Gecko) Version/7.0.3 Safari/537.75.14"
93.220.117.82 - - [16/May/2014:02:03:06 +0100] "POST /user HTTP/1.1" 200 9860 "http://data.semanticweb.org/user" "Mozilla/5.0 (Macintosh; Intel Mac OS X 10_9_2) AppleWebKit/537.75.14 (KHTML, like Gecko) Version/7.0.3 Safari/537.75.14"
200.0.29.66 - - [16/May/2014:02:03:09 +0100] "GET /person/christian-bizer HTTP/1.1" 303 9958 "-" "Ripple/1.1"
140.203.154.206 - - [16/May/2014:02:03:11 +0100] "GET /sparql?query=DESCRIBE+%3Chttp%3A%2F%2Fdata.semanticweb.org%2Fperson%2Fchristian-bizer%3E HTTP/1.0" 200 48785 "-" "-"
93.220.117.82 - - [16/May/2014:02:03:13 +0100] "POST /user HTTP/1.1" 200 9860 "http://data.semanticweb.org/user" "Mozilla/5.0 (Macintosh; Intel Mac OS X 10_9_2) AppleWebKit/537.75.14 (KHTML, like Gecko) Version/7.0.3 Safari/537.75.14"
200.0.29.66 - - [16/May/2014:02:03:11 +0100] "GET /person/christian-bizer/rdf HTTP/1.1" 200 40123 "-" "Ripple/1.1"
93.220.117.82 - - [16/May/2014:02:03:21 +0100] "POST /user HTTP/1.1" 200 9860 "http://data.semanticweb.org/user" "Mozilla/5.0 (Macintosh; Intel Mac OS X 10_9_2) AppleWebKit/537.75.14 (KHTML, like Gecko) Version/7.0.3 Safari/537.75.14"
93.220.117.82 - - [16/May/2014:02:03:26 +0100] "POST /user HTTP/1.1" 200 9860 "http://data.semanticweb.org/user" "Mozilla/5.0 (Macintosh; Intel Mac OS X 10_9_2) AppleWebKit/537.75.14 (KHTML, like Gecko) Version/7.0.3 Safari/537.75.14"
93.186.202.239 - - [16/May/2014:02:03:30 +0100] "GET /person/sergio-fernandez/html HTTP/1.1" 200 13066 "-" "Mozilla/5.0 (compatible; MSIE 10.0; Windows NT 6.1; Trident/5.0)"
93.220.117.82 - - [16/May/2014:02:03:34 +0100] "POST /user HTTP/1.1" 200 9860 "http://data.semanticweb.org/user" "Mozilla/5.0 (Macintosh; Intel Mac OS X 10_9_2) AppleWebKit/537.75.14 (KHTML, like Gecko) Version/7.0.3 Safari/537.75.14"
93.220.117.82 - - [16/May/2014:02:03:40 +0100] "POST /user HTTP/1.1" 200 9860 "http://data.semanticweb.org/user" "Mozilla/5.0 (Macintosh; Intel Mac OS X 10_9_2) AppleWebKit/537.75.14 (KHTML, like Gecko) Version/7.0.3 Safari/537.75.14"
93.220.117.82 - - [16/May/2014:02:03:46 +0100] "POST /user HTTP/1.1" 200 9860 "http://data.semanticweb.org/user" "Mozilla/5.0 (Macintosh; Intel Mac OS X 10_9_2) AppleWebKit/537.75.14 (KHTML, like Gecko) Version/7.0.3 Safari/537.75.14"
93.220.117.82 - - [16/May/2014:02:03:52 +0100] "POST /user HTTP/1.1" 200 9860 "http://data.semanticweb.org/user" "Mozilla/5.0 (Macintosh; Intel Mac OS X 10_9_2) AppleWebKit/537.75.14 (KHTML, like Gecko) Version/7.0.3 Safari/537.75.14"
93.220.117.82 - - [16/May/2014:02:03:59 +0100] "POST /user HTTP/1.1" 200 9860 "http://data.semanticweb.org/user" "Mozilla/5.0 (Macintosh; Intel Mac OS X 10_9_2) AppleWebKit/537.75.14 (KHTML, like Gecko) Version/7.0.3 Safari/537.75.14"
93.220.117.82 - - [16/May/2014:02:04:06 +0100] "POST /user HTTP/1.1" 200 9860 "http://data.semanticweb.org/user" "Mozilla/5.0 (Macintosh; Intel Mac OS X 10_9_2) AppleWebKit/537.75.14 (KHTML, like Gecko) Version/7.0.3 Safari/537.75.14"
93.220.117.82 - - [16/May/2014:02:04:11 +0100] "POST /user HTTP/1.1" 200 9860 "http://data.semanticweb.org/user" "Mozilla/5.0 (Macintosh; Intel Mac OS X 10_9_2) AppleWebKit/537.75.14 (KHTML, like Gecko) Version/7.0.3 Safari/537.75.14"
93.220.117.82 - - [16/May/2014:02:04:15 +0100] "POST /user HTTP/1.1" 200 9860 "http://data.semanticweb.org/user" "Mozilla/5.0 (Macintosh; Intel Mac OS X 10_9_2) AppleWebKit/537.75.14 (KHTML, like Gecko) Version/7.0.3 Safari/537.75.14"
93.220.117.82 - - [16/May/2014:02:04:23 +0100] "POST /user HTTP/1.1" 200 9860 "http://data.semanticweb.org/user" "Mozilla/5.0 (Macintosh; Intel Mac OS X 10_9_2) AppleWebKit/537.75.14 (KHTML, like Gecko) Version/7.0.3 Safari/537.75.14"
93.220.117.82 - - [16/May/2014:02:04:30 +0100] "POST /user HTTP/1.1" 200 9860 "http://data.semanticweb.org/user" "Mozilla/5.0 (Macintosh; Intel Mac OS X 10_9_2) AppleWebKit/537.75.14 (KHTML, like Gecko) Version/7.0.3 Safari/537.75.14"
140.203.154.206 - - [16/May/2014:02:05:32 +0100] "GET /sparql?query=DESCRIBE+%3Chttp%3A%2F%2Fdata.semanticweb.org%2Fworkshop%2Flile%2F2012%2Fpaper%2F26%3E HTTP/1.0" 200 5145 "-" "-"
5.255.253.50 - - [16/May/2014:02:05:32 +0100] "GET /workshop/lile/2012/paper/26/rdf HTTP/1.1" 200 5054 "-" "Mozilla/5.0 (compatible; YandexBot/3.0; +http://yandex.com/bots)"
183.60.214.62 - - [16/May/2014:02:06:09 +0100] "GET /person/german-toro-del-valle HTTP/1.1" 303 9984 "-" "Mozilla/5.0 (compatible; EasouSpider; +http://www.easou.com/search/spider.html)"
93.220.117.82 - - [16/May/2014:02:06:10 +0100] "GET / HTTP/1.1" 200 11484 "-" "Mozilla/5.0 (Macintosh; Intel Mac OS X 10_9_2) AppleWebKit/537.75.14 (KHTML, like Gecko) Version/7.0.3 Safari/537.75.14"
93.220.117.82 - - [16/May/2014:02:06:11 +0100] "GET /person/pieter-de-leenheer/html HTTP/1.1" 200 11741 "-" "Mozilla/5.0 (Macintosh; Intel Mac OS X 10_9_2) AppleWebKit/537.75.14 (KHTML, like Gecko) Version/7.0.3 Safari/537.75.14"
93.220.117.82 - - [16/May/2014:02:06:15 +0100] "GET /phpmyadmin HTTP/1.1" 401 550 "-" "Mozilla/5.0 (Macintosh; Intel Mac OS X 10_9_2) AppleWebKit/537.75.14 (KHTML, like Gecko) Version/7.0.3 Safari/537.75.14"
93.220.117.82 - - [16/May/2014:02:06:16 +0100] "GET /phpmyadmin HTTP/1.1" 401 550 "-" "Mozilla/5.0 (Macintosh; Intel Mac OS X 10_9_2) AppleWebKit/537.75.14 (KHTML, like Gecko) Version/7.0.3 Safari/537.75.14"
66.249.76.188 - - [16/May/2014:02:08:53 +0100] "GET /conference/lrec/2008/papers/400/authors HTTP/1.1" 303 9980 "-" "Mozilla/5.0 (compatible; Googlebot/2.1; +http://www.google.com/bot.html)"
140.203.154.206 - - [16/May/2014:02:08:55 +0100] "GET /sparql?query=DESCRIBE+%3Chttp%3A%2F%2Fdata.semanticweb.org%2Fconference%2Flrec%2F2008%2Fpapers%2F400%2Fauthors%3E HTTP/1.0" 200 1497 "-" "-"
66.249.76.188 - - [16/May/2014:02:08:55 +0100] "GET /conference/lrec/2008/papers/400/authors/rdf HTTP/1.1" 200 1715 "-" "Mozilla/5.0 (compatible; Googlebot/2.1; +http://www.google.com/bot.html)"
218.94.142.110 - - [16/May/2014:02:09:42 +0100] "GET /person/arthur-flexer HTTP/1.1" 303 9950 "-" "Mozilla/5.0 (compatible; Falconsbot; +http://ws.nju.edu.cn/falcons/)"
140.203.154.206 - - [16/May/2014:02:09:43 +0100] "GET /sparql?query=DESCRIBE+%3Chttp%3A%2F%2Fdata.semanticweb.org%2Fperson%2Farthur-flexer%3E HTTP/1.0" 200 1676 "-" "-"
218.94.142.110 - - [16/May/2014:02:09:43 +0100] "GET /person/arthur-flexer/rdf HTTP/1.1" 200 1897 "-" "Mozilla/5.0 (compatible; Falconsbot; +http://ws.nju.edu.cn/falcons/)"
72.14.199.238 - - [16/May/2014:02:09:45 +0100] "GET /blog/feed HTTP/1.1" 200 11016 "-" "Feedfetcher-Google; (+http://www.google.com/feedfetcher.html; 6 subscribers; feed-id=9595032308812512124)"
66.249.76.188 - - [16/May/2014:02:09:45 +0100] "GET /person/jun-zhao HTTP/1.1" 303 9930 "-" "Mozilla/5.0 (compatible; Googlebot/2.1; +http://www.google.com/bot.html)"
140.203.154.206 - - [16/May/2014:02:09:46 +0100] "GET /sparql?query=DESCRIBE+%3Chttp%3A%2F%2Fdata.semanticweb.org%2Fperson%2Fjun-zhao%3E HTTP/1.0" 200 19388 "-" "-"
66.249.76.188 - - [16/May/2014:02:09:46 +0100] "GET /person/jun-zhao/rdf HTTP/1.1" 200 16131 "-" "Mozilla/5.0 (compatible; Googlebot/2.1; +http://www.google.com/bot.html)"
140.203.154.206 - - [16/May/2014:02:10:27 +0100] "GET /sparql?query=DESCRIBE+%3Chttp%3A%2F%2Fdata.semanticweb.org%2Fperson%2Fheiko-hornung%3E HTTP/1.0" 200 1307 "-" "-"
68.180.224.172 - - [16/May/2014:02:10:27 +0100] "GET /person/heiko-hornung/rdf HTTP/1.1" 200 1441 "-" "Mozilla/5.0 (compatible; Yahoo! Slurp; http://help.yahoo.com/help/us/ysearch/slurp)"
68.180.224.172 - - [16/May/2014:02:10:45 +0100] "GET /conference/iswc/2008/paper/research/76 HTTP/1.1" 303 10826 "-" "Mozilla/5.0 (compatible; Yahoo! Slurp; http://help.yahoo.com/help/us/ysearch/slurp)"
140.203.154.206 - - [16/May/2014:02:10:55 +0100] "GET /sparql?query=DESCRIBE+%3Chttp%3A%2F%2Fdata.semanticweb.org%2Fconference%2Fiswc%2F2008%2Fpaper%2Fresearch%2F76%3E HTTP/1.0" 200 4873 "-" "-"
68.180.224.172 - - [16/May/2014:02:10:55 +0100] "GET /conference/iswc/2008/paper/research/76/rdf HTTP/1.1" 200 4712 "-" "Mozilla/5.0 (compatible; Yahoo! Slurp; http://help.yahoo.com/help/us/ysearch/slurp)"
140.203.154.206 - - [16/May/2014:02:11:45 +0100] "GET /sparql?query=DESCRIBE+%3Chttp%3A%2F%2Fdata.semanticweb.org%2Fconference%2Fiswc%2F2001%2Fsession-4a%2Fevent-03%3E HTTP/1.0" 200 1881 "-" "-"
66.249.76.188 - - [16/May/2014:02:11:45 +0100] "GET /conference/iswc/2001/session-4a/event-03/rdf HTTP/1.1" 200 1861 "-" "Mozilla/5.0 (compatible; Googlebot/2.1; +http://www.google.com/bot.html)"
198.27.90.11 - - [16/May/2014:02:11:46 +0100] "GET /papers HTTP/1.1" 200 719476 "http://data.semanticweb.org/" "Mozilla/4.0 (compatible; MSIE 6.0; Windows NT 5.1; SV1; FunWebProducts; .NET CLR 1.1.4322; PeoplePal 6.2)"
93.220.117.82 - - [16/May/2014:02:12:03 +0100] "GET /phpmyadmin HTTP/1.1" 401 550 "-" "Mozilla/5.0 (Macintosh; Intel Mac OS X 10_9_2) AppleWebKit/537.75.14 (KHTML, like Gecko) Version/7.0.3 Safari/537.75.14"
196.196.20.173 - - [16/May/2014:02:12:19 +0100] "GET /?q=node/add HTTP/1.0" 403 8814 "http://data.semanticweb.org/" "Mozilla/4.0 (compatible; MSIE 6.0; Windows NT 5.1; SV1; FunWebProducts; .NET CLR 1.1.4322; PeoplePal 6.2)"
196.196.20.173 - - [16/May/2014:02:12:20 +0100] "GET /user/register HTTP/1.0" 200 11618 "http://data.semanticweb.org/?q=node/add" "Mozilla/4.0 (compatible; MSIE 6.0; Windows NT 5.1; SV1; FunWebProducts; .NET CLR 1.1.4322; PeoplePal 6.2)"
66.249.76.188 - - [16/May/2014:02:12:21 +0100] "GET /organization/universite-du-quebec-en-outaouais HTTP/1.1" 303 10046 "-" "Mozilla/5.0 (iPhone; CPU iPhone OS 6_0 like Mac OS X) AppleWebKit/536.26 (KHTML, like Gecko) Version/6.0 Mobile/10A5376e Safari/8536.25 (compatible; Googlebot/2.1; +http://www.google.com/bot.html)"
162.243.12.30 - - [16/May/2014:02:12:22 +0100] "GET /blog/feed/ HTTP/1.1" 200 11016 "-" "Feed Wrangler/1.0 (1 subscriber; feed-id=187536; http://feedwrangler.net; Allow like Gecko)"
140.203.154.206 - - [16/May/2014:02:12:22 +0100] "GET /sparql?query=DESCRIBE+%3Chttp%3A%2F%2Fdata.semanticweb.org%2Forganization%2Funiversite-du-quebec-en-outaouais%3E HTTP/1.0" 200 1063 "-" "-"
66.249.76.188 - - [16/May/2014:02:12:22 +0100] "GET /organization/universite-du-quebec-en-outaouais/rdf HTTP/1.1" 200 1279 "-" "Mozilla/5.0 (iPhone; CPU iPhone OS 6_0 like Mac OS X) AppleWebKit/536.26 (KHTML, like Gecko) Version/6.0 Mobile/10A5376e Safari/8536.25 (compatible; Googlebot/2.1; +http://www.google.com/bot.html)"
120.198.230.7 - - [16/May/2014:02:12:37 +0100] "GET /conference/iswc-aswc/2007/tracks/research/papers/645/html HTTP/1.1" 200 17546 "http://data.semanticweb.org/" "Mozilla/4.0 (compatible; MSIE 6.0; Windows NT 5.1; SV1; FunWebProducts; .NET CLR 1.1.4322; PeoplePal 6.2)"
218.94.142.110 - - [16/May/2014:02:12:40 +0100] "GET /workshop/semwiki/2010/paper/main/11/authorlist HTTP/1.1" 404 4518 "-" "Mozilla/5.0 (compatible; Falconsbot; +http://ws.nju.edu.cn/falcons/)"
93.220.117.82 - - [16/May/2014:02:13:27 +0100] "GET /phpmyadmin HTTP/1.1" 401 550 "-" "Mozilla/5.0 (Macintosh; Intel Mac OS X 10_9_2) AppleWebKit/537.75.14 (KHTML, like Gecko) Version/7.0.3 Safari/537.75.14"
93.220.117.82 - srvgal67-drupal [16/May/2014:02:13:39 +0100] "GET /phpmyadmin HTTP/1.1" 401 550 "-" "Mozilla/5.0 (Macintosh; Intel Mac OS X 10_9_2) AppleWebKit/537.75.14 (KHTML, like Gecko) Version/7.0.3 Safari/537.75.14"
93.220.117.82 - - [16/May/2014:02:13:42 +0100] "GET /phpmyadmin HTTP/1.1" 401 550 "-" "Mozilla/5.0 (Macintosh; Intel Mac OS X 10_9_2) AppleWebKit/537.75.14 (KHTML, like Gecko) Version/7.0.3 Safari/537.75.14"
68.180.224.172 - - [16/May/2014:02:14:55 +0100] "GET /conference/iswc-aswc/2007/tracks/research/papers/295 HTTP/1.1" 303 10938 "-" "Mozilla/5.0 (compatible; Yahoo! Slurp; http://help.yahoo.com/help/us/ysearch/slurp)"
140.203.154.206 - - [16/May/2014:02:15:05 +0100] "GET /sparql?query=DESCRIBE+%3Chttp%3A%2F%2Fdata.semanticweb.org%2Fconference%2Fiswc-aswc%2F2007%2Ftracks%2Fresearch%2Fpapers%2F295%3E HTTP/1.0" 200 5241 "-" "-"
68.180.224.172 - - [16/May/2014:02:15:05 +0100] "GET /conference/iswc-aswc/2007/tracks/research/papers/295/rdf HTTP/1.1" 200 5090 "-" "Mozilla/5.0 (compatible; Yahoo! Slurp; http://help.yahoo.com/help/us/ysearch/slurp)"
218.94.142.110 - - [16/May/2014:02:15:58 +0100] "GET /conference/lrec/2008/papers/279 HTTP/1.1" 303 10792 "-" "Mozilla/5.0 (compatible; Falconsbot; +http://ws.nju.edu.cn/falcons/)"
140.203.154.206 - - [16/May/2014:02:15:59 +0100] "GET /sparql?query=DESCRIBE+%3Chttp%3A%2F%2Fdata.semanticweb.org%2Fconference%2Flrec%2F2008%2Fpapers%2F279%3E HTTP/1.0" 200 5191 "-" "-"
218.94.142.110 - - [16/May/2014:02:15:58 +0100] "GET /conference/lrec/2008/papers/279/rdf HTTP/1.1" 200 4952 "-" "Mozilla/5.0 (compatible; Falconsbot; +http://ws.nju.edu.cn/falcons/)"
140.203.154.206 - - [16/May/2014:02:16:01 +0100] "GET /sparql?query=DESCRIBE+%3Chttp%3A%2F%2Fdata.semanticweb.org%2Forganization%2F1-1-internet-ag%3E HTTP/1.0" 200 1003 "-" "-"
157.55.33.28 - - [16/May/2014:02:16:01 +0100] "GET /organization/1-1-internet-ag/rdf HTTP/1.1" 200 1235 "-" "Mozilla/5.0 (compatible; bingbot/2.0; +http://www.bing.com/bingbot.htm)"
68.180.224.172 - - [16/May/2014:02:16:14 +0100] "GET /person/cristina-feier HTTP/1.1" 303 9954 "-" "Mozilla/5.0 (compatible; Yahoo! Slurp; http://help.yahoo.com/help/us/ysearch/slurp)"
140.203.154.206 - - [16/May/2014:02:16:24 +0100] "GET /sparql?query=DESCRIBE+%3Chttp%3A%2F%2Fdata.semanticweb.org%2Fperson%2Fcristina-feier%3E HTTP/1.0" 200 4899 "-" "-"
68.180.224.172 - - [16/May/2014:02:16:24 +0100] "GET /person/cristina-feier/rdf HTTP/1.1" 200 4478 "-" "Mozilla/5.0 (compatible; Yahoo! Slurp; http://help.yahoo.com/help/us/ysearch/slurp)"
140.203.154.206 - - [16/May/2014:02:16:30 +0100] "GET /sparql?query=DESCRIBE+%3Chttp%3A%2F%2Fdata.semanticweb.org%2Fconference%2Fisemantics%2F2009%2Fpaper%2Fmain%2F8%3E HTTP/1.0" 200 3422 "-" "-"
5.255.253.50 - - [16/May/2014:02:16:30 +0100] "GET /conference/isemantics/2009/paper/main/8/rdf HTTP/1.1" 200 3421 "-" "Mozilla/5.0 (compatible; YandexBot/3.0; +http://yandex.com/bots)"
200.0.29.66 - - [16/May/2014:02:18:26 +0100] "GET /person/christian-bizer HTTP/1.1" 303 9958 "-" "Ripple/1.1"
140.203.154.206 - - [16/May/2014:02:18:28 +0100] "GET /sparql?query=DESCRIBE+%3Chttp%3A%2F%2Fdata.semanticweb.org%2Fperson%2Fchristian-bizer%3E HTTP/1.0" 200 48785 "-" "-"
200.0.29.66 - - [16/May/2014:02:18:28 +0100] "GET /person/christian-bizer/rdf HTTP/1.1" 200 40123 "-" "Ripple/1.1"
218.94.142.110 - - [16/May/2014:02:18:37 +0100] "GET /person/alan-dix HTTP/1.1" 303 9930 "-" "Mozilla/5.0 (compatible; Falconsbot; +http://ws.nju.edu.cn/falcons/)"
140.203.154.206 - - [16/May/2014:02:18:38 +0100] "GET /sparql?query=DESCRIBE+%3Chttp%3A%2F%2Fdata.semanticweb.org%2Fperson%2Falan-dix%3E HTTP/1.0" 200 2638 "-" "-"
218.94.142.110 - - [16/May/2014:02:18:38 +0100] "GET /person/alan-dix/rdf HTTP/1.1" 200 2529 "-" "Mozilla/5.0 (compatible; Falconsbot; +http://ws.nju.edu.cn/falcons/)"
176.57.143.60 - - [16/May/2014:02:18:51 +0100] "GET /person/guillaume-ereteo HTTP/1.1" 303 9962 "-" "Mozilla/5.0 (Windows NT 5.0; rv:21.0) Gecko/20100101 Firefox/21.0"
176.57.143.60 - - [16/May/2014:02:18:52 +0100] "GET /person/guillaume-ereteo/html HTTP/1.1" 200 12061 "-" "Mozilla/5.0 (Windows NT 5.0; rv:21.0) Gecko/20100101 Firefox/21.0"
200.0.29.66 - - [16/May/2014:02:19:17 +0100] "GET /person/christian-bizer HTTP/1.1" 303 9958 "-" "Ripple/1.1"
140.203.154.206 - - [16/May/2014:02:19:19 +0100] "GET /sparql?query=DESCRIBE+%3Chttp%3A%2F%2Fdata.semanticweb.org%2Fperson%2Fchristian-bizer%3E HTTP/1.0" 200 48785 "-" "-"
200.0.29.66 - - [16/May/2014:02:19:19 +0100] "GET /person/christian-bizer/rdf HTTP/1.1" 200 40123 "-" "Ripple/1.1"
218.94.142.110 - - [16/May/2014:02:19:36 +0100] "GET /conference/dh/2010/abstracts/poster/ab-841 HTTP/1.1" 303 10874 "-" "Mozilla/5.0 (compatible; Falconsbot; +http://ws.nju.edu.cn/falcons/)"
140.203.154.206 - - [16/May/2014:02:19:40 +0100] "GET /sparql?query=DESCRIBE+%3Chttp%3A%2F%2Fdata.semanticweb.org%2Fconference%2Fdh%2F2010%2Fabstracts%2Fposter%2Fab-841%3E HTTP/1.0" 200 2620 "-" "-"
218.94.142.110 - - [16/May/2014:02:19:40 +0100] "GET /conference/dh/2010/abstracts/poster/ab-841/rdf HTTP/1.1" 200 2797 "-" "Mozilla/5.0 (compatible; Falconsbot; +http://ws.nju.edu.cn/falcons/)"
163.13.21.184 - - [16/May/2014:02:20:52 +0100] "GET /conference/iswc/2013/proceedings-2/paper-15 HTTP/1.1" 303 10954 "https://www.google.com.tw/" "Mozilla/5.0 (Windows NT 6.1) AppleWebKit/537.36 (KHTML, like Gecko) Chrome/34.0.1847.137 Safari/537.36"
163.13.21.184 - - [16/May/2014:02:20:53 +0100] "GET /conference/iswc/2013/proceedings-2/paper-15/html HTTP/1.1" 200 16212 "https://www.google.com.tw/" "Mozilla/5.0 (Windows NT 6.1) AppleWebKit/537.36 (KHTML, like Gecko) Chrome/34.0.1847.137 Safari/537.36"
163.13.21.184 - - [16/May/2014:02:20:54 +0100] "GET /modules/book/book.css?j HTTP/1.1" 200 925 "http://data.semanticweb.org/conference/iswc/2013/proceedings-2/paper-15/html" "Mozilla/5.0 (Windows NT 6.1) AppleWebKit/537.36 (KHTML, like Gecko) Chrome/34.0.1847.137 Safari/537.36"
163.13.21.184 - - [16/May/2014:02:20:54 +0100] "GET /modules/node/node.css?j HTTP/1.1" 200 683 "http://data.semanticweb.org/conference/iswc/2013/proceedings-2/paper-15/html" "Mozilla/5.0 (Windows NT 6.1) AppleWebKit/537.36 (KHTML, like Gecko) Chrome/34.0.1847.137 Safari/537.36"
163.13.21.184 - - [16/May/2014:02:20:54 +0100] "GET /modules/system/defaults.css?j HTTP/1.1" 200 695 "http://data.semanticweb.org/conference/iswc/2013/proceedings-2/paper-15/html" "Mozilla/5.0 (Windows NT 6.1) AppleWebKit/537.36 (KHTML, like Gecko) Chrome/34.0.1847.137 Safari/537.36"
163.13.21.184 - - [16/May/2014:02:20:54 +0100] "GET /modules/system/system.css?j HTTP/1.1" 200 9961 "http://data.semanticweb.org/conference/iswc/2013/proceedings-2/paper-15/html" "Mozilla/5.0 (Windows NT 6.1) AppleWebKit/537.36 (KHTML, like Gecko) Chrome/34.0.1847.137 Safari/537.36"
163.13.21.184 - - [16/May/2014:02:20:54 +0100] "GET /modules/user/user.css?j HTTP/1.1" 200 1067 "http://data.semanticweb.org/conference/iswc/2013/proceedings-2/paper-15/html" "Mozilla/5.0 (Windows NT 6.1) AppleWebKit/537.36 (KHTML, like Gecko) Chrome/34.0.1847.137 Safari/537.36"
163.13.21.184 - - [16/May/2014:02:20:54 +0100] "GET /modules/system/system-menus.css?j HTTP/1.1" 200 870 "http://data.semanticweb.org/conference/iswc/2013/proceedings-2/paper-15/html" "Mozilla/5.0 (Windows NT 6.1) AppleWebKit/537.36 (KHTML, like Gecko) Chrome/34.0.1847.137 Safari/537.36"
163.13.21.184 - - [16/May/2014:02:20:54 +0100] "GET /sites/all/modules/cck/theme/content-module.css?j HTTP/1.1" 200 2397 "http://data.semanticweb.org/conference/iswc/2013/proceedings-2/paper-15/html" "Mozilla/5.0 (Windows NT 6.1) AppleWebKit/537.36 (KHTML, like Gecko) Chrome/34.0.1847.137 Safari/537.36"
163.13.21.184 - - [16/May/2014:02:20:54 +0100] "GET /sites/all/modules/mollom/mollom.css?j HTTP/1.1" 200 186 "http://data.semanticweb.org/conference/iswc/2013/proceedings-2/paper-15/html" "Mozilla/5.0 (Windows NT 6.1) AppleWebKit/537.36 (KHTML, like Gecko) Chrome/34.0.1847.137 Safari/537.36"
163.13.21.184 - - [16/May/2014:02:20:54 +0100] "GET /modules/comment/comment.css?j HTTP/1.1" 200 151 "http://data.semanticweb.org/conference/iswc/2013/proceedings-2/paper-15/html" "Mozilla/5.0 (Windows NT 6.1) AppleWebKit/537.36 (KHTML, like Gecko) Chrome/34.0.1847.137 Safari/537.36"
163.13.21.184 - - [16/May/2014:02:20:54 +0100] "GET /modules/openid/openid.css?j HTTP/1.1" 200 870 "http://data.semanticweb.org/conference/iswc/2013/proceedings-2/paper-15/html" "Mozilla/5.0 (Windows NT 6.1) AppleWebKit/537.36 (KHTML, like Gecko) Chrome/34.0.1847.137 Safari/537.36"
163.13.21.184 - - [16/May/2014:02:20:55 +0100] "GET /misc/drupal.js?j HTTP/1.1" 200 9774 "http://data.semanticweb.org/conference/iswc/2013/proceedings-2/paper-15/html" "Mozilla/5.0 (Windows NT 6.1) AppleWebKit/537.36 (KHTML, like Gecko) Chrome/34.0.1847.137 Safari/537.36"
163.13.21.184 - - [16/May/2014:02:20:55 +0100] "GET /sites/all/modules/google_analytics/googleanalytics.js?j HTTP/1.1" 200 2268 "http://data.semanticweb.org/conference/iswc/2013/proceedings-2/paper-15/html" "Mozilla/5.0 (Windows NT 6.1) AppleWebKit/537.36 (KHTML, like Gecko) Chrome/34.0.1847.137 Safari/537.36"
163.13.21.184 - - [16/May/2014:02:20:54 +0100] "GET /sites/default/files/color/garland-e28d12bf/style.css?j HTTP/1.1" 200 18737 "http://data.semanticweb.org/conference/iswc/2013/proceedings-2/paper-15/html" "Mozilla/5.0 (Windows NT 6.1) AppleWebKit/537.36 (KHTML, like Gecko) Chrome/34.0.1847.137 Safari/537.36"
163.13.21.184 - - [16/May/2014:02:20:55 +0100] "GET /sites/all/modules/mollom/mollom.js?j HTTP/1.1" 200 1510 "http://data.semanticweb.org/conference/iswc/2013/proceedings-2/paper-15/html" "Mozilla/5.0 (Windows NT 6.1) AppleWebKit/537.36 (KHTML, like Gecko) Chrome/34.0.1847.137 Safari/537.36"
163.13.21.184 - - [16/May/2014:02:20:55 +0100] "GET /modules/openid/openid.js?j HTTP/1.1" 200 1530 "http://data.semanticweb.org/conference/iswc/2013/proceedings-2/paper-15/html" "Mozilla/5.0 (Windows NT 6.1) AppleWebKit/537.36 (KHTML, like Gecko) Chrome/34.0.1847.137 Safari/537.36"
163.13.21.184 - - [16/May/2014:02:20:55 +0100] "GET /themes/garland/print.css?j HTTP/1.1" 200 1189 "http://data.semanticweb.org/conference/iswc/2013/proceedings-2/paper-15/html" "Mozilla/5.0 (Windows NT 6.1) AppleWebKit/537.36 (KHTML, like Gecko) Chrome/34.0.1847.137 Safari/537.36"
163.13.21.184 - - [16/May/2014:02:20:55 +0100] "GET /sites/all/modules/dogfood/dogfood_inject_xmlns.js?j HTTP/1.1" 404 4518 "http://data.semanticweb.org/conference/iswc/2013/proceedings-2/paper-15/html" "Mozilla/5.0 (Windows NT 6.1) AppleWebKit/537.36 (KHTML, like Gecko) Chrome/34.0.1847.137 Safari/537.36"
163.13.21.184 - - [16/May/2014:02:20:55 +0100] "GET /misc/jquery.js?j HTTP/1.1" 200 31028 "http://data.semanticweb.org/conference/iswc/2013/proceedings-2/paper-15/html" "Mozilla/5.0 (Windows NT 6.1) AppleWebKit/537.36 (KHTML, like Gecko) Chrome/34.0.1847.137 Safari/537.36"
163.13.21.184 - - [16/May/2014:02:20:55 +0100] "GET /images/bones_small.png HTTP/1.1" 200 11048 "http://data.semanticweb.org/conference/iswc/2013/proceedings-2/paper-15/html" "Mozilla/5.0 (Windows NT 6.1) AppleWebKit/537.36 (KHTML, like Gecko) Chrome/34.0.1847.137 Safari/537.36"
163.13.21.184 - - [16/May/2014:02:20:56 +0100] "GET /sites/default/files/color/garland-e28d12bf/bg-navigation.png HTTP/1.1" 200 102 "http://data.semanticweb.org/conference/iswc/2013/proceedings-2/paper-15/html" "Mozilla/5.0 (Windows NT 6.1) AppleWebKit/537.36 (KHTML, like Gecko) Chrome/34.0.1847.137 Safari/537.36"
163.13.21.184 - - [16/May/2014:02:20:56 +0100] "GET /sites/default/files/color/garland-e28d12bf/body.png HTTP/1.1" 200 179 "http://data.semanticweb.org/conference/iswc/2013/proceedings-2/paper-15/html" "Mozilla/5.0 (Windows NT 6.1) AppleWebKit/537.36 (KHTML, like Gecko) Chrome/34.0.1847.137 Safari/537.36"
163.13.21.184 - - [16/May/2014:02:20:56 +0100] "GET /sites/default/files/color/garland-e28d12bf/menu-collapsed.gif HTTP/1.1" 200 176 "http://data.semanticweb.org/conference/iswc/2013/proceedings-2/paper-15/html" "Mozilla/5.0 (Windows NT 6.1) AppleWebKit/537.36 (KHTML, like Gecko) Chrome/34.0.1847.137 Safari/537.36"
163.13.21.184 - - [16/May/2014:02:20:56 +0100] "GET /sites/default/files/color/garland-e28d12bf/menu-leaf.gif HTTP/1.1" 200 175 "http://data.semanticweb.org/conference/iswc/2013/proceedings-2/paper-15/html" "Mozilla/5.0 (Windows NT 6.1) AppleWebKit/537.36 (KHTML, like Gecko) Chrome/34.0.1847.137 Safari/537.36"
163.13.21.184 - - [16/May/2014:02:20:56 +0100] "GET /modules/openid/login-bg.png HTTP/1.1" 200 223 "http://data.semanticweb.org/conference/iswc/2013/proceedings-2/paper-15/html" "Mozilla/5.0 (Windows NT 6.1) AppleWebKit/537.36 (KHTML, like Gecko) Chrome/34.0.1847.137 Safari/537.36"
163.13.21.184 - - [16/May/2014:02:20:56 +0100] "GET /sites/default/files/color/garland-e28d12bf/bg-content-right.png HTTP/1.1" 200 1945 "http://data.semanticweb.org/conference/iswc/2013/proceedings-2/paper-15/html" "Mozilla/5.0 (Windows NT 6.1) AppleWebKit/537.36 (KHTML, like Gecko) Chrome/34.0.1847.137 Safari/537.36"
163.13.21.184 - - [16/May/2014:02:20:56 +0100] "GET /sites/default/files/color/garland-e28d12bf/bg-content.png HTTP/1.1" 200 264 "http://data.semanticweb.org/conference/iswc/2013/proceedings-2/paper-15/html" "Mozilla/5.0 (Windows NT 6.1) AppleWebKit/537.36 (KHTML, like Gecko) Chrome/34.0.1847.137 Safari/537.36"
163.13.21.184 - - [16/May/2014:02:20:57 +0100] "GET /sites/default/files/color/garland-e28d12bf/bg-content-left.png HTTP/1.1" 200 2071 "http://data.semanticweb.org/conference/iswc/2013/proceedings-2/paper-15/html" "Mozilla/5.0 (Windows NT 6.1) AppleWebKit/537.36 (KHTML, like Gecko) Chrome/34.0.1847.137 Safari/537.36"
163.13.21.184 - - [16/May/2014:02:20:57 +0100] "GET /sites/default/files/color/garland-e28d12bf/bg-tab.png HTTP/1.1" 200 127 "http://data.semanticweb.org/conference/iswc/2013/proceedings-2/paper-15/html" "Mozilla/5.0 (Windows NT 6.1) AppleWebKit/537.36 (KHTML, like Gecko) Chrome/34.0.1847.137 Safari/537.36"
163.13.21.184 - - [16/May/2014:02:20:57 +0100] "GET /images/bone_small.ico HTTP/1.1" 200 894 "-" "Mozilla/5.0 (Windows NT 6.1) AppleWebKit/537.36 (KHTML, like Gecko) Chrome/34.0.1847.137 Safari/537.36"
218.94.142.110 - - [16/May/2014:02:21:06 +0100] "GET /conference/iswc/2012/publicity-chair HTTP/1.1" 303 9986 "-" "Mozilla/5.0 (compatible; Falconsbot; +http://ws.nju.edu.cn/falcons/)"
::1 - - [16/May/2014:02:21:14 +0100] "GET /" 400 610 "-" "-"
::1 - - [16/May/2014:02:21:15 +0100] "GET /" 400 610 "-" "-"
66.249.76.188 - - [16/May/2014:02:21:18 +0100] "GET /conference/dc/2010/tutorial/2/tutorial-presenter HTTP/1.1" 303 10016 "-" "Mozilla/5.0 (compatible; Googlebot/2.1; +http://www.google.com/bot.html)"
140.203.154.206 - - [16/May/2014:02:21:19 +0100] "GET /sparql?query=DESCRIBE+%3Chttp%3A%2F%2Fdata.semanticweb.org%2Fconference%2Fdc%2F2010%2Ftutorial%2F2%2Ftutorial-presenter%3E HTTP/1.0" 200 1404 "-" "-"
66.249.76.188 - - [16/May/2014:02:21:19 +0100] "GET /conference/dc/2010/tutorial/2/tutorial-presenter/rdf HTTP/1.1" 200 1470 "-" "Mozilla/5.0 (compatible; Googlebot/2.1; +http://www.google.com/bot.html)"
163.13.21.184 - - [16/May/2014:02:21:59 +0100] "GET /sites/all/modules/dogfood/dogfood_inject_xmlns.js?j HTTP/1.1" 404 4518 "http://data.semanticweb.org/conference/iswc/2013/proceedings-2/paper-15/html" "Mozilla/5.0 (Windows NT 6.1) AppleWebKit/537.36 (KHTML, like Gecko) Chrome/34.0.1847.137 Safari/537.36"
200.0.29.66 - - [16/May/2014:02:22:20 +0100] "GET /person/christian-bizer HTTP/1.1" 303 9958 "-" "Ripple/1.1"
140.203.154.206 - - [16/May/2014:02:22:22 +0100] "GET /sparql?query=DESCRIBE+%3Chttp%3A%2F%2Fdata.semanticweb.org%2Fperson%2Fchristian-bizer%3E HTTP/1.0" 200 48785 "-" "-"
200.0.29.66 - - [16/May/2014:02:22:22 +0100] "GET /person/christian-bizer/rdf HTTP/1.1" 200 40123 "-" "Ripple/1.1"
200.0.29.66 - - [16/May/2014:02:22:26 +0100] "GET /conference/iswc-aswc/2007/tracks/in-use/papers/715 HTTP/1.1" 303 10822 "-" "Ripple/1.1"
140.203.154.206 - - [16/May/2014:02:22:29 +0100] "GET /sparql?query=DESCRIBE+%3Chttp%3A%2F%2Fdata.semanticweb.org%2Fconference%2Fiswc-aswc%2F2007%2Ftracks%2Fin-use%2Fpapers%2F715%3E HTTP/1.0" 200 7781 "-" "-"
200.0.29.66 - - [16/May/2014:02:22:28 +0100] "GET /conference/iswc-aswc/2007/tracks/in-use/papers/715/rdf HTTP/1.1" 200 6801 "-" "Ripple/1.1"
200.0.29.66 - - [16/May/2014:02:22:30 +0100] "GET /conference/eswc/2007/demo-3 HTTP/1.1" 303 10004 "-" "Ripple/1.1"
140.203.154.206 - - [16/May/2014:02:22:33 +0100] "GET /sparql?query=DESCRIBE+%3Chttp%3A%2F%2Fdata.semanticweb.org%2Fconference%2Feswc%2F2007%2Fdemo-3%3E HTTP/1.0" 200 2033 "-" "-"
200.0.29.66 - - [16/May/2014:02:22:33 +0100] "GET /conference/eswc/2007/demo-3/rdf HTTP/1.1" 200 2092 "-" "Ripple/1.1"
200.0.29.66 - - [16/May/2014:02:22:34 +0100] "GET /conference/iswc/2006/paper-24 HTTP/1.1" 303 10780 "-" "Ripple/1.1"
162.243.220.153 - - [16/May/2014:02:22:35 +0100] "GET /blog/feed/ HTTP/1.1" 200 11016 "-" "Feedbin - 1 subscribers"
140.203.154.206 - - [16/May/2014:02:22:36 +0100] "GET /sparql?query=DESCRIBE+%3Chttp%3A%2F%2Fdata.semanticweb.org%2Fconference%2Fiswc%2F2006%2Fpaper-24%3E HTTP/1.0" 200 4252 "-" "-"
200.0.29.66 - - [16/May/2014:02:22:36 +0100] "GET /conference/iswc/2006/paper-24/rdf HTTP/1.1" 200 4205 "-" "Ripple/1.1"
200.0.29.66 - - [16/May/2014:02:22:37 +0100] "GET /workshop/LDOW/2008/paper/6 HTTP/1.1" 303 10752 "-" "Ripple/1.1"
140.203.154.206 - - [16/May/2014:02:22:40 +0100] "GET /sparql?query=DESCRIBE+%3Chttp%3A%2F%2Fdata.semanticweb.org%2Fworkshop%2FLDOW%2F2008%2Fpaper%2F6%3E HTTP/1.0" 200 3461 "-" "-"
200.0.29.66 - - [16/May/2014:02:22:40 +0100] "GET /workshop/LDOW/2008/paper/6/rdf HTTP/1.1" 200 3703 "-" "Ripple/1.1"
200.0.29.66 - - [16/May/2014:02:22:41 +0100] "GET /workshop/ssws/2008/paper/main/4 HTTP/1.1" 303 10816 "-" "Ripple/1.1"
140.203.154.206 - - [16/May/2014:02:22:44 +0100] "GET /sparql?query=DESCRIBE+%3Chttp%3A%2F%2Fdata.semanticweb.org%2Fworkshop%2Fssws%2F2008%2Fpaper%2Fmain%2F4%3E HTTP/1.0" 200 4228 "-" "-"
